<?xml version="1.0" encoding="utf-8"?>
<TestRun id="32658d4d-f034-42cf-9df6-68663957deb3" name="DKSR-EFI-06$@DKSR-EFI-06 2024-01-09 15:41:30" runUser="NT AUTHORITY\NETWORK SERVICE" xmlns="http://microsoft.com/schemas/VisualStudio/TeamTest/2010">
  <Times creation="2024-01-09T15:41:30.1225707+01:00" queuing="2024-01-09T15:41:30.1225707+01:00" start="2024-01-09T15:41:20.1069149+01:00" finish="2024-01-09T15:41:31.6538351+01:00" />
  <TestSettings name="default" id="90f70d87-4b27-419a-a80e-05bdce2cec2b">
    <Deployment runDeploymentRoot="DKSR-EFI-06$_DKSR-EFI-06_2024-01-09_15_41_30" />
  </TestSettings>
  <Results>
    <UnitTestResult executionId="d099f31f-e540-41b2-befd-8d941ac9ace0" testId="3b884967-d8d0-4df7-c2d6-6e329674dab3" testName="ManagementServerWcfHelper_ConfigureCredential_LegacyWindowsNullClientCredential_ThrowException" computerName="DKSR-EFI-06" duration="00:00:00.0003228" startTime="2024-01-09T15:41:30.4975760+01:00" endTime="2024-01-09T15:41:30.4975760+01:00" testType="13cdc9d9-ddb5-4fa4-a97d-d965ccfc6d4b" outcome="Passed" testListId="8c84fa94-04c1-424b-9868-57a2d4851a1d" relativeResultsDirectory="d099f31f-e540-41b2-befd-8d941ac9ace0" />
    <UnitTestResult executionId="27a02b4d-6a05-4a92-9562-6b1fdacf14f7" testId="f599e2ac-b159-2bd5-61ca-1c1df56f3c55" testName="ManagementServerWcfHelper_ConfigureCredential_LegacyWindowsCurrentUserNullPassword_Success" computerName="DKSR-EFI-06" duration="00:00:00.0002624" startTime="2024-01-09T15:41:30.4819490+01:00" endTime="2024-01-09T15:41:30.4819490+01:00" testType="13cdc9d9-ddb5-4fa4-a97d-d965ccfc6d4b" outcome="Passed" testListId="8c84fa94-04c1-424b-9868-57a2d4851a1d" relativeResultsDirectory="27a02b4d-6a05-4a92-9562-6b1fdacf14f7" />
    <UnitTestResult executionId="01815540-28f8-4c91-b6f6-de638b368338" testId="0e8a9888-78cb-f9ea-461d-ec1ac194c346" testName="WebServiceManagerBase_CallWithRetry_MethodFunction_ArgumentNullException" computerName="DKSR-EFI-06" duration="00:00:00.0026763" startTime="2024-01-09T15:41:30.2006974+01:00" endTime="2024-01-09T15:41:30.2006974+01:00" testType="13cdc9d9-ddb5-4fa4-a97d-d965ccfc6d4b" outcome="Passed" testListId="8c84fa94-04c1-424b-9868-57a2d4851a1d" relativeResultsDirectory="01815540-28f8-4c91-b6f6-de638b368338" />
    <UnitTestResult executionId="71a98843-2627-42bf-99fc-b5a588257632" testId="e7662e93-d89a-b923-fa1f-10c2c67809ff" testName="SpnFactory_GetSpn_NotLocalhost" computerName="DKSR-EFI-06" duration="00:00:00.0001726" startTime="2024-01-09T15:41:30.5913230+01:00" endTime="2024-01-09T15:41:30.5913230+01:00" testType="13cdc9d9-ddb5-4fa4-a97d-d965ccfc6d4b" outcome="Passed" testListId="8c84fa94-04c1-424b-9868-57a2d4851a1d" relativeResultsDirectory="71a98843-2627-42bf-99fc-b5a588257632" />
    <UnitTestResult executionId="6b2f30d3-4e48-4f49-9e88-3254ea5f542c" testId="f5aeb169-8d5c-8ae4-c41f-e75c0667f88c" testName="WebServiceManagerBase_Constructor_CurrentUser" computerName="DKSR-EFI-06" duration="00:00:00.3514273" startTime="2024-01-09T15:41:28.6538087+01:00" endTime="2024-01-09T15:41:29.4350653+01:00" testType="13cdc9d9-ddb5-4fa4-a97d-d965ccfc6d4b" outcome="Passed" testListId="8c84fa94-04c1-424b-9868-57a2d4851a1d" relativeResultsDirectory="6b2f30d3-4e48-4f49-9e88-3254ea5f542c" />
    <UnitTestResult executionId="ab7eba62-2998-4149-857b-4de901461b0d" testId="27251ebd-a906-115f-e194-888fdeae78a0" testName="WebServiceManagerBase_ExceptionHandling_Manual_Handler" computerName="DKSR-EFI-06" duration="00:00:00.0028612" startTime="2024-01-09T15:41:30.4194485+01:00" endTime="2024-01-09T15:41:30.4194485+01:00" testType="13cdc9d9-ddb5-4fa4-a97d-d965ccfc6d4b" outcome="Passed" testListId="8c84fa94-04c1-424b-9868-57a2d4851a1d" relativeResultsDirectory="ab7eba62-2998-4149-857b-4de901461b0d" />
    <UnitTestResult executionId="921f0394-a0a0-4fd2-b130-291d7d34f0c1" testId="c5e925e3-a83d-9739-edcd-4b49a31fc387" testName="ManagementServerWcfHelper_ConfigureCredential_LegacyWindowsCurrentUserNullUsername_Success" computerName="DKSR-EFI-06" duration="00:00:00.0001852" startTime="2024-01-09T15:41:30.4819490+01:00" endTime="2024-01-09T15:41:30.4819490+01:00" testType="13cdc9d9-ddb5-4fa4-a97d-d965ccfc6d4b" outcome="Passed" testListId="8c84fa94-04c1-424b-9868-57a2d4851a1d" relativeResultsDirectory="921f0394-a0a0-4fd2-b130-291d7d34f0c1" />
    <UnitTestResult executionId="cee577c9-7e7f-4855-859d-3d6556c57cf9" testId="3b215014-a658-8db2-1568-8beb2bb99c41" testName="WebServiceManagerBase_Initialize_BasicUser" computerName="DKSR-EFI-06" duration="00:00:00.0034529" startTime="2024-01-09T15:41:30.1850719+01:00" endTime="2024-01-09T15:41:30.1850719+01:00" testType="13cdc9d9-ddb5-4fa4-a97d-d965ccfc6d4b" outcome="Passed" testListId="8c84fa94-04c1-424b-9868-57a2d4851a1d" relativeResultsDirectory="cee577c9-7e7f-4855-859d-3d6556c57cf9" />
    <UnitTestResult executionId="b8aec2ac-d9b0-458c-a88f-2d4f7d4e00b5" testId="ae8327f2-968d-1d4d-0555-b5c1cc1b0744" testName="WebServiceManagerBase_Constructor_WindowsUser" computerName="DKSR-EFI-06" duration="00:00:00.0019112" startTime="2024-01-09T15:41:29.6850673+01:00" endTime="2024-01-09T15:41:29.7006936+01:00" testType="13cdc9d9-ddb5-4fa4-a97d-d965ccfc6d4b" outcome="Passed" testListId="8c84fa94-04c1-424b-9868-57a2d4851a1d" relativeResultsDirectory="b8aec2ac-d9b0-458c-a88f-2d4f7d4e00b5" />
    <UnitTestResult executionId="7b1f0bdd-9fcb-4356-8481-7883a3d8c5b7" testId="65e32d54-a78a-06e7-0b2a-a7b33efa75c4" testName="WebServiceManagerBase_Constructor_Token_Unsecure" computerName="DKSR-EFI-06" duration="00:00:00.0017778" startTime="2024-01-09T15:41:29.7163176+01:00" endTime="2024-01-09T15:41:29.7163176+01:00" testType="13cdc9d9-ddb5-4fa4-a97d-d965ccfc6d4b" outcome="Passed" testListId="8c84fa94-04c1-424b-9868-57a2d4851a1d" relativeResultsDirectory="7b1f0bdd-9fcb-4356-8481-7883a3d8c5b7" />
    <UnitTestResult executionId="268d234d-d3d8-4ba1-92e9-eb117cf1df2a" testId="504a2307-b7ce-eaed-530d-2730d9a41e66" testName="WebServiceManagerBase_Initialize_WindowsUser" computerName="DKSR-EFI-06" duration="00:00:00.0013087" startTime="2024-01-09T15:41:30.1850719+01:00" endTime="2024-01-09T15:41:30.1850719+01:00" testType="13cdc9d9-ddb5-4fa4-a97d-d965ccfc6d4b" outcome="Passed" testListId="8c84fa94-04c1-424b-9868-57a2d4851a1d" relativeResultsDirectory="268d234d-d3d8-4ba1-92e9-eb117cf1df2a" />
    <UnitTestResult executionId="195abd26-752b-4ca5-8f07-dde2b82a7d52" testId="fcd02a09-fc7b-8318-dd65-00fb25cec535" testName="WebServiceManagerBase_CallWithRetry_MethodAction_ArgumentNullException" computerName="DKSR-EFI-06" duration="00:00:00.0022081" startTime="2024-01-09T15:41:30.2006974+01:00" endTime="2024-01-09T15:41:30.2006974+01:00" testType="13cdc9d9-ddb5-4fa4-a97d-d965ccfc6d4b" outcome="Passed" testListId="8c84fa94-04c1-424b-9868-57a2d4851a1d" relativeResultsDirectory="195abd26-752b-4ca5-8f07-dde2b82a7d52" />
    <UnitTestResult executionId="41088452-4153-4786-a1cd-c977d54f1215" testId="fcf4d902-43f6-a7d5-a380-fb4c3de428d2" testName="ManagementServerWcfHelper_ConfigureCredential_LegacyBasicNullClientCredential_ThrowException" computerName="DKSR-EFI-06" duration="00:00:00.0003150" startTime="2024-01-09T15:41:30.5131994+01:00" endTime="2024-01-09T15:41:30.5131994+01:00" testType="13cdc9d9-ddb5-4fa4-a97d-d965ccfc6d4b" outcome="Passed" testListId="8c84fa94-04c1-424b-9868-57a2d4851a1d" relativeResultsDirectory="41088452-4153-4786-a1cd-c977d54f1215" />
    <UnitTestResult executionId="4b6234d2-01b5-4a94-92bc-0e9158cda7ba" testId="1a633edc-caab-7ec3-e3d7-31517620e296" testName="ManagementServerWcfHelper_GetEndpointAddress_NonExistentServerAuth" computerName="DKSR-EFI-06" duration="00:00:00.0010818" startTime="2024-01-09T15:41:30.5913230+01:00" endTime="2024-01-09T15:41:30.5913230+01:00" testType="13cdc9d9-ddb5-4fa4-a97d-d965ccfc6d4b" outcome="Passed" testListId="8c84fa94-04c1-424b-9868-57a2d4851a1d" relativeResultsDirectory="4b6234d2-01b5-4a94-92bc-0e9158cda7ba" />
    <UnitTestResult executionId="3352ff29-6c46-4515-8dc9-f38320ada5b3" testId="55014148-0a15-f395-f4f1-8e2df30bce6f" testName="ManagementServerWcfHelper_ConfigureCredential_LegacyWindows_Success" computerName="DKSR-EFI-06" duration="00:00:00.0069886" startTime="2024-01-09T15:41:30.4819490+01:00" endTime="2024-01-09T15:41:30.4975760+01:00" testType="13cdc9d9-ddb5-4fa4-a97d-d965ccfc6d4b" outcome="Passed" testListId="8c84fa94-04c1-424b-9868-57a2d4851a1d" relativeResultsDirectory="3352ff29-6c46-4515-8dc9-f38320ada5b3" />
    <UnitTestResult executionId="63fb5f45-deb4-4fa6-abad-262d58a48dbe" testId="a95bb1bd-eb07-be70-37c8-ade000bafcae" testName="ManagementServerWcfHelper_GetBinding_LegacyWindowsCurrentUser" computerName="DKSR-EFI-06" duration="00:00:00.0048004" startTime="2024-01-09T15:41:30.4506984+01:00" endTime="2024-01-09T15:41:30.4506984+01:00" testType="13cdc9d9-ddb5-4fa4-a97d-d965ccfc6d4b" outcome="Passed" testListId="8c84fa94-04c1-424b-9868-57a2d4851a1d" relativeResultsDirectory="63fb5f45-deb4-4fa6-abad-262d58a48dbe" />
    <UnitTestResult executionId="5739c278-0b6b-49ca-9e3e-a6c02ac7f9a6" testId="23a3d23e-4cc3-5c2c-b48f-a3e09a62fa8d" testName="ManagementServerWcfHelper_GetBinding_OAuthUnsecure" computerName="DKSR-EFI-06" duration="00:00:00.0002533" startTime="2024-01-09T15:41:30.4663225+01:00" endTime="2024-01-09T15:41:30.4663225+01:00" testType="13cdc9d9-ddb5-4fa4-a97d-d965ccfc6d4b" outcome="Passed" testListId="8c84fa94-04c1-424b-9868-57a2d4851a1d" relativeResultsDirectory="5739c278-0b6b-49ca-9e3e-a6c02ac7f9a6" />
    <UnitTestResult executionId="2a830e26-1005-4433-ad07-0824b95c7c3a" testId="61bb9a23-0abb-174e-cc77-8c5cd220ceab" testName="WebServiceManagerBase_Constructor_Token_TokenNull" computerName="DKSR-EFI-06" duration="00:00:00.0007817" startTime="2024-01-09T15:41:29.7319414+01:00" endTime="2024-01-09T15:41:29.7319414+01:00" testType="13cdc9d9-ddb5-4fa4-a97d-d965ccfc6d4b" outcome="Passed" testListId="8c84fa94-04c1-424b-9868-57a2d4851a1d" relativeResultsDirectory="2a830e26-1005-4433-ad07-0824b95c7c3a" />
    <UnitTestResult executionId="f709eb59-960d-46fd-9846-da9c41f63309" testId="0d6c3018-8651-f775-1bcc-e2f4831219ea" testName="WebServiceManagerBase_CallWithRetry_Retry_MessageSecurityException_InnerIdp_NoRetry" computerName="DKSR-EFI-06" duration="00:00:00.0051170" startTime="2024-01-09T15:41:30.3725720+01:00" endTime="2024-01-09T15:41:30.3881985+01:00" testType="13cdc9d9-ddb5-4fa4-a97d-d965ccfc6d4b" outcome="Passed" testListId="8c84fa94-04c1-424b-9868-57a2d4851a1d" relativeResultsDirectory="f709eb59-960d-46fd-9846-da9c41f63309" />
    <UnitTestResult executionId="4912704a-1232-4f79-a541-464ad9f5e7fa" testId="1bbfb0f3-ab23-3029-01e8-54c798ce2b00" testName="ManagementServerWcfHelper_ConfigureCredential_LegacyWindowsNullUsername_ThrowException" computerName="DKSR-EFI-06" duration="00:00:00.0004317" startTime="2024-01-09T15:41:30.4975760+01:00" endTime="2024-01-09T15:41:30.5131994+01:00" testType="13cdc9d9-ddb5-4fa4-a97d-d965ccfc6d4b" outcome="Passed" testListId="8c84fa94-04c1-424b-9868-57a2d4851a1d" relativeResultsDirectory="4912704a-1232-4f79-a541-464ad9f5e7fa" />
    <UnitTestResult executionId="ae1deadd-76ce-4b89-95a8-5ed2b1014168" testId="852e0e6e-a20e-56a1-39f9-cb7c3bc00ac3" testName="WebServiceManagerBase_Constructor_BasicUser" computerName="DKSR-EFI-06" duration="00:00:00.0019976" startTime="2024-01-09T15:41:29.6850673+01:00" endTime="2024-01-09T15:41:29.6850673+01:00" testType="13cdc9d9-ddb5-4fa4-a97d-d965ccfc6d4b" outcome="Passed" testListId="8c84fa94-04c1-424b-9868-57a2d4851a1d" relativeResultsDirectory="ae1deadd-76ce-4b89-95a8-5ed2b1014168" />
    <UnitTestResult executionId="b86a7a19-50cb-4f47-8f7a-0019e7148545" testId="3aa66891-0927-06ff-f572-32558746d1dd" testName="WebServiceManagerBase_Initialize_OAuthUnsecure" computerName="DKSR-EFI-06" duration="00:00:00.0010179" startTime="2024-01-09T15:41:30.1850719+01:00" endTime="2024-01-09T15:41:30.2006974+01:00" testType="13cdc9d9-ddb5-4fa4-a97d-d965ccfc6d4b" outcome="Passed" testListId="8c84fa94-04c1-424b-9868-57a2d4851a1d" relativeResultsDirectory="b86a7a19-50cb-4f47-8f7a-0019e7148545" />
    <UnitTestResult executionId="581d6502-088f-48ce-97fc-5a53e9824e79" testId="c254d256-647a-2bc7-95b3-2f4c4b3935c2" testName="ManagementServerWcfHelper_GetEndpointAddress_LegacyBasic" computerName="DKSR-EFI-06" duration="00:00:00.0002629" startTime="2024-01-09T15:41:30.5288251+01:00" endTime="2024-01-09T15:41:30.5288251+01:00" testType="13cdc9d9-ddb5-4fa4-a97d-d965ccfc6d4b" outcome="Passed" testListId="8c84fa94-04c1-424b-9868-57a2d4851a1d" relativeResultsDirectory="581d6502-088f-48ce-97fc-5a53e9824e79" />
    <UnitTestResult executionId="79564247-59d8-4d60-9ef1-080fd04f84fc" testId="2063c2aa-16ab-ca7d-a163-864058f25498" testName="WebServiceManagerBase_Constructor_Token_Secure" computerName="DKSR-EFI-06" duration="00:00:00.0007021" startTime="2024-01-09T15:41:29.7163176+01:00" endTime="2024-01-09T15:41:29.7319414+01:00" testType="13cdc9d9-ddb5-4fa4-a97d-d965ccfc6d4b" outcome="Passed" testListId="8c84fa94-04c1-424b-9868-57a2d4851a1d" relativeResultsDirectory="79564247-59d8-4d60-9ef1-080fd04f84fc" />
    <UnitTestResult executionId="3d75ec37-37da-46a5-be93-154a95ff1eb0" testId="b3fa6a9d-3bcf-e0ea-143d-ffe3580b1fbf" testName="ManagementServerWcfHelper_GetBinding_LegacyBasic" computerName="DKSR-EFI-06" duration="00:00:00.0004552" startTime="2024-01-09T15:41:30.4663225+01:00" endTime="2024-01-09T15:41:30.4663225+01:00" testType="13cdc9d9-ddb5-4fa4-a97d-d965ccfc6d4b" outcome="Passed" testListId="8c84fa94-04c1-424b-9868-57a2d4851a1d" relativeResultsDirectory="3d75ec37-37da-46a5-be93-154a95ff1eb0" />
    <UnitTestResult executionId="fb0531fd-c072-456e-ab3c-2a4e65b5a6b0" testId="b5986743-9922-08f5-fa11-aec8890e5849" testName="WebServiceManagerBase_CallWithRetry_MethodAction_Success" computerName="DKSR-EFI-06" duration="00:00:00.1280909" startTime="2024-01-09T15:41:30.2006974+01:00" endTime="2024-01-09T15:41:30.3413257+01:00" testType="13cdc9d9-ddb5-4fa4-a97d-d965ccfc6d4b" outcome="Passed" testListId="8c84fa94-04c1-424b-9868-57a2d4851a1d" relativeResultsDirectory="fb0531fd-c072-456e-ab3c-2a4e65b5a6b0" />
    <UnitTestResult executionId="53f9243d-7dd4-4ab3-8b03-0a77e4d3a549" testId="a5fb6c15-79c9-60c2-f754-b9ba01a4a6c3" testName="WebServiceManagerBase_Initialize_OAuthSecure" computerName="DKSR-EFI-06" duration="00:00:00.0012225" startTime="2024-01-09T15:41:30.1850719+01:00" endTime="2024-01-09T15:41:30.1850719+01:00" testType="13cdc9d9-ddb5-4fa4-a97d-d965ccfc6d4b" outcome="Passed" testListId="8c84fa94-04c1-424b-9868-57a2d4851a1d" relativeResultsDirectory="53f9243d-7dd4-4ab3-8b03-0a77e4d3a549" />
    <UnitTestResult executionId="d2185759-fbd8-417f-9824-6ad5074f5cad" testId="f4743cca-e1c7-35b4-e90a-2c2c06210594" testName="WebServiceManagerBase_CallWithRetry_Retry_CommunicationExceptionWithInnerIdentityServerTokenException_NoRetry" computerName="DKSR-EFI-06" duration="00:00:00.0022932" startTime="2024-01-09T15:41:30.3881985+01:00" endTime="2024-01-09T15:41:30.3881985+01:00" testType="13cdc9d9-ddb5-4fa4-a97d-d965ccfc6d4b" outcome="Passed" testListId="8c84fa94-04c1-424b-9868-57a2d4851a1d" relativeResultsDirectory="d2185759-fbd8-417f-9824-6ad5074f5cad" />
    <UnitTestResult executionId="f6963cde-d067-4e1b-b976-be1ebe026236" testId="22f5ea1c-ceb7-4cdb-99e5-c16fb385ccc9" testName="WebServiceManagerBase_Initialize_CurrentUser" computerName="DKSR-EFI-06" duration="00:00:00.4462655" startTime="2024-01-09T15:41:29.7319414+01:00" endTime="2024-01-09T15:41:30.1694487+01:00" testType="13cdc9d9-ddb5-4fa4-a97d-d965ccfc6d4b" outcome="Passed" testListId="8c84fa94-04c1-424b-9868-57a2d4851a1d" relativeResultsDirectory="f6963cde-d067-4e1b-b976-be1ebe026236" />
    <UnitTestResult executionId="014a084f-09c7-483f-8785-ba2f8e1fe8d0" testId="0946643e-22f3-e9fc-13b4-a55730d5cf1a" testName="ManagementServerWcfHelper_ConfigureCredential_LegacyBasicNullUsername_ThrowException" computerName="DKSR-EFI-06" duration="00:00:00.0004060" startTime="2024-01-09T15:41:30.5131994+01:00" endTime="2024-01-09T15:41:30.5131994+01:00" testType="13cdc9d9-ddb5-4fa4-a97d-d965ccfc6d4b" outcome="Passed" testListId="8c84fa94-04c1-424b-9868-57a2d4851a1d" relativeResultsDirectory="014a084f-09c7-483f-8785-ba2f8e1fe8d0" />
    <UnitTestResult executionId="7daee77d-63ae-4937-ae78-75a060261e55" testId="71c8e0fc-fc04-4ed8-d612-1f1d50f9e5ef" testName="WebServiceManagerBase_CallWithRetry_Retry_SecurityNegotiationException_NoRetry" computerName="DKSR-EFI-06" duration="00:00:00.0028995" startTime="2024-01-09T15:41:30.3725720+01:00" endTime="2024-01-09T15:41:30.3725720+01:00" testType="13cdc9d9-ddb5-4fa4-a97d-d965ccfc6d4b" outcome="Passed" testListId="8c84fa94-04c1-424b-9868-57a2d4851a1d" relativeResultsDirectory="7daee77d-63ae-4937-ae78-75a060261e55" />
    <UnitTestResult executionId="c2454dc6-03fb-4cd4-8de7-74ad9f57a830" testId="214ab9f4-3721-4591-db50-390ba9b50adb" testName="ManagementServerWcfHelper_GetBinding_OAuthSecure" computerName="DKSR-EFI-06" duration="00:00:00.0002571" startTime="2024-01-09T15:41:30.4663225+01:00" endTime="2024-01-09T15:41:30.4663225+01:00" testType="13cdc9d9-ddb5-4fa4-a97d-d965ccfc6d4b" outcome="Passed" testListId="8c84fa94-04c1-424b-9868-57a2d4851a1d" relativeResultsDirectory="c2454dc6-03fb-4cd4-8de7-74ad9f57a830" />
    <UnitTestResult executionId="9be02cb1-a2a1-4af8-b954-dfd03457914f" testId="cbae54c5-2e94-b8bf-a5c5-3eb4c950edb5" testName="ManagementServerUrlFactory_LegacyEndpoint_CorrectScheme" computerName="DKSR-EFI-06" duration="00:00:00.0125948" startTime="2024-01-09T15:41:30.4194485+01:00" endTime="2024-01-09T15:41:30.4350751+01:00" testType="13cdc9d9-ddb5-4fa4-a97d-d965ccfc6d4b" outcome="Passed" testListId="8c84fa94-04c1-424b-9868-57a2d4851a1d" relativeResultsDirectory="9be02cb1-a2a1-4af8-b954-dfd03457914f" />
    <UnitTestResult executionId="ea209511-b549-4207-a87b-615300ba1fba" testId="d04747e5-9a44-aaf2-82d0-afed2e329e0b" testName="ManagementServerWcfHelper_ConfigureCredential_LegacyBasic_Success" computerName="DKSR-EFI-06" duration="00:00:00.0031977" startTime="2024-01-09T15:41:30.5131994+01:00" endTime="2024-01-09T15:41:30.5131994+01:00" testType="13cdc9d9-ddb5-4fa4-a97d-d965ccfc6d4b" outcome="Passed" testListId="8c84fa94-04c1-424b-9868-57a2d4851a1d" relativeResultsDirectory="ea209511-b549-4207-a87b-615300ba1fba" />
    <UnitTestResult executionId="074ef714-cfda-49c7-b8d4-0dbe573efc84" testId="c457d864-609e-2fd7-6d20-d69d335734fa" testName="WebServiceManagerBase_CallWithRetry_MethodFunction_Success" computerName="DKSR-EFI-06" duration="00:00:00.0028199" startTime="2024-01-09T15:41:30.3413257+01:00" endTime="2024-01-09T15:41:30.3413257+01:00" testType="13cdc9d9-ddb5-4fa4-a97d-d965ccfc6d4b" outcome="Passed" testListId="8c84fa94-04c1-424b-9868-57a2d4851a1d" relativeResultsDirectory="074ef714-cfda-49c7-b8d4-0dbe573efc84" />
    <UnitTestResult executionId="278bdcef-6789-47a1-8c3c-09154c86bcbc" testId="c83d7024-acd4-4618-c7c0-ce4b53f044cc" testName="Initialize_FactoryIsNull_FactoryIsSet" computerName="DKSR-EFI-06" duration="00:00:00.0190312" startTime="2024-01-09T15:41:30.6069503+01:00" endTime="2024-01-09T15:41:30.6225744+01:00" testType="13cdc9d9-ddb5-4fa4-a97d-d965ccfc6d4b" outcome="Passed" testListId="8c84fa94-04c1-424b-9868-57a2d4851a1d" relativeResultsDirectory="278bdcef-6789-47a1-8c3c-09154c86bcbc" />
    <UnitTestResult executionId="1d9fa536-3fad-453f-841b-777c25b965f1" testId="058ccf36-343e-f8a4-2d8e-5195d43003d3" testName="ManagementServerWcfHelper_ConfigureCredential_LegacyWindowsNullPassword_ThrowException" computerName="DKSR-EFI-06" duration="00:00:00.0004067" startTime="2024-01-09T15:41:30.5131994+01:00" endTime="2024-01-09T15:41:30.5131994+01:00" testType="13cdc9d9-ddb5-4fa4-a97d-d965ccfc6d4b" outcome="Passed" testListId="8c84fa94-04c1-424b-9868-57a2d4851a1d" relativeResultsDirectory="1d9fa536-3fad-453f-841b-777c25b965f1" />
    <UnitTestResult executionId="1df5d4a7-e7fb-4128-b139-f852cac47b12" testId="f4dc2cd7-25f1-2620-14d7-e21534aa2fd0" testName="ManagementServerWcfHelper_ConfigureCredential_LegacyWindowsCurrentUserNullUsernamePassword_Success" computerName="DKSR-EFI-06" duration="00:00:00.0043551" startTime="2024-01-09T15:41:30.4663225+01:00" endTime="2024-01-09T15:41:30.4819490+01:00" testType="13cdc9d9-ddb5-4fa4-a97d-d965ccfc6d4b" outcome="Passed" testListId="8c84fa94-04c1-424b-9868-57a2d4851a1d" relativeResultsDirectory="1df5d4a7-e7fb-4128-b139-f852cac47b12" />
    <UnitTestResult executionId="99ef149e-ecce-4650-9e12-6a8c764f312e" testId="f0d93962-9ac2-80b2-3134-ca5f213e0035" testName="WebServiceManagerBase_ExceptionHandling_Overall_Handler" computerName="DKSR-EFI-06" duration="00:00:00.0060509" startTime="2024-01-09T15:41:30.4038229+01:00" endTime="2024-01-09T15:41:30.4038229+01:00" testType="13cdc9d9-ddb5-4fa4-a97d-d965ccfc6d4b" outcome="Passed" testListId="8c84fa94-04c1-424b-9868-57a2d4851a1d" relativeResultsDirectory="99ef149e-ecce-4650-9e12-6a8c764f312e" />
    <UnitTestResult executionId="58fc21c0-36d5-445c-ba75-abe5c3cb749a" testId="661d4809-df56-de3b-70f4-9df0730c7f23" testName="ManagementServerWcfHelper_GetEndpointAddress_OAuthNonsecure" computerName="DKSR-EFI-06" duration="00:00:00.0001908" startTime="2024-01-09T15:41:30.5913230+01:00" endTime="2024-01-09T15:41:30.5913230+01:00" testType="13cdc9d9-ddb5-4fa4-a97d-d965ccfc6d4b" outcome="Passed" testListId="8c84fa94-04c1-424b-9868-57a2d4851a1d" relativeResultsDirectory="58fc21c0-36d5-445c-ba75-abe5c3cb749a" />
    <UnitTestResult executionId="0f04a441-e4a1-4af9-9cd9-fa7b68255e3f" testId="5b8c592e-bcba-79a1-05fe-8d65aa8331f9" testName="ManagementServerWcfHelper_ConfigureCredential_LegacyWindowsCurrentUserNullClientCredential_ThrowException" computerName="DKSR-EFI-06" duration="00:00:00.0011280" startTime="2024-01-09T15:41:30.4819490+01:00" endTime="2024-01-09T15:41:30.4819490+01:00" testType="13cdc9d9-ddb5-4fa4-a97d-d965ccfc6d4b" outcome="Passed" testListId="8c84fa94-04c1-424b-9868-57a2d4851a1d" relativeResultsDirectory="0f04a441-e4a1-4af9-9cd9-fa7b68255e3f" />
    <UnitTestResult executionId="68002dfd-7277-4d9b-aef3-b4698655f2f2" testId="7ad15d50-6b1a-5f37-ff81-15e62021567f" testName="WebServiceManagerBase_CallWithRetry_Retry_ObjectDisposedException_Success" computerName="DKSR-EFI-06" duration="00:00:00.0035717" startTime="2024-01-09T15:41:30.3569469+01:00" endTime="2024-01-09T15:41:30.3569469+01:00" testType="13cdc9d9-ddb5-4fa4-a97d-d965ccfc6d4b" outcome="Passed" testListId="8c84fa94-04c1-424b-9868-57a2d4851a1d" relativeResultsDirectory="68002dfd-7277-4d9b-aef3-b4698655f2f2" />
    <UnitTestResult executionId="c1302995-d3d0-4082-a44f-469d487e8f98" testId="bf5663e2-96fc-b02a-68fb-c3ca9cca605c" testName="WebServiceManagerBase_CallWithRetry_Retry_FaultException_NoRetry" computerName="DKSR-EFI-06" duration="00:00:00.0068362" startTime="2024-01-09T15:41:30.3725720+01:00" endTime="2024-01-09T15:41:30.3725720+01:00" testType="13cdc9d9-ddb5-4fa4-a97d-d965ccfc6d4b" outcome="Passed" testListId="8c84fa94-04c1-424b-9868-57a2d4851a1d" relativeResultsDirectory="c1302995-d3d0-4082-a44f-469d487e8f98" />
    <UnitTestResult executionId="cad0e45f-4a4b-4b87-beab-834f13461d7d" testId="ad2cd101-e9de-73f7-7dd1-9388cd5dbc7b" testName="WebServiceManagerBase_CallWithRetry_Retry_CommunicationException_Success" computerName="DKSR-EFI-06" duration="00:00:00.0117003" startTime="2024-01-09T15:41:30.3413257+01:00" endTime="2024-01-09T15:41:30.3569469+01:00" testType="13cdc9d9-ddb5-4fa4-a97d-d965ccfc6d4b" outcome="Passed" testListId="8c84fa94-04c1-424b-9868-57a2d4851a1d" relativeResultsDirectory="cad0e45f-4a4b-4b87-beab-834f13461d7d" />
    <UnitTestResult executionId="56a32c7a-5abc-4f2f-8f14-7ca171ee0ad1" testId="10da0836-323e-7559-1cec-599818240865" testName="WebServiceManagerBase_CallWithRetry_Retry_EndpointNotFoundException_Retry" computerName="DKSR-EFI-06" duration="00:00:00.0021194" startTime="2024-01-09T15:41:30.3881985+01:00" endTime="2024-01-09T15:41:30.3881985+01:00" testType="13cdc9d9-ddb5-4fa4-a97d-d965ccfc6d4b" outcome="Passed" testListId="8c84fa94-04c1-424b-9868-57a2d4851a1d" relativeResultsDirectory="56a32c7a-5abc-4f2f-8f14-7ca171ee0ad1" />
    <UnitTestResult executionId="4f1cee1a-7c8e-4c15-97c8-fffd2b2560ab" testId="f20345f4-0ccf-bb67-d76b-0f14bac098d0" testName="WebServiceManagerBase_Constructor_User_UserName_Null" computerName="DKSR-EFI-06" duration="00:00:00.0067484" startTime="2024-01-09T15:41:29.7006936+01:00" endTime="2024-01-09T15:41:29.7006936+01:00" testType="13cdc9d9-ddb5-4fa4-a97d-d965ccfc6d4b" outcome="Passed" testListId="8c84fa94-04c1-424b-9868-57a2d4851a1d" relativeResultsDirectory="4f1cee1a-7c8e-4c15-97c8-fffd2b2560ab" />
    <UnitTestResult executionId="6ca8de14-ffad-4602-a64d-cc4aeb979b8e" testId="2ef55bec-f5c1-b4c0-8380-a597edee66e2" testName="ManagementServerWcfHelper_GetEndpointAddress_LegacyWindows" computerName="DKSR-EFI-06" duration="00:00:00.0474815" startTime="2024-01-09T15:41:30.5288251+01:00" endTime="2024-01-09T15:41:30.5756991+01:00" testType="13cdc9d9-ddb5-4fa4-a97d-d965ccfc6d4b" outcome="Passed" testListId="8c84fa94-04c1-424b-9868-57a2d4851a1d" relativeResultsDirectory="6ca8de14-ffad-4602-a64d-cc4aeb979b8e" />
    <UnitTestResult executionId="f2c9d627-d59f-4d6c-b413-35c6a566e9cc" testId="c908d8e8-2438-04db-a0e0-67533ab91b11" testName="ManagementServerWcfHelper_GetEndpointAddress_OAuthSecure" computerName="DKSR-EFI-06" duration="00:00:00.0001946" startTime="2024-01-09T15:41:30.5756991+01:00" endTime="2024-01-09T15:41:30.5756991+01:00" testType="13cdc9d9-ddb5-4fa4-a97d-d965ccfc6d4b" outcome="Passed" testListId="8c84fa94-04c1-424b-9868-57a2d4851a1d" relativeResultsDirectory="f2c9d627-d59f-4d6c-b413-35c6a566e9cc" />
    <UnitTestResult executionId="46358d7b-f126-4a57-8502-c86b6df072e7" testId="87ffa1c4-ac48-03ca-4642-af3a8feedc2b" testName="ManagementServerWcfHelper_ConfigureCredential_LegacyWindowsWithDomain_Success" computerName="DKSR-EFI-06" duration="00:00:00.0005610" startTime="2024-01-09T15:41:30.4975760+01:00" endTime="2024-01-09T15:41:30.4975760+01:00" testType="13cdc9d9-ddb5-4fa4-a97d-d965ccfc6d4b" outcome="Passed" testListId="8c84fa94-04c1-424b-9868-57a2d4851a1d" relativeResultsDirectory="46358d7b-f126-4a57-8502-c86b6df072e7" />
    <UnitTestResult executionId="65c1dda6-a76d-48c3-bacd-1e00d9699a53" testId="698dddba-19a1-c74d-b57e-e145461a60b8" testName="WebServiceManagerBase_Constructor_User_Password_Null" computerName="DKSR-EFI-06" duration="00:00:00.0008123" startTime="2024-01-09T15:41:29.7006936+01:00" endTime="2024-01-09T15:41:29.7006936+01:00" testType="13cdc9d9-ddb5-4fa4-a97d-d965ccfc6d4b" outcome="Passed" testListId="8c84fa94-04c1-424b-9868-57a2d4851a1d" relativeResultsDirectory="65c1dda6-a76d-48c3-bacd-1e00d9699a53" />
    <UnitTestResult executionId="33a2d71d-a115-4758-98ae-9a5d6d081fba" testId="36de7592-463f-47f7-983d-c5f5eecbe17d" testName="ManagementServerWcfHelper_ConfigureCredential_LegacyBasicNullPassword_ThrowException" computerName="DKSR-EFI-06" duration="00:00:00.0004157" startTime="2024-01-09T15:41:30.5288251+01:00" endTime="2024-01-09T15:41:30.5288251+01:00" testType="13cdc9d9-ddb5-4fa4-a97d-d965ccfc6d4b" outcome="Passed" testListId="8c84fa94-04c1-424b-9868-57a2d4851a1d" relativeResultsDirectory="33a2d71d-a115-4758-98ae-9a5d6d081fba" />
    <UnitTestResult executionId="ceaecf84-8839-49d0-b40e-d6818f1186f6" testId="ffb44ac4-938a-32ba-75a0-091497d8af06" testName="ManagementServerWcfHelper_GetBinding_LegacyWindows" computerName="DKSR-EFI-06" duration="00:00:00.0002563" startTime="2024-01-09T15:41:30.4506984+01:00" endTime="2024-01-09T15:41:30.4506984+01:00" testType="13cdc9d9-ddb5-4fa4-a97d-d965ccfc6d4b" outcome="Passed" testListId="8c84fa94-04c1-424b-9868-57a2d4851a1d" relativeResultsDirectory="ceaecf84-8839-49d0-b40e-d6818f1186f6" />
    <UnitTestResult executionId="11faab29-c3b1-4a05-8041-2c48109a640a" testId="9839b810-cf39-0a9f-fc16-86e9b230c9d9" testName="ManagementServerWcfHelper_GetBinding_NonExistentServerAuth" computerName="DKSR-EFI-06" duration="00:00:00.0022984" startTime="2024-01-09T15:41:30.4663225+01:00" endTime="2024-01-09T15:41:30.4663225+01:00" testType="13cdc9d9-ddb5-4fa4-a97d-d965ccfc6d4b" outcome="Passed" testListId="8c84fa94-04c1-424b-9868-57a2d4851a1d" relativeResultsDirectory="11faab29-c3b1-4a05-8041-2c48109a640a" />
    <UnitTestResult executionId="1ab02856-b395-41b2-9967-4714a7ddfb49" testId="6b09f188-1d85-7471-47b5-8d443de27ab4" testName="WebServiceManagerBase_CallWithRetry_Retry_CommunicationExceptionWithInnerIdpException_NoRetry" computerName="DKSR-EFI-06" duration="00:00:00.0029047" startTime="2024-01-09T15:41:30.4038229+01:00" endTime="2024-01-09T15:41:30.4038229+01:00" testType="13cdc9d9-ddb5-4fa4-a97d-d965ccfc6d4b" outcome="Passed" testListId="8c84fa94-04c1-424b-9868-57a2d4851a1d" relativeResultsDirectory="1ab02856-b395-41b2-9967-4714a7ddfb49" />
    <UnitTestResult executionId="7ffa6ed7-21d6-4ba9-98b2-20245834e033" testId="89c46a30-f165-8104-083a-52f425e60046" testName="ManagementServerUrlFactory_OauthEndpoint_CorrectScheme" computerName="DKSR-EFI-06" duration="00:00:00.0005978" startTime="2024-01-09T15:41:30.4350751+01:00" endTime="2024-01-09T15:41:30.4506984+01:00" testType="13cdc9d9-ddb5-4fa4-a97d-d965ccfc6d4b" outcome="Passed" testListId="8c84fa94-04c1-424b-9868-57a2d4851a1d" relativeResultsDirectory="7ffa6ed7-21d6-4ba9-98b2-20245834e033" />
    <UnitTestResult executionId="82752e45-d170-469e-9fb0-9e72d893e8e5" testId="9585d6bc-56eb-698b-3a16-a729500d8a93" testName="ProxyClientFactory_CreateService_WithTokenCache" computerName="DKSR-EFI-06" duration="00:00:00.2245590" startTime="2024-01-09T15:41:30.7319509+01:00" endTime="2024-01-09T15:41:30.9507022+01:00" testType="13cdc9d9-ddb5-4fa4-a97d-d965ccfc6d4b" outcome="Passed" testListId="8c84fa94-04c1-424b-9868-57a2d4851a1d" relativeResultsDirectory="82752e45-d170-469e-9fb0-9e72d893e8e5" />
    <UnitTestResult executionId="f5196ee8-b4f2-47ee-920c-54059e955f08" testId="f0a6b858-f8e7-5df8-f607-10274d56bfe9" testName="SpnFactory_GetSpn_ArgumentNullException" computerName="DKSR-EFI-06" duration="00:00:00.0006862" startTime="2024-01-09T15:41:30.5913230+01:00" endTime="2024-01-09T15:41:30.5913230+01:00" testType="13cdc9d9-ddb5-4fa4-a97d-d965ccfc6d4b" outcome="Passed" testListId="8c84fa94-04c1-424b-9868-57a2d4851a1d" relativeResultsDirectory="f5196ee8-b4f2-47ee-920c-54059e955f08" />
    <UnitTestResult executionId="ea31b02d-a660-4d61-90cd-1527ea0b519f" testId="211f2ba6-9227-d868-4d19-f97687042449" testName="SpnFactory_GetSpn_Localhost" computerName="DKSR-EFI-06" duration="00:00:00.0003475" startTime="2024-01-09T15:41:30.5913230+01:00" endTime="2024-01-09T15:41:30.5913230+01:00" testType="13cdc9d9-ddb5-4fa4-a97d-d965ccfc6d4b" outcome="Passed" testListId="8c84fa94-04c1-424b-9868-57a2d4851a1d" relativeResultsDirectory="ea31b02d-a660-4d61-90cd-1527ea0b519f" />
    <UnitTestResult executionId="43f867f4-70f0-446e-9908-39b55a8638d8" testId="c560296b-50a2-51d5-e7f1-4e6f2e3766c0" testName="ManagementServerWcfHelper_GetEndpointAddress_LegacyWindowsCurrentUser" computerName="DKSR-EFI-06" duration="00:00:00.0002138" startTime="2024-01-09T15:41:30.5756991+01:00" endTime="2024-01-09T15:41:30.5756991+01:00" testType="13cdc9d9-ddb5-4fa4-a97d-d965ccfc6d4b" outcome="Passed" testListId="8c84fa94-04c1-424b-9868-57a2d4851a1d" relativeResultsDirectory="43f867f4-70f0-446e-9908-39b55a8638d8" />
  </Results>
  <TestDefinitions>
    <UnitTest name="WebServiceManagerBase_ExceptionHandling_Overall_Handler" storage="d:\actions-runner\_work\xpco\xpco\common\videoos.webservice.common\tst\videoos.webservice.common.unittests\bin\debug\net47\videoos.webservice.common.unittests.dll" id="f0d93962-9ac2-80b2-3134-ca5f213e0035">
      <Execution id="99ef149e-ecce-4650-9e12-6a8c764f312e" />
      <TestMethod codeBase="D:\actions-runner\_work\XPCO\XPCO\Common\VideoOS.Webservice.Common\tst\VideoOS.WebService.Common.UnitTests\bin\Debug\net47\VideoOS.WebService.Common.UnitTests.dll" adapterTypeName="executor://mstestadapter/v2" className="VideoOS.WebService.Common.UnitTests.WebServiceManagerBaseTest" name="WebServiceManagerBase_ExceptionHandling_Overall_Handler" />
    </UnitTest>
    <UnitTest name="ManagementServerWcfHelper_ConfigureCredential_LegacyWindowsCurrentUserNullClientCredential_ThrowException" storage="d:\actions-runner\_work\xpco\xpco\common\videoos.webservice.common\tst\videoos.webservice.common.unittests\bin\debug\net47\videoos.webservice.common.unittests.dll" id="5b8c592e-bcba-79a1-05fe-8d65aa8331f9">
      <Execution id="0f04a441-e4a1-4af9-9cd9-fa7b68255e3f" />
      <TestMethod codeBase="D:\actions-runner\_work\XPCO\XPCO\Common\VideoOS.Webservice.Common\tst\VideoOS.WebService.Common.UnitTests\bin\Debug\net47\VideoOS.WebService.Common.UnitTests.dll" adapterTypeName="executor://mstestadapter/v2" className="VideoOS.WebService.Common.UnitTests.Framework.ManagementServerWcfHelperTest" name="ManagementServerWcfHelper_ConfigureCredential_LegacyWindowsCurrentUserNullClientCredential_ThrowException" />
    </UnitTest>
    <UnitTest name="WebServiceManagerBase_CallWithRetry_MethodAction_Success" storage="d:\actions-runner\_work\xpco\xpco\common\videoos.webservice.common\tst\videoos.webservice.common.unittests\bin\debug\net47\videoos.webservice.common.unittests.dll" id="b5986743-9922-08f5-fa11-aec8890e5849">
      <Execution id="fb0531fd-c072-456e-ab3c-2a4e65b5a6b0" />
      <TestMethod codeBase="D:\actions-runner\_work\XPCO\XPCO\Common\VideoOS.Webservice.Common\tst\VideoOS.WebService.Common.UnitTests\bin\Debug\net47\VideoOS.WebService.Common.UnitTests.dll" adapterTypeName="executor://mstestadapter/v2" className="VideoOS.WebService.Common.UnitTests.WebServiceManagerBaseTest" name="WebServiceManagerBase_CallWithRetry_MethodAction_Success" />
    </UnitTest>
    <UnitTest name="ManagementServerWcfHelper_ConfigureCredential_LegacyWindowsCurrentUserNullUsername_Success" storage="d:\actions-runner\_work\xpco\xpco\common\videoos.webservice.common\tst\videoos.webservice.common.unittests\bin\debug\net47\videoos.webservice.common.unittests.dll" id="c5e925e3-a83d-9739-edcd-4b49a31fc387">
      <Execution id="921f0394-a0a0-4fd2-b130-291d7d34f0c1" />
      <TestMethod codeBase="D:\actions-runner\_work\XPCO\XPCO\Common\VideoOS.Webservice.Common\tst\VideoOS.WebService.Common.UnitTests\bin\Debug\net47\VideoOS.WebService.Common.UnitTests.dll" adapterTypeName="executor://mstestadapter/v2" className="VideoOS.WebService.Common.UnitTests.Framework.ManagementServerWcfHelperTest" name="ManagementServerWcfHelper_ConfigureCredential_LegacyWindowsCurrentUserNullUsername_Success" />
    </UnitTest>
    <UnitTest name="WebServiceManagerBase_Constructor_Token_Unsecure" storage="d:\actions-runner\_work\xpco\xpco\common\videoos.webservice.common\tst\videoos.webservice.common.unittests\bin\debug\net47\videoos.webservice.common.unittests.dll" id="65e32d54-a78a-06e7-0b2a-a7b33efa75c4">
      <Execution id="7b1f0bdd-9fcb-4356-8481-7883a3d8c5b7" />
      <TestMethod codeBase="D:\actions-runner\_work\XPCO\XPCO\Common\VideoOS.Webservice.Common\tst\VideoOS.WebService.Common.UnitTests\bin\Debug\net47\VideoOS.WebService.Common.UnitTests.dll" adapterTypeName="executor://mstestadapter/v2" className="VideoOS.WebService.Common.UnitTests.WebServiceManagerBaseTest" name="WebServiceManagerBase_Constructor_Token_Unsecure" />
    </UnitTest>
    <UnitTest name="WebServiceManagerBase_CallWithRetry_Retry_FaultException_NoRetry" storage="d:\actions-runner\_work\xpco\xpco\common\videoos.webservice.common\tst\videoos.webservice.common.unittests\bin\debug\net47\videoos.webservice.common.unittests.dll" id="bf5663e2-96fc-b02a-68fb-c3ca9cca605c">
      <Execution id="c1302995-d3d0-4082-a44f-469d487e8f98" />
      <TestMethod codeBase="D:\actions-runner\_work\XPCO\XPCO\Common\VideoOS.Webservice.Common\tst\VideoOS.WebService.Common.UnitTests\bin\Debug\net47\VideoOS.WebService.Common.UnitTests.dll" adapterTypeName="executor://mstestadapter/v2" className="VideoOS.WebService.Common.UnitTests.WebServiceManagerBaseTest" name="WebServiceManagerBase_CallWithRetry_Retry_FaultException_NoRetry" />
    </UnitTest>
    <UnitTest name="ManagementServerWcfHelper_ConfigureCredential_LegacyWindows_Success" storage="d:\actions-runner\_work\xpco\xpco\common\videoos.webservice.common\tst\videoos.webservice.common.unittests\bin\debug\net47\videoos.webservice.common.unittests.dll" id="55014148-0a15-f395-f4f1-8e2df30bce6f">
      <Execution id="3352ff29-6c46-4515-8dc9-f38320ada5b3" />
      <TestMethod codeBase="D:\actions-runner\_work\XPCO\XPCO\Common\VideoOS.Webservice.Common\tst\VideoOS.WebService.Common.UnitTests\bin\Debug\net47\VideoOS.WebService.Common.UnitTests.dll" adapterTypeName="executor://mstestadapter/v2" className="VideoOS.WebService.Common.UnitTests.Framework.ManagementServerWcfHelperTest" name="ManagementServerWcfHelper_ConfigureCredential_LegacyWindows_Success" />
    </UnitTest>
    <UnitTest name="ManagementServerWcfHelper_GetBinding_NonExistentServerAuth" storage="d:\actions-runner\_work\xpco\xpco\common\videoos.webservice.common\tst\videoos.webservice.common.unittests\bin\debug\net47\videoos.webservice.common.unittests.dll" id="9839b810-cf39-0a9f-fc16-86e9b230c9d9">
      <Execution id="11faab29-c3b1-4a05-8041-2c48109a640a" />
      <TestMethod codeBase="D:\actions-runner\_work\XPCO\XPCO\Common\VideoOS.Webservice.Common\tst\VideoOS.WebService.Common.UnitTests\bin\Debug\net47\VideoOS.WebService.Common.UnitTests.dll" adapterTypeName="executor://mstestadapter/v2" className="VideoOS.WebService.Common.UnitTests.Framework.ManagementServerWcfHelperTest" name="ManagementServerWcfHelper_GetBinding_NonExistentServerAuth" />
    </UnitTest>
    <UnitTest name="ManagementServerWcfHelper_GetBinding_LegacyWindowsCurrentUser" storage="d:\actions-runner\_work\xpco\xpco\common\videoos.webservice.common\tst\videoos.webservice.common.unittests\bin\debug\net47\videoos.webservice.common.unittests.dll" id="a95bb1bd-eb07-be70-37c8-ade000bafcae">
      <Execution id="63fb5f45-deb4-4fa6-abad-262d58a48dbe" />
      <TestMethod codeBase="D:\actions-runner\_work\XPCO\XPCO\Common\VideoOS.Webservice.Common\tst\VideoOS.WebService.Common.UnitTests\bin\Debug\net47\VideoOS.WebService.Common.UnitTests.dll" adapterTypeName="executor://mstestadapter/v2" className="VideoOS.WebService.Common.UnitTests.Framework.ManagementServerWcfHelperTest" name="ManagementServerWcfHelper_GetBinding_LegacyWindowsCurrentUser" />
    </UnitTest>
    <UnitTest name="ManagementServerWcfHelper_ConfigureCredential_LegacyBasicNullUsername_ThrowException" storage="d:\actions-runner\_work\xpco\xpco\common\videoos.webservice.common\tst\videoos.webservice.common.unittests\bin\debug\net47\videoos.webservice.common.unittests.dll" id="0946643e-22f3-e9fc-13b4-a55730d5cf1a">
      <Execution id="014a084f-09c7-483f-8785-ba2f8e1fe8d0" />
      <TestMethod codeBase="D:\actions-runner\_work\XPCO\XPCO\Common\VideoOS.Webservice.Common\tst\VideoOS.WebService.Common.UnitTests\bin\Debug\net47\VideoOS.WebService.Common.UnitTests.dll" adapterTypeName="executor://mstestadapter/v2" className="VideoOS.WebService.Common.UnitTests.Framework.ManagementServerWcfHelperTest" name="ManagementServerWcfHelper_ConfigureCredential_LegacyBasicNullUsername_ThrowException" />
    </UnitTest>
    <UnitTest name="ManagementServerWcfHelper_GetEndpointAddress_LegacyWindowsCurrentUser" storage="d:\actions-runner\_work\xpco\xpco\common\videoos.webservice.common\tst\videoos.webservice.common.unittests\bin\debug\net47\videoos.webservice.common.unittests.dll" id="c560296b-50a2-51d5-e7f1-4e6f2e3766c0">
      <Execution id="43f867f4-70f0-446e-9908-39b55a8638d8" />
      <TestMethod codeBase="D:\actions-runner\_work\XPCO\XPCO\Common\VideoOS.Webservice.Common\tst\VideoOS.WebService.Common.UnitTests\bin\Debug\net47\VideoOS.WebService.Common.UnitTests.dll" adapterTypeName="executor://mstestadapter/v2" className="VideoOS.WebService.Common.UnitTests.Framework.ManagementServerWcfHelperTest" name="ManagementServerWcfHelper_GetEndpointAddress_LegacyWindowsCurrentUser" />
    </UnitTest>
    <UnitTest name="WebServiceManagerBase_CallWithRetry_Retry_CommunicationExceptionWithInnerIdpException_NoRetry" storage="d:\actions-runner\_work\xpco\xpco\common\videoos.webservice.common\tst\videoos.webservice.common.unittests\bin\debug\net47\videoos.webservice.common.unittests.dll" id="6b09f188-1d85-7471-47b5-8d443de27ab4">
      <Execution id="1ab02856-b395-41b2-9967-4714a7ddfb49" />
      <TestMethod codeBase="D:\actions-runner\_work\XPCO\XPCO\Common\VideoOS.Webservice.Common\tst\VideoOS.WebService.Common.UnitTests\bin\Debug\net47\VideoOS.WebService.Common.UnitTests.dll" adapterTypeName="executor://mstestadapter/v2" className="VideoOS.WebService.Common.UnitTests.WebServiceManagerBaseTest" name="WebServiceManagerBase_CallWithRetry_Retry_CommunicationExceptionWithInnerIdpException_NoRetry" />
    </UnitTest>
    <UnitTest name="ManagementServerWcfHelper_GetEndpointAddress_OAuthSecure" storage="d:\actions-runner\_work\xpco\xpco\common\videoos.webservice.common\tst\videoos.webservice.common.unittests\bin\debug\net47\videoos.webservice.common.unittests.dll" id="c908d8e8-2438-04db-a0e0-67533ab91b11">
      <Execution id="f2c9d627-d59f-4d6c-b413-35c6a566e9cc" />
      <TestMethod codeBase="D:\actions-runner\_work\XPCO\XPCO\Common\VideoOS.Webservice.Common\tst\VideoOS.WebService.Common.UnitTests\bin\Debug\net47\VideoOS.WebService.Common.UnitTests.dll" adapterTypeName="executor://mstestadapter/v2" className="VideoOS.WebService.Common.UnitTests.Framework.ManagementServerWcfHelperTest" name="ManagementServerWcfHelper_GetEndpointAddress_OAuthSecure" />
    </UnitTest>
    <UnitTest name="WebServiceManagerBase_Constructor_Token_Secure" storage="d:\actions-runner\_work\xpco\xpco\common\videoos.webservice.common\tst\videoos.webservice.common.unittests\bin\debug\net47\videoos.webservice.common.unittests.dll" id="2063c2aa-16ab-ca7d-a163-864058f25498">
      <Execution id="79564247-59d8-4d60-9ef1-080fd04f84fc" />
      <TestMethod codeBase="D:\actions-runner\_work\XPCO\XPCO\Common\VideoOS.Webservice.Common\tst\VideoOS.WebService.Common.UnitTests\bin\Debug\net47\VideoOS.WebService.Common.UnitTests.dll" adapterTypeName="executor://mstestadapter/v2" className="VideoOS.WebService.Common.UnitTests.WebServiceManagerBaseTest" name="WebServiceManagerBase_Constructor_Token_Secure" />
    </UnitTest>
    <UnitTest name="ManagementServerWcfHelper_GetBinding_LegacyWindows" storage="d:\actions-runner\_work\xpco\xpco\common\videoos.webservice.common\tst\videoos.webservice.common.unittests\bin\debug\net47\videoos.webservice.common.unittests.dll" id="ffb44ac4-938a-32ba-75a0-091497d8af06">
      <Execution id="ceaecf84-8839-49d0-b40e-d6818f1186f6" />
      <TestMethod codeBase="D:\actions-runner\_work\XPCO\XPCO\Common\VideoOS.Webservice.Common\tst\VideoOS.WebService.Common.UnitTests\bin\Debug\net47\VideoOS.WebService.Common.UnitTests.dll" adapterTypeName="executor://mstestadapter/v2" className="VideoOS.WebService.Common.UnitTests.Framework.ManagementServerWcfHelperTest" name="ManagementServerWcfHelper_GetBinding_LegacyWindows" />
    </UnitTest>
    <UnitTest name="WebServiceManagerBase_Constructor_User_UserName_Null" storage="d:\actions-runner\_work\xpco\xpco\common\videoos.webservice.common\tst\videoos.webservice.common.unittests\bin\debug\net47\videoos.webservice.common.unittests.dll" id="f20345f4-0ccf-bb67-d76b-0f14bac098d0">
      <Execution id="4f1cee1a-7c8e-4c15-97c8-fffd2b2560ab" />
      <TestMethod codeBase="D:\actions-runner\_work\XPCO\XPCO\Common\VideoOS.Webservice.Common\tst\VideoOS.WebService.Common.UnitTests\bin\Debug\net47\VideoOS.WebService.Common.UnitTests.dll" adapterTypeName="executor://mstestadapter/v2" className="VideoOS.WebService.Common.UnitTests.WebServiceManagerBaseTest" name="WebServiceManagerBase_Constructor_User_UserName_Null" />
    </UnitTest>
    <UnitTest name="ManagementServerWcfHelper_GetBinding_OAuthUnsecure" storage="d:\actions-runner\_work\xpco\xpco\common\videoos.webservice.common\tst\videoos.webservice.common.unittests\bin\debug\net47\videoos.webservice.common.unittests.dll" id="23a3d23e-4cc3-5c2c-b48f-a3e09a62fa8d">
      <Execution id="5739c278-0b6b-49ca-9e3e-a6c02ac7f9a6" />
      <TestMethod codeBase="D:\actions-runner\_work\XPCO\XPCO\Common\VideoOS.Webservice.Common\tst\VideoOS.WebService.Common.UnitTests\bin\Debug\net47\VideoOS.WebService.Common.UnitTests.dll" adapterTypeName="executor://mstestadapter/v2" className="VideoOS.WebService.Common.UnitTests.Framework.ManagementServerWcfHelperTest" name="ManagementServerWcfHelper_GetBinding_OAuthUnsecure" />
    </UnitTest>
    <UnitTest name="WebServiceManagerBase_Constructor_Token_TokenNull" storage="d:\actions-runner\_work\xpco\xpco\common\videoos.webservice.common\tst\videoos.webservice.common.unittests\bin\debug\net47\videoos.webservice.common.unittests.dll" id="61bb9a23-0abb-174e-cc77-8c5cd220ceab">
      <Execution id="2a830e26-1005-4433-ad07-0824b95c7c3a" />
      <TestMethod codeBase="D:\actions-runner\_work\XPCO\XPCO\Common\VideoOS.Webservice.Common\tst\VideoOS.WebService.Common.UnitTests\bin\Debug\net47\VideoOS.WebService.Common.UnitTests.dll" adapterTypeName="executor://mstestadapter/v2" className="VideoOS.WebService.Common.UnitTests.WebServiceManagerBaseTest" name="WebServiceManagerBase_Constructor_Token_TokenNull" />
    </UnitTest>
    <UnitTest name="WebServiceManagerBase_Initialize_BasicUser" storage="d:\actions-runner\_work\xpco\xpco\common\videoos.webservice.common\tst\videoos.webservice.common.unittests\bin\debug\net47\videoos.webservice.common.unittests.dll" id="3b215014-a658-8db2-1568-8beb2bb99c41">
      <Execution id="cee577c9-7e7f-4855-859d-3d6556c57cf9" />
      <TestMethod codeBase="D:\actions-runner\_work\XPCO\XPCO\Common\VideoOS.Webservice.Common\tst\VideoOS.WebService.Common.UnitTests\bin\Debug\net47\VideoOS.WebService.Common.UnitTests.dll" adapterTypeName="executor://mstestadapter/v2" className="VideoOS.WebService.Common.UnitTests.WebServiceManagerBaseTest" name="WebServiceManagerBase_Initialize_BasicUser" />
    </UnitTest>
    <UnitTest name="ManagementServerWcfHelper_GetEndpointAddress_OAuthNonsecure" storage="d:\actions-runner\_work\xpco\xpco\common\videoos.webservice.common\tst\videoos.webservice.common.unittests\bin\debug\net47\videoos.webservice.common.unittests.dll" id="661d4809-df56-de3b-70f4-9df0730c7f23">
      <Execution id="58fc21c0-36d5-445c-ba75-abe5c3cb749a" />
      <TestMethod codeBase="D:\actions-runner\_work\XPCO\XPCO\Common\VideoOS.Webservice.Common\tst\VideoOS.WebService.Common.UnitTests\bin\Debug\net47\VideoOS.WebService.Common.UnitTests.dll" adapterTypeName="executor://mstestadapter/v2" className="VideoOS.WebService.Common.UnitTests.Framework.ManagementServerWcfHelperTest" name="ManagementServerWcfHelper_GetEndpointAddress_OAuthNonsecure" />
    </UnitTest>
    <UnitTest name="ProxyClientFactory_CreateService_WithTokenCache" storage="d:\actions-runner\_work\xpco\xpco\common\videoos.webservice.common\tst\videoos.webservice.common.unittests\bin\debug\net47\videoos.webservice.common.unittests.dll" id="9585d6bc-56eb-698b-3a16-a729500d8a93">
      <Execution id="82752e45-d170-469e-9fb0-9e72d893e8e5" />
      <TestMethod codeBase="D:\actions-runner\_work\XPCO\XPCO\Common\VideoOS.Webservice.Common\tst\VideoOS.WebService.Common.UnitTests\bin\Debug\net47\VideoOS.WebService.Common.UnitTests.dll" adapterTypeName="executor://mstestadapter/v2" className="VideoOS.WebService.Common.UnitTests.Framework.ChannelFactory.ProxyClientFactoryTests" name="ProxyClientFactory_CreateService_WithTokenCache" />
    </UnitTest>
    <UnitTest name="WebServiceManagerBase_Initialize_OAuthSecure" storage="d:\actions-runner\_work\xpco\xpco\common\videoos.webservice.common\tst\videoos.webservice.common.unittests\bin\debug\net47\videoos.webservice.common.unittests.dll" id="a5fb6c15-79c9-60c2-f754-b9ba01a4a6c3">
      <Execution id="53f9243d-7dd4-4ab3-8b03-0a77e4d3a549" />
      <TestMethod codeBase="D:\actions-runner\_work\XPCO\XPCO\Common\VideoOS.Webservice.Common\tst\VideoOS.WebService.Common.UnitTests\bin\Debug\net47\VideoOS.WebService.Common.UnitTests.dll" adapterTypeName="executor://mstestadapter/v2" className="VideoOS.WebService.Common.UnitTests.WebServiceManagerBaseTest" name="WebServiceManagerBase_Initialize_OAuthSecure" />
    </UnitTest>
    <UnitTest name="WebServiceManagerBase_CallWithRetry_Retry_MessageSecurityException_InnerIdp_NoRetry" storage="d:\actions-runner\_work\xpco\xpco\common\videoos.webservice.common\tst\videoos.webservice.common.unittests\bin\debug\net47\videoos.webservice.common.unittests.dll" id="0d6c3018-8651-f775-1bcc-e2f4831219ea">
      <Execution id="f709eb59-960d-46fd-9846-da9c41f63309" />
      <TestMethod codeBase="D:\actions-runner\_work\XPCO\XPCO\Common\VideoOS.Webservice.Common\tst\VideoOS.WebService.Common.UnitTests\bin\Debug\net47\VideoOS.WebService.Common.UnitTests.dll" adapterTypeName="executor://mstestadapter/v2" className="VideoOS.WebService.Common.UnitTests.WebServiceManagerBaseTest" name="WebServiceManagerBase_CallWithRetry_Retry_MessageSecurityException_InnerIdp_NoRetry" />
    </UnitTest>
    <UnitTest name="ManagementServerWcfHelper_GetEndpointAddress_LegacyWindows" storage="d:\actions-runner\_work\xpco\xpco\common\videoos.webservice.common\tst\videoos.webservice.common.unittests\bin\debug\net47\videoos.webservice.common.unittests.dll" id="2ef55bec-f5c1-b4c0-8380-a597edee66e2">
      <Execution id="6ca8de14-ffad-4602-a64d-cc4aeb979b8e" />
      <TestMethod codeBase="D:\actions-runner\_work\XPCO\XPCO\Common\VideoOS.Webservice.Common\tst\VideoOS.WebService.Common.UnitTests\bin\Debug\net47\VideoOS.WebService.Common.UnitTests.dll" adapterTypeName="executor://mstestadapter/v2" className="VideoOS.WebService.Common.UnitTests.Framework.ManagementServerWcfHelperTest" name="ManagementServerWcfHelper_GetEndpointAddress_LegacyWindows" />
    </UnitTest>
    <UnitTest name="WebServiceManagerBase_Initialize_WindowsUser" storage="d:\actions-runner\_work\xpco\xpco\common\videoos.webservice.common\tst\videoos.webservice.common.unittests\bin\debug\net47\videoos.webservice.common.unittests.dll" id="504a2307-b7ce-eaed-530d-2730d9a41e66">
      <Execution id="268d234d-d3d8-4ba1-92e9-eb117cf1df2a" />
      <TestMethod codeBase="D:\actions-runner\_work\XPCO\XPCO\Common\VideoOS.Webservice.Common\tst\VideoOS.WebService.Common.UnitTests\bin\Debug\net47\VideoOS.WebService.Common.UnitTests.dll" adapterTypeName="executor://mstestadapter/v2" className="VideoOS.WebService.Common.UnitTests.WebServiceManagerBaseTest" name="WebServiceManagerBase_Initialize_WindowsUser" />
    </UnitTest>
    <UnitTest name="ManagementServerWcfHelper_GetEndpointAddress_NonExistentServerAuth" storage="d:\actions-runner\_work\xpco\xpco\common\videoos.webservice.common\tst\videoos.webservice.common.unittests\bin\debug\net47\videoos.webservice.common.unittests.dll" id="1a633edc-caab-7ec3-e3d7-31517620e296">
      <Execution id="4b6234d2-01b5-4a94-92bc-0e9158cda7ba" />
      <TestMethod codeBase="D:\actions-runner\_work\XPCO\XPCO\Common\VideoOS.Webservice.Common\tst\VideoOS.WebService.Common.UnitTests\bin\Debug\net47\VideoOS.WebService.Common.UnitTests.dll" adapterTypeName="executor://mstestadapter/v2" className="VideoOS.WebService.Common.UnitTests.Framework.ManagementServerWcfHelperTest" name="ManagementServerWcfHelper_GetEndpointAddress_NonExistentServerAuth" />
    </UnitTest>
    <UnitTest name="ManagementServerWcfHelper_ConfigureCredential_LegacyWindowsCurrentUserNullUsernamePassword_Success" storage="d:\actions-runner\_work\xpco\xpco\common\videoos.webservice.common\tst\videoos.webservice.common.unittests\bin\debug\net47\videoos.webservice.common.unittests.dll" id="f4dc2cd7-25f1-2620-14d7-e21534aa2fd0">
      <Execution id="1df5d4a7-e7fb-4128-b139-f852cac47b12" />
      <TestMethod codeBase="D:\actions-runner\_work\XPCO\XPCO\Common\VideoOS.Webservice.Common\tst\VideoOS.WebService.Common.UnitTests\bin\Debug\net47\VideoOS.WebService.Common.UnitTests.dll" adapterTypeName="executor://mstestadapter/v2" className="VideoOS.WebService.Common.UnitTests.Framework.ManagementServerWcfHelperTest" name="ManagementServerWcfHelper_ConfigureCredential_LegacyWindowsCurrentUserNullUsernamePassword_Success" />
    </UnitTest>
    <UnitTest name="SpnFactory_GetSpn_Localhost" storage="d:\actions-runner\_work\xpco\xpco\common\videoos.webservice.common\tst\videoos.webservice.common.unittests\bin\debug\net47\videoos.webservice.common.unittests.dll" id="211f2ba6-9227-d868-4d19-f97687042449">
      <Execution id="ea31b02d-a660-4d61-90cd-1527ea0b519f" />
      <TestMethod codeBase="D:\actions-runner\_work\XPCO\XPCO\Common\VideoOS.Webservice.Common\tst\VideoOS.WebService.Common.UnitTests\bin\Debug\net47\VideoOS.WebService.Common.UnitTests.dll" adapterTypeName="executor://mstestadapter/v2" className="VideoOS.WebService.Common.UnitTests.Framework.SpnFactoryTests" name="SpnFactory_GetSpn_Localhost" />
    </UnitTest>
    <UnitTest name="WebServiceManagerBase_Initialize_OAuthUnsecure" storage="d:\actions-runner\_work\xpco\xpco\common\videoos.webservice.common\tst\videoos.webservice.common.unittests\bin\debug\net47\videoos.webservice.common.unittests.dll" id="3aa66891-0927-06ff-f572-32558746d1dd">
      <Execution id="b86a7a19-50cb-4f47-8f7a-0019e7148545" />
      <TestMethod codeBase="D:\actions-runner\_work\XPCO\XPCO\Common\VideoOS.Webservice.Common\tst\VideoOS.WebService.Common.UnitTests\bin\Debug\net47\VideoOS.WebService.Common.UnitTests.dll" adapterTypeName="executor://mstestadapter/v2" className="VideoOS.WebService.Common.UnitTests.WebServiceManagerBaseTest" name="WebServiceManagerBase_Initialize_OAuthUnsecure" />
    </UnitTest>
    <UnitTest name="WebServiceManagerBase_CallWithRetry_Retry_CommunicationExceptionWithInnerIdentityServerTokenException_NoRetry" storage="d:\actions-runner\_work\xpco\xpco\common\videoos.webservice.common\tst\videoos.webservice.common.unittests\bin\debug\net47\videoos.webservice.common.unittests.dll" id="f4743cca-e1c7-35b4-e90a-2c2c06210594">
      <Execution id="d2185759-fbd8-417f-9824-6ad5074f5cad" />
      <TestMethod codeBase="D:\actions-runner\_work\XPCO\XPCO\Common\VideoOS.Webservice.Common\tst\VideoOS.WebService.Common.UnitTests\bin\Debug\net47\VideoOS.WebService.Common.UnitTests.dll" adapterTypeName="executor://mstestadapter/v2" className="VideoOS.WebService.Common.UnitTests.WebServiceManagerBaseTest" name="WebServiceManagerBase_CallWithRetry_Retry_CommunicationExceptionWithInnerIdentityServerTokenException_NoRetry" />
    </UnitTest>
    <UnitTest name="WebServiceManagerBase_CallWithRetry_MethodFunction_ArgumentNullException" storage="d:\actions-runner\_work\xpco\xpco\common\videoos.webservice.common\tst\videoos.webservice.common.unittests\bin\debug\net47\videoos.webservice.common.unittests.dll" id="0e8a9888-78cb-f9ea-461d-ec1ac194c346">
      <Execution id="01815540-28f8-4c91-b6f6-de638b368338" />
      <TestMethod codeBase="D:\actions-runner\_work\XPCO\XPCO\Common\VideoOS.Webservice.Common\tst\VideoOS.WebService.Common.UnitTests\bin\Debug\net47\VideoOS.WebService.Common.UnitTests.dll" adapterTypeName="executor://mstestadapter/v2" className="VideoOS.WebService.Common.UnitTests.WebServiceManagerBaseTest" name="WebServiceManagerBase_CallWithRetry_MethodFunction_ArgumentNullException" />
    </UnitTest>
    <UnitTest name="ManagementServerWcfHelper_ConfigureCredential_LegacyWindowsNullClientCredential_ThrowException" storage="d:\actions-runner\_work\xpco\xpco\common\videoos.webservice.common\tst\videoos.webservice.common.unittests\bin\debug\net47\videoos.webservice.common.unittests.dll" id="3b884967-d8d0-4df7-c2d6-6e329674dab3">
      <Execution id="d099f31f-e540-41b2-befd-8d941ac9ace0" />
      <TestMethod codeBase="D:\actions-runner\_work\XPCO\XPCO\Common\VideoOS.Webservice.Common\tst\VideoOS.WebService.Common.UnitTests\bin\Debug\net47\VideoOS.WebService.Common.UnitTests.dll" adapterTypeName="executor://mstestadapter/v2" className="VideoOS.WebService.Common.UnitTests.Framework.ManagementServerWcfHelperTest" name="ManagementServerWcfHelper_ConfigureCredential_LegacyWindowsNullClientCredential_ThrowException" />
    </UnitTest>
    <UnitTest name="WebServiceManagerBase_CallWithRetry_MethodAction_ArgumentNullException" storage="d:\actions-runner\_work\xpco\xpco\common\videoos.webservice.common\tst\videoos.webservice.common.unittests\bin\debug\net47\videoos.webservice.common.unittests.dll" id="fcd02a09-fc7b-8318-dd65-00fb25cec535">
      <Execution id="195abd26-752b-4ca5-8f07-dde2b82a7d52" />
      <TestMethod codeBase="D:\actions-runner\_work\XPCO\XPCO\Common\VideoOS.Webservice.Common\tst\VideoOS.WebService.Common.UnitTests\bin\Debug\net47\VideoOS.WebService.Common.UnitTests.dll" adapterTypeName="executor://mstestadapter/v2" className="VideoOS.WebService.Common.UnitTests.WebServiceManagerBaseTest" name="WebServiceManagerBase_CallWithRetry_MethodAction_ArgumentNullException" />
    </UnitTest>
    <UnitTest name="ManagementServerWcfHelper_ConfigureCredential_LegacyBasicNullClientCredential_ThrowException" storage="d:\actions-runner\_work\xpco\xpco\common\videoos.webservice.common\tst\videoos.webservice.common.unittests\bin\debug\net47\videoos.webservice.common.unittests.dll" id="fcf4d902-43f6-a7d5-a380-fb4c3de428d2">
      <Execution id="41088452-4153-4786-a1cd-c977d54f1215" />
      <TestMethod codeBase="D:\actions-runner\_work\XPCO\XPCO\Common\VideoOS.Webservice.Common\tst\VideoOS.WebService.Common.UnitTests\bin\Debug\net47\VideoOS.WebService.Common.UnitTests.dll" adapterTypeName="executor://mstestadapter/v2" className="VideoOS.WebService.Common.UnitTests.Framework.ManagementServerWcfHelperTest" name="ManagementServerWcfHelper_ConfigureCredential_LegacyBasicNullClientCredential_ThrowException" />
    </UnitTest>
    <UnitTest name="ManagementServerWcfHelper_ConfigureCredential_LegacyWindowsWithDomain_Success" storage="d:\actions-runner\_work\xpco\xpco\common\videoos.webservice.common\tst\videoos.webservice.common.unittests\bin\debug\net47\videoos.webservice.common.unittests.dll" id="87ffa1c4-ac48-03ca-4642-af3a8feedc2b">
      <Execution id="46358d7b-f126-4a57-8502-c86b6df072e7" />
      <TestMethod codeBase="D:\actions-runner\_work\XPCO\XPCO\Common\VideoOS.Webservice.Common\tst\VideoOS.WebService.Common.UnitTests\bin\Debug\net47\VideoOS.WebService.Common.UnitTests.dll" adapterTypeName="executor://mstestadapter/v2" className="VideoOS.WebService.Common.UnitTests.Framework.ManagementServerWcfHelperTest" name="ManagementServerWcfHelper_ConfigureCredential_LegacyWindowsWithDomain_Success" />
    </UnitTest>
    <UnitTest name="SpnFactory_GetSpn_ArgumentNullException" storage="d:\actions-runner\_work\xpco\xpco\common\videoos.webservice.common\tst\videoos.webservice.common.unittests\bin\debug\net47\videoos.webservice.common.unittests.dll" id="f0a6b858-f8e7-5df8-f607-10274d56bfe9">
      <Execution id="f5196ee8-b4f2-47ee-920c-54059e955f08" />
      <TestMethod codeBase="D:\actions-runner\_work\XPCO\XPCO\Common\VideoOS.Webservice.Common\tst\VideoOS.WebService.Common.UnitTests\bin\Debug\net47\VideoOS.WebService.Common.UnitTests.dll" adapterTypeName="executor://mstestadapter/v2" className="VideoOS.WebService.Common.UnitTests.Framework.SpnFactoryTests" name="SpnFactory_GetSpn_ArgumentNullException" />
    </UnitTest>
    <UnitTest name="WebServiceManagerBase_CallWithRetry_MethodFunction_Success" storage="d:\actions-runner\_work\xpco\xpco\common\videoos.webservice.common\tst\videoos.webservice.common.unittests\bin\debug\net47\videoos.webservice.common.unittests.dll" id="c457d864-609e-2fd7-6d20-d69d335734fa">
      <Execution id="074ef714-cfda-49c7-b8d4-0dbe573efc84" />
      <TestMethod codeBase="D:\actions-runner\_work\XPCO\XPCO\Common\VideoOS.Webservice.Common\tst\VideoOS.WebService.Common.UnitTests\bin\Debug\net47\VideoOS.WebService.Common.UnitTests.dll" adapterTypeName="executor://mstestadapter/v2" className="VideoOS.WebService.Common.UnitTests.WebServiceManagerBaseTest" name="WebServiceManagerBase_CallWithRetry_MethodFunction_Success" />
    </UnitTest>
    <UnitTest name="WebServiceManagerBase_CallWithRetry_Retry_CommunicationException_Success" storage="d:\actions-runner\_work\xpco\xpco\common\videoos.webservice.common\tst\videoos.webservice.common.unittests\bin\debug\net47\videoos.webservice.common.unittests.dll" id="ad2cd101-e9de-73f7-7dd1-9388cd5dbc7b">
      <Execution id="cad0e45f-4a4b-4b87-beab-834f13461d7d" />
      <TestMethod codeBase="D:\actions-runner\_work\XPCO\XPCO\Common\VideoOS.Webservice.Common\tst\VideoOS.WebService.Common.UnitTests\bin\Debug\net47\VideoOS.WebService.Common.UnitTests.dll" adapterTypeName="executor://mstestadapter/v2" className="VideoOS.WebService.Common.UnitTests.WebServiceManagerBaseTest" name="WebServiceManagerBase_CallWithRetry_Retry_CommunicationException_Success" />
    </UnitTest>
    <UnitTest name="WebServiceManagerBase_Constructor_User_Password_Null" storage="d:\actions-runner\_work\xpco\xpco\common\videoos.webservice.common\tst\videoos.webservice.common.unittests\bin\debug\net47\videoos.webservice.common.unittests.dll" id="698dddba-19a1-c74d-b57e-e145461a60b8">
      <Execution id="65c1dda6-a76d-48c3-bacd-1e00d9699a53" />
      <TestMethod codeBase="D:\actions-runner\_work\XPCO\XPCO\Common\VideoOS.Webservice.Common\tst\VideoOS.WebService.Common.UnitTests\bin\Debug\net47\VideoOS.WebService.Common.UnitTests.dll" adapterTypeName="executor://mstestadapter/v2" className="VideoOS.WebService.Common.UnitTests.WebServiceManagerBaseTest" name="WebServiceManagerBase_Constructor_User_Password_Null" />
    </UnitTest>
    <UnitTest name="ManagementServerWcfHelper_ConfigureCredential_LegacyBasicNullPassword_ThrowException" storage="d:\actions-runner\_work\xpco\xpco\common\videoos.webservice.common\tst\videoos.webservice.common.unittests\bin\debug\net47\videoos.webservice.common.unittests.dll" id="36de7592-463f-47f7-983d-c5f5eecbe17d">
      <Execution id="33a2d71d-a115-4758-98ae-9a5d6d081fba" />
      <TestMethod codeBase="D:\actions-runner\_work\XPCO\XPCO\Common\VideoOS.Webservice.Common\tst\VideoOS.WebService.Common.UnitTests\bin\Debug\net47\VideoOS.WebService.Common.UnitTests.dll" adapterTypeName="executor://mstestadapter/v2" className="VideoOS.WebService.Common.UnitTests.Framework.ManagementServerWcfHelperTest" name="ManagementServerWcfHelper_ConfigureCredential_LegacyBasicNullPassword_ThrowException" />
    </UnitTest>
    <UnitTest name="ManagementServerWcfHelper_GetEndpointAddress_LegacyBasic" storage="d:\actions-runner\_work\xpco\xpco\common\videoos.webservice.common\tst\videoos.webservice.common.unittests\bin\debug\net47\videoos.webservice.common.unittests.dll" id="c254d256-647a-2bc7-95b3-2f4c4b3935c2">
      <Execution id="581d6502-088f-48ce-97fc-5a53e9824e79" />
      <TestMethod codeBase="D:\actions-runner\_work\XPCO\XPCO\Common\VideoOS.Webservice.Common\tst\VideoOS.WebService.Common.UnitTests\bin\Debug\net47\VideoOS.WebService.Common.UnitTests.dll" adapterTypeName="executor://mstestadapter/v2" className="VideoOS.WebService.Common.UnitTests.Framework.ManagementServerWcfHelperTest" name="ManagementServerWcfHelper_GetEndpointAddress_LegacyBasic" />
    </UnitTest>
    <UnitTest name="ManagementServerWcfHelper_ConfigureCredential_LegacyWindowsNullPassword_ThrowException" storage="d:\actions-runner\_work\xpco\xpco\common\videoos.webservice.common\tst\videoos.webservice.common.unittests\bin\debug\net47\videoos.webservice.common.unittests.dll" id="058ccf36-343e-f8a4-2d8e-5195d43003d3">
      <Execution id="1d9fa536-3fad-453f-841b-777c25b965f1" />
      <TestMethod codeBase="D:\actions-runner\_work\XPCO\XPCO\Common\VideoOS.Webservice.Common\tst\VideoOS.WebService.Common.UnitTests\bin\Debug\net47\VideoOS.WebService.Common.UnitTests.dll" adapterTypeName="executor://mstestadapter/v2" className="VideoOS.WebService.Common.UnitTests.Framework.ManagementServerWcfHelperTest" name="ManagementServerWcfHelper_ConfigureCredential_LegacyWindowsNullPassword_ThrowException" />
    </UnitTest>
    <UnitTest name="ManagementServerWcfHelper_GetBinding_OAuthSecure" storage="d:\actions-runner\_work\xpco\xpco\common\videoos.webservice.common\tst\videoos.webservice.common.unittests\bin\debug\net47\videoos.webservice.common.unittests.dll" id="214ab9f4-3721-4591-db50-390ba9b50adb">
      <Execution id="c2454dc6-03fb-4cd4-8de7-74ad9f57a830" />
      <TestMethod codeBase="D:\actions-runner\_work\XPCO\XPCO\Common\VideoOS.Webservice.Common\tst\VideoOS.WebService.Common.UnitTests\bin\Debug\net47\VideoOS.WebService.Common.UnitTests.dll" adapterTypeName="executor://mstestadapter/v2" className="VideoOS.WebService.Common.UnitTests.Framework.ManagementServerWcfHelperTest" name="ManagementServerWcfHelper_GetBinding_OAuthSecure" />
    </UnitTest>
    <UnitTest name="ManagementServerWcfHelper_ConfigureCredential_LegacyBasic_Success" storage="d:\actions-runner\_work\xpco\xpco\common\videoos.webservice.common\tst\videoos.webservice.common.unittests\bin\debug\net47\videoos.webservice.common.unittests.dll" id="d04747e5-9a44-aaf2-82d0-afed2e329e0b">
      <Execution id="ea209511-b549-4207-a87b-615300ba1fba" />
      <TestMethod codeBase="D:\actions-runner\_work\XPCO\XPCO\Common\VideoOS.Webservice.Common\tst\VideoOS.WebService.Common.UnitTests\bin\Debug\net47\VideoOS.WebService.Common.UnitTests.dll" adapterTypeName="executor://mstestadapter/v2" className="VideoOS.WebService.Common.UnitTests.Framework.ManagementServerWcfHelperTest" name="ManagementServerWcfHelper_ConfigureCredential_LegacyBasic_Success" />
    </UnitTest>
    <UnitTest name="WebServiceManagerBase_Constructor_BasicUser" storage="d:\actions-runner\_work\xpco\xpco\common\videoos.webservice.common\tst\videoos.webservice.common.unittests\bin\debug\net47\videoos.webservice.common.unittests.dll" id="852e0e6e-a20e-56a1-39f9-cb7c3bc00ac3">
      <Execution id="ae1deadd-76ce-4b89-95a8-5ed2b1014168" />
      <TestMethod codeBase="D:\actions-runner\_work\XPCO\XPCO\Common\VideoOS.Webservice.Common\tst\VideoOS.WebService.Common.UnitTests\bin\Debug\net47\VideoOS.WebService.Common.UnitTests.dll" adapterTypeName="executor://mstestadapter/v2" className="VideoOS.WebService.Common.UnitTests.WebServiceManagerBaseTest" name="WebServiceManagerBase_Constructor_BasicUser" />
    </UnitTest>
    <UnitTest name="WebServiceManagerBase_CallWithRetry_Retry_ObjectDisposedException_Success" storage="d:\actions-runner\_work\xpco\xpco\common\videoos.webservice.common\tst\videoos.webservice.common.unittests\bin\debug\net47\videoos.webservice.common.unittests.dll" id="7ad15d50-6b1a-5f37-ff81-15e62021567f">
      <Execution id="68002dfd-7277-4d9b-aef3-b4698655f2f2" />
      <TestMethod codeBase="D:\actions-runner\_work\XPCO\XPCO\Common\VideoOS.Webservice.Common\tst\VideoOS.WebService.Common.UnitTests\bin\Debug\net47\VideoOS.WebService.Common.UnitTests.dll" adapterTypeName="executor://mstestadapter/v2" className="VideoOS.WebService.Common.UnitTests.WebServiceManagerBaseTest" name="WebServiceManagerBase_CallWithRetry_Retry_ObjectDisposedException_Success" />
    </UnitTest>
    <UnitTest name="WebServiceManagerBase_Initialize_CurrentUser" storage="d:\actions-runner\_work\xpco\xpco\common\videoos.webservice.common\tst\videoos.webservice.common.unittests\bin\debug\net47\videoos.webservice.common.unittests.dll" id="22f5ea1c-ceb7-4cdb-99e5-c16fb385ccc9">
      <Execution id="f6963cde-d067-4e1b-b976-be1ebe026236" />
      <TestMethod codeBase="D:\actions-runner\_work\XPCO\XPCO\Common\VideoOS.Webservice.Common\tst\VideoOS.WebService.Common.UnitTests\bin\Debug\net47\VideoOS.WebService.Common.UnitTests.dll" adapterTypeName="executor://mstestadapter/v2" className="VideoOS.WebService.Common.UnitTests.WebServiceManagerBaseTest" name="WebServiceManagerBase_Initialize_CurrentUser" />
    </UnitTest>
    <UnitTest name="ManagementServerWcfHelper_ConfigureCredential_LegacyWindowsNullUsername_ThrowException" storage="d:\actions-runner\_work\xpco\xpco\common\videoos.webservice.common\tst\videoos.webservice.common.unittests\bin\debug\net47\videoos.webservice.common.unittests.dll" id="1bbfb0f3-ab23-3029-01e8-54c798ce2b00">
      <Execution id="4912704a-1232-4f79-a541-464ad9f5e7fa" />
      <TestMethod codeBase="D:\actions-runner\_work\XPCO\XPCO\Common\VideoOS.Webservice.Common\tst\VideoOS.WebService.Common.UnitTests\bin\Debug\net47\VideoOS.WebService.Common.UnitTests.dll" adapterTypeName="executor://mstestadapter/v2" className="VideoOS.WebService.Common.UnitTests.Framework.ManagementServerWcfHelperTest" name="ManagementServerWcfHelper_ConfigureCredential_LegacyWindowsNullUsername_ThrowException" />
    </UnitTest>
    <UnitTest name="Initialize_FactoryIsNull_FactoryIsSet" storage="d:\actions-runner\_work\xpco\xpco\common\videoos.webservice.common\tst\videoos.webservice.common.unittests\bin\debug\net47\videoos.webservice.common.unittests.dll" id="c83d7024-acd4-4618-c7c0-ce4b53f044cc">
      <Execution id="278bdcef-6789-47a1-8c3c-09154c86bcbc" />
      <TestMethod codeBase="D:\actions-runner\_work\XPCO\XPCO\Common\VideoOS.Webservice.Common\tst\VideoOS.WebService.Common.UnitTests\bin\Debug\net47\VideoOS.WebService.Common.UnitTests.dll" adapterTypeName="executor://mstestadapter/v2" className="VideoOS.WebService.Common.UnitTests.Framework.ChannelFactory.ChannelFactoryManagerBaseTests" name="Initialize_FactoryIsNull_FactoryIsSet" />
    </UnitTest>
    <UnitTest name="ManagementServerUrlFactory_OauthEndpoint_CorrectScheme" storage="d:\actions-runner\_work\xpco\xpco\common\videoos.webservice.common\tst\videoos.webservice.common.unittests\bin\debug\net47\videoos.webservice.common.unittests.dll" id="89c46a30-f165-8104-083a-52f425e60046">
      <Execution id="7ffa6ed7-21d6-4ba9-98b2-20245834e033" />
      <TestMethod codeBase="D:\actions-runner\_work\XPCO\XPCO\Common\VideoOS.Webservice.Common\tst\VideoOS.WebService.Common.UnitTests\bin\Debug\net47\VideoOS.WebService.Common.UnitTests.dll" adapterTypeName="executor://mstestadapter/v2" className="VideoOS.WebService.Common.UnitTests.Framework.ManagementServerUrlFactoryTests" name="ManagementServerUrlFactory_OauthEndpoint_CorrectScheme" />
    </UnitTest>
    <UnitTest name="WebServiceManagerBase_CallWithRetry_Retry_SecurityNegotiationException_NoRetry" storage="d:\actions-runner\_work\xpco\xpco\common\videoos.webservice.common\tst\videoos.webservice.common.unittests\bin\debug\net47\videoos.webservice.common.unittests.dll" id="71c8e0fc-fc04-4ed8-d612-1f1d50f9e5ef">
      <Execution id="7daee77d-63ae-4937-ae78-75a060261e55" />
      <TestMethod codeBase="D:\actions-runner\_work\XPCO\XPCO\Common\VideoOS.Webservice.Common\tst\VideoOS.WebService.Common.UnitTests\bin\Debug\net47\VideoOS.WebService.Common.UnitTests.dll" adapterTypeName="executor://mstestadapter/v2" className="VideoOS.WebService.Common.UnitTests.WebServiceManagerBaseTest" name="WebServiceManagerBase_CallWithRetry_Retry_SecurityNegotiationException_NoRetry" />
    </UnitTest>
    <UnitTest name="WebServiceManagerBase_CallWithRetry_Retry_EndpointNotFoundException_Retry" storage="d:\actions-runner\_work\xpco\xpco\common\videoos.webservice.common\tst\videoos.webservice.common.unittests\bin\debug\net47\videoos.webservice.common.unittests.dll" id="10da0836-323e-7559-1cec-599818240865">
      <Execution id="56a32c7a-5abc-4f2f-8f14-7ca171ee0ad1" />
      <TestMethod codeBase="D:\actions-runner\_work\XPCO\XPCO\Common\VideoOS.Webservice.Common\tst\VideoOS.WebService.Common.UnitTests\bin\Debug\net47\VideoOS.WebService.Common.UnitTests.dll" adapterTypeName="executor://mstestadapter/v2" className="VideoOS.WebService.Common.UnitTests.WebServiceManagerBaseTest" name="WebServiceManagerBase_CallWithRetry_Retry_EndpointNotFoundException_Retry" />
    </UnitTest>
    <UnitTest name="ManagementServerUrlFactory_LegacyEndpoint_CorrectScheme" storage="d:\actions-runner\_work\xpco\xpco\common\videoos.webservice.common\tst\videoos.webservice.common.unittests\bin\debug\net47\videoos.webservice.common.unittests.dll" id="cbae54c5-2e94-b8bf-a5c5-3eb4c950edb5">
      <Execution id="9be02cb1-a2a1-4af8-b954-dfd03457914f" />
      <TestMethod codeBase="D:\actions-runner\_work\XPCO\XPCO\Common\VideoOS.Webservice.Common\tst\VideoOS.WebService.Common.UnitTests\bin\Debug\net47\VideoOS.WebService.Common.UnitTests.dll" adapterTypeName="executor://mstestadapter/v2" className="VideoOS.WebService.Common.UnitTests.Framework.ManagementServerUrlFactoryTests" name="ManagementServerUrlFactory_LegacyEndpoint_CorrectScheme" />
    </UnitTest>
    <UnitTest name="WebServiceManagerBase_ExceptionHandling_Manual_Handler" storage="d:\actions-runner\_work\xpco\xpco\common\videoos.webservice.common\tst\videoos.webservice.common.unittests\bin\debug\net47\videoos.webservice.common.unittests.dll" id="27251ebd-a906-115f-e194-888fdeae78a0">
      <Execution id="ab7eba62-2998-4149-857b-4de901461b0d" />
      <TestMethod codeBase="D:\actions-runner\_work\XPCO\XPCO\Common\VideoOS.Webservice.Common\tst\VideoOS.WebService.Common.UnitTests\bin\Debug\net47\VideoOS.WebService.Common.UnitTests.dll" adapterTypeName="executor://mstestadapter/v2" className="VideoOS.WebService.Common.UnitTests.WebServiceManagerBaseTest" name="WebServiceManagerBase_ExceptionHandling_Manual_Handler" />
    </UnitTest>
    <UnitTest name="ManagementServerWcfHelper_ConfigureCredential_LegacyWindowsCurrentUserNullPassword_Success" storage="d:\actions-runner\_work\xpco\xpco\common\videoos.webservice.common\tst\videoos.webservice.common.unittests\bin\debug\net47\videoos.webservice.common.unittests.dll" id="f599e2ac-b159-2bd5-61ca-1c1df56f3c55">
      <Execution id="27a02b4d-6a05-4a92-9562-6b1fdacf14f7" />
      <TestMethod codeBase="D:\actions-runner\_work\XPCO\XPCO\Common\VideoOS.Webservice.Common\tst\VideoOS.WebService.Common.UnitTests\bin\Debug\net47\VideoOS.WebService.Common.UnitTests.dll" adapterTypeName="executor://mstestadapter/v2" className="VideoOS.WebService.Common.UnitTests.Framework.ManagementServerWcfHelperTest" name="ManagementServerWcfHelper_ConfigureCredential_LegacyWindowsCurrentUserNullPassword_Success" />
    </UnitTest>
    <UnitTest name="WebServiceManagerBase_Constructor_WindowsUser" storage="d:\actions-runner\_work\xpco\xpco\common\videoos.webservice.common\tst\videoos.webservice.common.unittests\bin\debug\net47\videoos.webservice.common.unittests.dll" id="ae8327f2-968d-1d4d-0555-b5c1cc1b0744">
      <Execution id="b8aec2ac-d9b0-458c-a88f-2d4f7d4e00b5" />
      <TestMethod codeBase="D:\actions-runner\_work\XPCO\XPCO\Common\VideoOS.Webservice.Common\tst\VideoOS.WebService.Common.UnitTests\bin\Debug\net47\VideoOS.WebService.Common.UnitTests.dll" adapterTypeName="executor://mstestadapter/v2" className="VideoOS.WebService.Common.UnitTests.WebServiceManagerBaseTest" name="WebServiceManagerBase_Constructor_WindowsUser" />
    </UnitTest>
    <UnitTest name="ManagementServerWcfHelper_GetBinding_LegacyBasic" storage="d:\actions-runner\_work\xpco\xpco\common\videoos.webservice.common\tst\videoos.webservice.common.unittests\bin\debug\net47\videoos.webservice.common.unittests.dll" id="b3fa6a9d-3bcf-e0ea-143d-ffe3580b1fbf">
      <Execution id="3d75ec37-37da-46a5-be93-154a95ff1eb0" />
      <TestMethod codeBase="D:\actions-runner\_work\XPCO\XPCO\Common\VideoOS.Webservice.Common\tst\VideoOS.WebService.Common.UnitTests\bin\Debug\net47\VideoOS.WebService.Common.UnitTests.dll" adapterTypeName="executor://mstestadapter/v2" className="VideoOS.WebService.Common.UnitTests.Framework.ManagementServerWcfHelperTest" name="ManagementServerWcfHelper_GetBinding_LegacyBasic" />
    </UnitTest>
    <UnitTest name="WebServiceManagerBase_Constructor_CurrentUser" storage="d:\actions-runner\_work\xpco\xpco\common\videoos.webservice.common\tst\videoos.webservice.common.unittests\bin\debug\net47\videoos.webservice.common.unittests.dll" id="f5aeb169-8d5c-8ae4-c41f-e75c0667f88c">
      <Execution id="6b2f30d3-4e48-4f49-9e88-3254ea5f542c" />
      <TestMethod codeBase="D:\actions-runner\_work\XPCO\XPCO\Common\VideoOS.Webservice.Common\tst\VideoOS.WebService.Common.UnitTests\bin\Debug\net47\VideoOS.WebService.Common.UnitTests.dll" adapterTypeName="executor://mstestadapter/v2" className="VideoOS.WebService.Common.UnitTests.WebServiceManagerBaseTest" name="WebServiceManagerBase_Constructor_CurrentUser" />
    </UnitTest>
    <UnitTest name="SpnFactory_GetSpn_NotLocalhost" storage="d:\actions-runner\_work\xpco\xpco\common\videoos.webservice.common\tst\videoos.webservice.common.unittests\bin\debug\net47\videoos.webservice.common.unittests.dll" id="e7662e93-d89a-b923-fa1f-10c2c67809ff">
      <Execution id="71a98843-2627-42bf-99fc-b5a588257632" />
      <TestMethod codeBase="D:\actions-runner\_work\XPCO\XPCO\Common\VideoOS.Webservice.Common\tst\VideoOS.WebService.Common.UnitTests\bin\Debug\net47\VideoOS.WebService.Common.UnitTests.dll" adapterTypeName="executor://mstestadapter/v2" className="VideoOS.WebService.Common.UnitTests.Framework.SpnFactoryTests" name="SpnFactory_GetSpn_NotLocalhost" />
    </UnitTest>
  </TestDefinitions>
  <TestEntries>
    <TestEntry testId="3b884967-d8d0-4df7-c2d6-6e329674dab3" executionId="d099f31f-e540-41b2-befd-8d941ac9ace0" testListId="8c84fa94-04c1-424b-9868-57a2d4851a1d" />
    <TestEntry testId="f599e2ac-b159-2bd5-61ca-1c1df56f3c55" executionId="27a02b4d-6a05-4a92-9562-6b1fdacf14f7" testListId="8c84fa94-04c1-424b-9868-57a2d4851a1d" />
    <TestEntry testId="0e8a9888-78cb-f9ea-461d-ec1ac194c346" executionId="01815540-28f8-4c91-b6f6-de638b368338" testListId="8c84fa94-04c1-424b-9868-57a2d4851a1d" />
    <TestEntry testId="e7662e93-d89a-b923-fa1f-10c2c67809ff" executionId="71a98843-2627-42bf-99fc-b5a588257632" testListId="8c84fa94-04c1-424b-9868-57a2d4851a1d" />
    <TestEntry testId="f5aeb169-8d5c-8ae4-c41f-e75c0667f88c" executionId="6b2f30d3-4e48-4f49-9e88-3254ea5f542c" testListId="8c84fa94-04c1-424b-9868-57a2d4851a1d" />
    <TestEntry testId="27251ebd-a906-115f-e194-888fdeae78a0" executionId="ab7eba62-2998-4149-857b-4de901461b0d" testListId="8c84fa94-04c1-424b-9868-57a2d4851a1d" />
    <TestEntry testId="c5e925e3-a83d-9739-edcd-4b49a31fc387" executionId="921f0394-a0a0-4fd2-b130-291d7d34f0c1" testListId="8c84fa94-04c1-424b-9868-57a2d4851a1d" />
    <TestEntry testId="3b215014-a658-8db2-1568-8beb2bb99c41" executionId="cee577c9-7e7f-4855-859d-3d6556c57cf9" testListId="8c84fa94-04c1-424b-9868-57a2d4851a1d" />
    <TestEntry testId="ae8327f2-968d-1d4d-0555-b5c1cc1b0744" executionId="b8aec2ac-d9b0-458c-a88f-2d4f7d4e00b5" testListId="8c84fa94-04c1-424b-9868-57a2d4851a1d" />
    <TestEntry testId="65e32d54-a78a-06e7-0b2a-a7b33efa75c4" executionId="7b1f0bdd-9fcb-4356-8481-7883a3d8c5b7" testListId="8c84fa94-04c1-424b-9868-57a2d4851a1d" />
    <TestEntry testId="504a2307-b7ce-eaed-530d-2730d9a41e66" executionId="268d234d-d3d8-4ba1-92e9-eb117cf1df2a" testListId="8c84fa94-04c1-424b-9868-57a2d4851a1d" />
    <TestEntry testId="fcd02a09-fc7b-8318-dd65-00fb25cec535" executionId="195abd26-752b-4ca5-8f07-dde2b82a7d52" testListId="8c84fa94-04c1-424b-9868-57a2d4851a1d" />
    <TestEntry testId="fcf4d902-43f6-a7d5-a380-fb4c3de428d2" executionId="41088452-4153-4786-a1cd-c977d54f1215" testListId="8c84fa94-04c1-424b-9868-57a2d4851a1d" />
    <TestEntry testId="1a633edc-caab-7ec3-e3d7-31517620e296" executionId="4b6234d2-01b5-4a94-92bc-0e9158cda7ba" testListId="8c84fa94-04c1-424b-9868-57a2d4851a1d" />
    <TestEntry testId="55014148-0a15-f395-f4f1-8e2df30bce6f" executionId="3352ff29-6c46-4515-8dc9-f38320ada5b3" testListId="8c84fa94-04c1-424b-9868-57a2d4851a1d" />
    <TestEntry testId="a95bb1bd-eb07-be70-37c8-ade000bafcae" executionId="63fb5f45-deb4-4fa6-abad-262d58a48dbe" testListId="8c84fa94-04c1-424b-9868-57a2d4851a1d" />
    <TestEntry testId="23a3d23e-4cc3-5c2c-b48f-a3e09a62fa8d" executionId="5739c278-0b6b-49ca-9e3e-a6c02ac7f9a6" testListId="8c84fa94-04c1-424b-9868-57a2d4851a1d" />
    <TestEntry testId="61bb9a23-0abb-174e-cc77-8c5cd220ceab" executionId="2a830e26-1005-4433-ad07-0824b95c7c3a" testListId="8c84fa94-04c1-424b-9868-57a2d4851a1d" />
    <TestEntry testId="0d6c3018-8651-f775-1bcc-e2f4831219ea" executionId="f709eb59-960d-46fd-9846-da9c41f63309" testListId="8c84fa94-04c1-424b-9868-57a2d4851a1d" />
    <TestEntry testId="1bbfb0f3-ab23-3029-01e8-54c798ce2b00" executionId="4912704a-1232-4f79-a541-464ad9f5e7fa" testListId="8c84fa94-04c1-424b-9868-57a2d4851a1d" />
    <TestEntry testId="852e0e6e-a20e-56a1-39f9-cb7c3bc00ac3" executionId="ae1deadd-76ce-4b89-95a8-5ed2b1014168" testListId="8c84fa94-04c1-424b-9868-57a2d4851a1d" />
    <TestEntry testId="3aa66891-0927-06ff-f572-32558746d1dd" executionId="b86a7a19-50cb-4f47-8f7a-0019e7148545" testListId="8c84fa94-04c1-424b-9868-57a2d4851a1d" />
    <TestEntry testId="c254d256-647a-2bc7-95b3-2f4c4b3935c2" executionId="581d6502-088f-48ce-97fc-5a53e9824e79" testListId="8c84fa94-04c1-424b-9868-57a2d4851a1d" />
    <TestEntry testId="2063c2aa-16ab-ca7d-a163-864058f25498" executionId="79564247-59d8-4d60-9ef1-080fd04f84fc" testListId="8c84fa94-04c1-424b-9868-57a2d4851a1d" />
    <TestEntry testId="b3fa6a9d-3bcf-e0ea-143d-ffe3580b1fbf" executionId="3d75ec37-37da-46a5-be93-154a95ff1eb0" testListId="8c84fa94-04c1-424b-9868-57a2d4851a1d" />
    <TestEntry testId="b5986743-9922-08f5-fa11-aec8890e5849" executionId="fb0531fd-c072-456e-ab3c-2a4e65b5a6b0" testListId="8c84fa94-04c1-424b-9868-57a2d4851a1d" />
    <TestEntry testId="a5fb6c15-79c9-60c2-f754-b9ba01a4a6c3" executionId="53f9243d-7dd4-4ab3-8b03-0a77e4d3a549" testListId="8c84fa94-04c1-424b-9868-57a2d4851a1d" />
    <TestEntry testId="f4743cca-e1c7-35b4-e90a-2c2c06210594" executionId="d2185759-fbd8-417f-9824-6ad5074f5cad" testListId="8c84fa94-04c1-424b-9868-57a2d4851a1d" />
    <TestEntry testId="22f5ea1c-ceb7-4cdb-99e5-c16fb385ccc9" executionId="f6963cde-d067-4e1b-b976-be1ebe026236" testListId="8c84fa94-04c1-424b-9868-57a2d4851a1d" />
    <TestEntry testId="0946643e-22f3-e9fc-13b4-a55730d5cf1a" executionId="014a084f-09c7-483f-8785-ba2f8e1fe8d0" testListId="8c84fa94-04c1-424b-9868-57a2d4851a1d" />
    <TestEntry testId="71c8e0fc-fc04-4ed8-d612-1f1d50f9e5ef" executionId="7daee77d-63ae-4937-ae78-75a060261e55" testListId="8c84fa94-04c1-424b-9868-57a2d4851a1d" />
    <TestEntry testId="214ab9f4-3721-4591-db50-390ba9b50adb" executionId="c2454dc6-03fb-4cd4-8de7-74ad9f57a830" testListId="8c84fa94-04c1-424b-9868-57a2d4851a1d" />
    <TestEntry testId="cbae54c5-2e94-b8bf-a5c5-3eb4c950edb5" executionId="9be02cb1-a2a1-4af8-b954-dfd03457914f" testListId="8c84fa94-04c1-424b-9868-57a2d4851a1d" />
    <TestEntry testId="d04747e5-9a44-aaf2-82d0-afed2e329e0b" executionId="ea209511-b549-4207-a87b-615300ba1fba" testListId="8c84fa94-04c1-424b-9868-57a2d4851a1d" />
    <TestEntry testId="c457d864-609e-2fd7-6d20-d69d335734fa" executionId="074ef714-cfda-49c7-b8d4-0dbe573efc84" testListId="8c84fa94-04c1-424b-9868-57a2d4851a1d" />
    <TestEntry testId="c83d7024-acd4-4618-c7c0-ce4b53f044cc" executionId="278bdcef-6789-47a1-8c3c-09154c86bcbc" testListId="8c84fa94-04c1-424b-9868-57a2d4851a1d" />
    <TestEntry testId="058ccf36-343e-f8a4-2d8e-5195d43003d3" executionId="1d9fa536-3fad-453f-841b-777c25b965f1" testListId="8c84fa94-04c1-424b-9868-57a2d4851a1d" />
    <TestEntry testId="f4dc2cd7-25f1-2620-14d7-e21534aa2fd0" executionId="1df5d4a7-e7fb-4128-b139-f852cac47b12" testListId="8c84fa94-04c1-424b-9868-57a2d4851a1d" />
    <TestEntry testId="f0d93962-9ac2-80b2-3134-ca5f213e0035" executionId="99ef149e-ecce-4650-9e12-6a8c764f312e" testListId="8c84fa94-04c1-424b-9868-57a2d4851a1d" />
    <TestEntry testId="661d4809-df56-de3b-70f4-9df0730c7f23" executionId="58fc21c0-36d5-445c-ba75-abe5c3cb749a" testListId="8c84fa94-04c1-424b-9868-57a2d4851a1d" />
    <TestEntry testId="5b8c592e-bcba-79a1-05fe-8d65aa8331f9" executionId="0f04a441-e4a1-4af9-9cd9-fa7b68255e3f" testListId="8c84fa94-04c1-424b-9868-57a2d4851a1d" />
    <TestEntry testId="7ad15d50-6b1a-5f37-ff81-15e62021567f" executionId="68002dfd-7277-4d9b-aef3-b4698655f2f2" testListId="8c84fa94-04c1-424b-9868-57a2d4851a1d" />
    <TestEntry testId="bf5663e2-96fc-b02a-68fb-c3ca9cca605c" executionId="c1302995-d3d0-4082-a44f-469d487e8f98" testListId="8c84fa94-04c1-424b-9868-57a2d4851a1d" />
    <TestEntry testId="ad2cd101-e9de-73f7-7dd1-9388cd5dbc7b" executionId="cad0e45f-4a4b-4b87-beab-834f13461d7d" testListId="8c84fa94-04c1-424b-9868-57a2d4851a1d" />
    <TestEntry testId="10da0836-323e-7559-1cec-599818240865" executionId="56a32c7a-5abc-4f2f-8f14-7ca171ee0ad1" testListId="8c84fa94-04c1-424b-9868-57a2d4851a1d" />
    <TestEntry testId="f20345f4-0ccf-bb67-d76b-0f14bac098d0" executionId="4f1cee1a-7c8e-4c15-97c8-fffd2b2560ab" testListId="8c84fa94-04c1-424b-9868-57a2d4851a1d" />
    <TestEntry testId="2ef55bec-f5c1-b4c0-8380-a597edee66e2" executionId="6ca8de14-ffad-4602-a64d-cc4aeb979b8e" testListId="8c84fa94-04c1-424b-9868-57a2d4851a1d" />
    <TestEntry testId="c908d8e8-2438-04db-a0e0-67533ab91b11" executionId="f2c9d627-d59f-4d6c-b413-35c6a566e9cc" testListId="8c84fa94-04c1-424b-9868-57a2d4851a1d" />
    <TestEntry testId="87ffa1c4-ac48-03ca-4642-af3a8feedc2b" executionId="46358d7b-f126-4a57-8502-c86b6df072e7" testListId="8c84fa94-04c1-424b-9868-57a2d4851a1d" />
    <TestEntry testId="698dddba-19a1-c74d-b57e-e145461a60b8" executionId="65c1dda6-a76d-48c3-bacd-1e00d9699a53" testListId="8c84fa94-04c1-424b-9868-57a2d4851a1d" />
    <TestEntry testId="36de7592-463f-47f7-983d-c5f5eecbe17d" executionId="33a2d71d-a115-4758-98ae-9a5d6d081fba" testListId="8c84fa94-04c1-424b-9868-57a2d4851a1d" />
    <TestEntry testId="ffb44ac4-938a-32ba-75a0-091497d8af06" executionId="ceaecf84-8839-49d0-b40e-d6818f1186f6" testListId="8c84fa94-04c1-424b-9868-57a2d4851a1d" />
    <TestEntry testId="9839b810-cf39-0a9f-fc16-86e9b230c9d9" executionId="11faab29-c3b1-4a05-8041-2c48109a640a" testListId="8c84fa94-04c1-424b-9868-57a2d4851a1d" />
    <TestEntry testId="6b09f188-1d85-7471-47b5-8d443de27ab4" executionId="1ab02856-b395-41b2-9967-4714a7ddfb49" testListId="8c84fa94-04c1-424b-9868-57a2d4851a1d" />
    <TestEntry testId="89c46a30-f165-8104-083a-52f425e60046" executionId="7ffa6ed7-21d6-4ba9-98b2-20245834e033" testListId="8c84fa94-04c1-424b-9868-57a2d4851a1d" />
    <TestEntry testId="9585d6bc-56eb-698b-3a16-a729500d8a93" executionId="82752e45-d170-469e-9fb0-9e72d893e8e5" testListId="8c84fa94-04c1-424b-9868-57a2d4851a1d" />
    <TestEntry testId="f0a6b858-f8e7-5df8-f607-10274d56bfe9" executionId="f5196ee8-b4f2-47ee-920c-54059e955f08" testListId="8c84fa94-04c1-424b-9868-57a2d4851a1d" />
    <TestEntry testId="211f2ba6-9227-d868-4d19-f97687042449" executionId="ea31b02d-a660-4d61-90cd-1527ea0b519f" testListId="8c84fa94-04c1-424b-9868-57a2d4851a1d" />
    <TestEntry testId="c560296b-50a2-51d5-e7f1-4e6f2e3766c0" executionId="43f867f4-70f0-446e-9908-39b55a8638d8" testListId="8c84fa94-04c1-424b-9868-57a2d4851a1d" />
  </TestEntries>
  <TestLists>
    <TestList name="Results Not in a List" id="8c84fa94-04c1-424b-9868-57a2d4851a1d" />
    <TestList name="All Loaded Results" id="19431567-8539-422a-85d7-44ee4e166bda" />
  </TestLists>
  <ResultSummary outcome="Completed">
    <Counters total="59" executed="59" passed="59" failed="0" error="0" timeout="0" aborted="0" inconclusive="0" passedButRunAborted="0" notRunnable="0" notExecuted="0" disconnected="0" warning="0" completed="0" inProgress="0" pending="0" />
  </ResultSummary>
</TestRun>