<?xml version="1.0" encoding="utf-8"?>
<TestRun id="f1c9f64d-5918-4f37-a0ed-5633a63c5dfd" name="DKSR-EFI-06$@DKSR-EFI-06 2024-01-09 15:41:02" runUser="NT AUTHORITY\NETWORK SERVICE" xmlns="http://microsoft.com/schemas/VisualStudio/TeamTest/2010">
  <Times creation="2024-01-09T15:41:02.0443730+01:00" queuing="2024-01-09T15:41:02.0443730+01:00" start="2024-01-09T15:41:00.0859563+01:00" finish="2024-01-09T15:41:02.8725052+01:00" />
  <TestSettings name="default" id="b1555df1-3e04-4d94-998e-7095659358c4">
    <Deployment runDeploymentRoot="DKSR-EFI-06$_DKSR-EFI-06_2024-01-09_15_41_02" />
  </TestSettings>
  <Results>
    <UnitTestResult executionId="8cb9cbbf-4aa0-453e-ae00-ee6681ad49ad" testId="de9cbd9f-4471-4e54-f5db-b90506dbee28" testName="GetViewItemInformationTestCamera" computerName="DKSR-EFI-06" duration="00:00:00.0057154" startTime="2024-01-09T15:41:02.5443753+01:00" endTime="2024-01-09T15:41:02.5600037+01:00" testType="13cdc9d9-ddb5-4fa4-a97d-d965ccfc6d4b" outcome="Passed" testListId="8c84fa94-04c1-424b-9868-57a2d4851a1d" relativeResultsDirectory="8cb9cbbf-4aa0-453e-ae00-ee6681ad49ad" />
    <UnitTestResult executionId="037e7c9e-041e-46e7-b9a7-c0f40b63f4f6" testId="0eb26f68-74bb-29d5-7d08-2de54c671d9a" testName="MergeViewsTestSimple" computerName="DKSR-EFI-06" duration="00:00:00.0066862" startTime="2024-01-09T15:41:02.5131280+01:00" endTime="2024-01-09T15:41:02.5131280+01:00" testType="13cdc9d9-ddb5-4fa4-a97d-d965ccfc6d4b" outcome="Passed" testListId="8c84fa94-04c1-424b-9868-57a2d4851a1d" relativeResultsDirectory="037e7c9e-041e-46e7-b9a7-c0f40b63f4f6" />
    <UnitTestResult executionId="9b1699e3-8425-4812-bd60-9c8f63211914" testId="4172bb95-d7c9-fb83-5a23-b46d579edf2d" testName="HasSameLayoutTestDifferentLayoutSameCountOfItems" computerName="DKSR-EFI-06" duration="00:00:00.0009194" startTime="2024-01-09T15:41:02.4975018+01:00" endTime="2024-01-09T15:41:02.4975018+01:00" testType="13cdc9d9-ddb5-4fa4-a97d-d965ccfc6d4b" outcome="Passed" testListId="8c84fa94-04c1-424b-9868-57a2d4851a1d" relativeResultsDirectory="9b1699e3-8425-4812-bd60-9c8f63211914" />
    <UnitTestResult executionId="93b17469-b4ef-4506-b6a7-f8ef335c54d8" testId="dd8036b8-fdc1-0d17-7df5-e0b28ab59ac4" testName="OemResourceTestMultipleSame" computerName="DKSR-EFI-06" duration="00:00:00.0003526" startTime="2024-01-09T15:41:01.9662486+01:00" endTime="2024-01-09T15:41:01.9662486+01:00" testType="13cdc9d9-ddb5-4fa4-a97d-d965ccfc6d4b" outcome="Passed" testListId="8c84fa94-04c1-424b-9868-57a2d4851a1d" relativeResultsDirectory="93b17469-b4ef-4506-b6a7-f8ef335c54d8" />
    <UnitTestResult executionId="abb9a464-40e5-4284-9002-58613143158f" testId="5806e882-3887-1382-2196-322773243e4b" testName="ReadTheLayoutOfAMonitorPreset" computerName="DKSR-EFI-06" duration="00:00:00.0057581" startTime="2024-01-09T15:41:02.6225019+01:00" endTime="2024-01-09T15:41:02.6225019+01:00" testType="13cdc9d9-ddb5-4fa4-a97d-d965ccfc6d4b" outcome="Passed" testListId="8c84fa94-04c1-424b-9868-57a2d4851a1d" relativeResultsDirectory="abb9a464-40e5-4284-9002-58613143158f" />
    <UnitTestResult executionId="2b1c90a8-d639-40b7-8820-744f6e173614" testId="11ab56de-5757-d5e9-ba57-61fb77e7bb23" testName="XmlDefinitionTestWithXmlNs" computerName="DKSR-EFI-06" duration="00:00:00.0010698" startTime="2024-01-09T15:41:02.5131280+01:00" endTime="2024-01-09T15:41:02.5131280+01:00" testType="13cdc9d9-ddb5-4fa4-a97d-d965ccfc6d4b" outcome="Passed" testListId="8c84fa94-04c1-424b-9868-57a2d4851a1d" relativeResultsDirectory="2b1c90a8-d639-40b7-8820-744f6e173614" />
    <UnitTestResult executionId="576e1e3b-0faa-4e47-af68-aa8c8e634af0" testId="236ca3ce-0389-8ef0-abea-b648ea8a1be0" testName="WritingToDatabaseFromOldInterface" computerName="DKSR-EFI-06" duration="00:00:00.0075017" startTime="2024-01-09T15:41:02.6068779+01:00" endTime="2024-01-09T15:41:02.6225019+01:00" testType="13cdc9d9-ddb5-4fa4-a97d-d965ccfc6d4b" outcome="Passed" testListId="8c84fa94-04c1-424b-9868-57a2d4851a1d" relativeResultsDirectory="576e1e3b-0faa-4e47-af68-aa8c8e634af0" />
    <UnitTestResult executionId="f4dc12ff-08dd-41a2-8878-59cf465d0334" testId="47403bc3-967a-71b3-2066-826018c7ac17" testName="OemResourceTestLeft" computerName="DKSR-EFI-06" duration="00:00:00.0001575" startTime="2024-01-09T15:41:01.9662486+01:00" endTime="2024-01-09T15:41:01.9662486+01:00" testType="13cdc9d9-ddb5-4fa4-a97d-d965ccfc6d4b" outcome="Passed" testListId="8c84fa94-04c1-424b-9868-57a2d4851a1d" relativeResultsDirectory="f4dc12ff-08dd-41a2-8878-59cf465d0334" />
    <UnitTestResult executionId="43f2885e-7f3c-4657-a3c0-ea9fc5adc50b" testId="7f274973-9012-fb8d-b543-11928fca42a3" testName="ControlTest" computerName="DKSR-EFI-06" duration="00:00:00.0151525" startTime="2024-01-09T15:41:02.0287513+01:00" endTime="2024-01-09T15:41:02.0443730+01:00" testType="13cdc9d9-ddb5-4fa4-a97d-d965ccfc6d4b" outcome="Passed" testListId="8c84fa94-04c1-424b-9868-57a2d4851a1d" relativeResultsDirectory="43f2885e-7f3c-4657-a3c0-ea9fc5adc50b" />
    <UnitTestResult executionId="732a37b5-cfa9-42aa-92b0-57147cce0a46" testId="aa53f098-9c56-cdb1-b69f-6fde960936f2" testName="XmlDefinitionTestTooLarge" computerName="DKSR-EFI-06" duration="00:00:00.1657789" startTime="2024-01-09T15:41:02.1850009+01:00" endTime="2024-01-09T15:41:02.3568754+01:00" testType="13cdc9d9-ddb5-4fa4-a97d-d965ccfc6d4b" outcome="Passed" testListId="8c84fa94-04c1-424b-9868-57a2d4851a1d" relativeResultsDirectory="732a37b5-cfa9-42aa-92b0-57147cce0a46" />
    <UnitTestResult executionId="bff03bfd-d5ed-49ef-9f42-0fec7e50fa81" testId="9e06fd07-2b9d-78b8-e9d4-c1bfd78820ab" testName="TestMilestoneAndPinkResourceXmlStructure_AreSame_Success" computerName="DKSR-EFI-06" duration="00:00:00.0831950" startTime="2024-01-09T15:41:02.3568754+01:00" endTime="2024-01-09T15:41:02.4350021+01:00" testType="13cdc9d9-ddb5-4fa4-a97d-d965ccfc6d4b" outcome="Passed" testListId="8c84fa94-04c1-424b-9868-57a2d4851a1d" relativeResultsDirectory="bff03bfd-d5ed-49ef-9f42-0fec7e50fa81" />
    <UnitTestResult executionId="bd04f1bc-26ee-4374-993b-a2c37cd29916" testId="723547fd-ec7f-8d56-98a9-e37c396dca17" testName="ReadFromDatabaseToOldInterface" computerName="DKSR-EFI-06" duration="00:00:00.0038536" startTime="2024-01-09T15:41:02.6068779+01:00" endTime="2024-01-09T15:41:02.6068779+01:00" testType="13cdc9d9-ddb5-4fa4-a97d-d965ccfc6d4b" outcome="Passed" testListId="8c84fa94-04c1-424b-9868-57a2d4851a1d" relativeResultsDirectory="bd04f1bc-26ee-4374-993b-a2c37cd29916" />
    <UnitTestResult executionId="685a9b4a-5b99-403a-acd7-4b8202460860" testId="53bbe8f2-0f34-e330-186b-23d3dc2eb668" testName="GetViewLayoutIcon" computerName="DKSR-EFI-06" duration="00:00:00.0088689" startTime="2024-01-09T15:41:02.5600037+01:00" endTime="2024-01-09T15:41:02.5756268+01:00" testType="13cdc9d9-ddb5-4fa4-a97d-d965ccfc6d4b" outcome="Passed" testListId="8c84fa94-04c1-424b-9868-57a2d4851a1d" relativeResultsDirectory="685a9b4a-5b99-403a-acd7-4b8202460860" />
    <UnitTestResult executionId="f8304d63-983e-4b41-9407-bf943ddd3ba6" testId="2491c8e0-6864-aec1-2ce1-44db22ef6175" testName="XmlDefinitionTestSameXmlDefWithOutViewLayout" computerName="DKSR-EFI-06" duration="00:00:00.0036950" startTime="2024-01-09T15:41:02.4506257+01:00" endTime="2024-01-09T15:41:02.4506257+01:00" testType="13cdc9d9-ddb5-4fa4-a97d-d965ccfc6d4b" outcome="Passed" testListId="8c84fa94-04c1-424b-9868-57a2d4851a1d" relativeResultsDirectory="f8304d63-983e-4b41-9407-bf943ddd3ba6" />
    <UnitTestResult executionId="0047d21d-783a-4f7c-8a2d-4624a0c2c2b1" testId="2bb92454-c982-85a0-fed5-5943faa53d7e" testName="CreateViewItemTestCamera" computerName="DKSR-EFI-06" duration="00:00:00.0007200" startTime="2024-01-09T15:41:02.5600037+01:00" endTime="2024-01-09T15:41:02.5600037+01:00" testType="13cdc9d9-ddb5-4fa4-a97d-d965ccfc6d4b" outcome="Passed" testListId="8c84fa94-04c1-424b-9868-57a2d4851a1d" relativeResultsDirectory="0047d21d-783a-4f7c-8a2d-4624a0c2c2b1" />
    <UnitTestResult executionId="8994364a-c515-4ff2-b510-3dafb291d004" testId="873e8bfc-2655-ce9c-d0ad-b71f6c89de6a" testName="HasSameLayoutTest" computerName="DKSR-EFI-06" duration="00:00:00.0076577" startTime="2024-01-09T15:41:02.4818770+01:00" endTime="2024-01-09T15:41:02.4975018+01:00" testType="13cdc9d9-ddb5-4fa4-a97d-d965ccfc6d4b" outcome="Passed" testListId="8c84fa94-04c1-424b-9868-57a2d4851a1d" relativeResultsDirectory="8994364a-c515-4ff2-b510-3dafb291d004" />
    <UnitTestResult executionId="8de2ca24-9e63-48e7-b952-cfb11c329418" testId="293549dc-68c7-14f8-4650-5a62dec63b87" testName="TestMilestoneResource_CanReadValues_Success" computerName="DKSR-EFI-06" duration="00:00:00.0017954" startTime="2024-01-09T15:41:02.4350021+01:00" endTime="2024-01-09T15:41:02.4350021+01:00" testType="13cdc9d9-ddb5-4fa4-a97d-d965ccfc6d4b" outcome="Passed" testListId="8c84fa94-04c1-424b-9868-57a2d4851a1d" relativeResultsDirectory="8de2ca24-9e63-48e7-b952-cfb11c329418" />
    <UnitTestResult executionId="2c9509d9-2e68-4a88-83fe-b05cd991face" testId="1f58a5b1-b50f-beb5-d86f-d4c6eddf592e" testName="XmlDefinitionTestSameXmlDefWithViewLayoutNotMatchingViewLayoutType" computerName="DKSR-EFI-06" duration="00:00:00.0004201" startTime="2024-01-09T15:41:02.4506257+01:00" endTime="2024-01-09T15:41:02.4662507+01:00" testType="13cdc9d9-ddb5-4fa4-a97d-d965ccfc6d4b" outcome="Passed" testListId="8c84fa94-04c1-424b-9868-57a2d4851a1d" relativeResultsDirectory="2c9509d9-2e68-4a88-83fe-b05cd991face" />
    <UnitTestResult executionId="0b4cc540-39ae-4e5a-9b3d-0add0d408867" testId="fa03c8f3-e5af-b789-81b4-b496e664d26d" testName="OemResourceTestCenter" computerName="DKSR-EFI-06" duration="00:00:00.0411478" startTime="2024-01-09T15:41:01.9193743+01:00" endTime="2024-01-09T15:41:01.9662486+01:00" testType="13cdc9d9-ddb5-4fa4-a97d-d965ccfc6d4b" outcome="Passed" testListId="8c84fa94-04c1-424b-9868-57a2d4851a1d" relativeResultsDirectory="0b4cc540-39ae-4e5a-9b3d-0add0d408867" />
    <UnitTestResult executionId="97027a9f-7f56-4a01-8d86-6d2841233a6e" testId="4755979f-b152-396b-612c-7f928df8984f" testName="CreateViewItemTestUnknown" computerName="DKSR-EFI-06" duration="00:00:00.0024117" startTime="2024-01-09T15:41:02.5600037+01:00" endTime="2024-01-09T15:41:02.5600037+01:00" testType="13cdc9d9-ddb5-4fa4-a97d-d965ccfc6d4b" outcome="Passed" testListId="8c84fa94-04c1-424b-9868-57a2d4851a1d" relativeResultsDirectory="97027a9f-7f56-4a01-8d86-6d2841233a6e" />
    <UnitTestResult executionId="4f2ab4e7-420d-46a9-b607-c865d14b7fd7" testId="689e1cc2-1038-8003-b0bc-81785b3aabb0" testName="OEMTest" computerName="DKSR-EFI-06" duration="00:00:00.0050720" startTime="2024-01-09T15:41:02.0599999+01:00" endTime="2024-01-09T15:41:02.0756227+01:00" testType="13cdc9d9-ddb5-4fa4-a97d-d965ccfc6d4b" outcome="Passed" testListId="8c84fa94-04c1-424b-9868-57a2d4851a1d" relativeResultsDirectory="4f2ab4e7-420d-46a9-b607-c865d14b7fd7" />
    <UnitTestResult executionId="bef7e274-5d32-4c05-b47c-0eae78bb0cc5" testId="8599377f-271d-d979-321b-9c23e61d44ef" testName="XmlDefinitionTestSameXmlDef" computerName="DKSR-EFI-06" duration="00:00:00.0081222" startTime="2024-01-09T15:41:02.4975018+01:00" endTime="2024-01-09T15:41:02.4975018+01:00" testType="13cdc9d9-ddb5-4fa4-a97d-d965ccfc6d4b" outcome="Passed" testListId="8c84fa94-04c1-424b-9868-57a2d4851a1d" relativeResultsDirectory="bef7e274-5d32-4c05-b47c-0eae78bb0cc5" />
    <UnitTestResult executionId="cb0e2e23-52a5-49a3-be51-09ac427feb56" testId="6bda8086-eb0a-b493-2dc0-3e0575dce14b" testName="JKTest" computerName="DKSR-EFI-06" duration="00:00:00.0002748" startTime="2024-01-09T15:41:02.6068779+01:00" endTime="2024-01-09T15:41:02.6068779+01:00" testType="13cdc9d9-ddb5-4fa4-a97d-d965ccfc6d4b" outcome="Passed" testListId="8c84fa94-04c1-424b-9868-57a2d4851a1d" relativeResultsDirectory="cb0e2e23-52a5-49a3-be51-09ac427feb56" />
    <UnitTestResult executionId="0a79b376-c1ff-4295-aa3d-1b2ba0657003" testId="b8d40805-4ecd-ae9f-1ca2-c8c3263fd00c" testName="SplitViewsTest" computerName="DKSR-EFI-06" duration="00:00:00.0083466" startTime="2024-01-09T15:41:02.5912515+01:00" endTime="2024-01-09T15:41:02.6068779+01:00" testType="13cdc9d9-ddb5-4fa4-a97d-d965ccfc6d4b" outcome="Passed" testListId="8c84fa94-04c1-424b-9868-57a2d4851a1d" relativeResultsDirectory="0a79b376-c1ff-4295-aa3d-1b2ba0657003" />
    <UnitTestResult executionId="f290417e-f54f-4562-a1c5-2b8dd17f495b" testId="6e96adc2-3fdc-0ba2-4a9e-041d478ad370" testName="CreateViewItemTestEmpty" computerName="DKSR-EFI-06" duration="00:00:00.0004137" startTime="2024-01-09T15:41:02.5600037+01:00" endTime="2024-01-09T15:41:02.5600037+01:00" testType="13cdc9d9-ddb5-4fa4-a97d-d965ccfc6d4b" outcome="Passed" testListId="8c84fa94-04c1-424b-9868-57a2d4851a1d" relativeResultsDirectory="f290417e-f54f-4562-a1c5-2b8dd17f495b" />
    <UnitTestResult executionId="ed94452f-7e09-4240-bd0f-c6a273da225f" testId="f71c123c-6224-3cde-ed06-e49ffffe41fc" testName="GetViewItemInformationTestVolapyk1" computerName="DKSR-EFI-06" duration="00:00:00.0001420" startTime="2024-01-09T15:41:02.5600037+01:00" endTime="2024-01-09T15:41:02.5600037+01:00" testType="13cdc9d9-ddb5-4fa4-a97d-d965ccfc6d4b" outcome="Passed" testListId="8c84fa94-04c1-424b-9868-57a2d4851a1d" relativeResultsDirectory="ed94452f-7e09-4240-bd0f-c6a273da225f" />
    <UnitTestResult executionId="38d673b6-f280-485f-92a8-cca059307b73" testId="6ece286f-822a-1030-1263-6a2e679e2fa3" testName="XmlDefinitionTest" computerName="DKSR-EFI-06" duration="00:00:00.0003994" startTime="2024-01-09T15:41:02.6068779+01:00" endTime="2024-01-09T15:41:02.6068779+01:00" testType="13cdc9d9-ddb5-4fa4-a97d-d965ccfc6d4b" outcome="Passed" testListId="8c84fa94-04c1-424b-9868-57a2d4851a1d" relativeResultsDirectory="38d673b6-f280-485f-92a8-cca059307b73" />
    <UnitTestResult executionId="f091ac72-f927-4c8a-bbb8-0ac8534218f2" testId="9dbafe7d-bc33-528e-4673-e2398c67f197" testName="MergeViewsTestNestedGroups" computerName="DKSR-EFI-06" duration="00:00:00.0309164" startTime="2024-01-09T15:41:02.5131280+01:00" endTime="2024-01-09T15:41:02.5443753+01:00" testType="13cdc9d9-ddb5-4fa4-a97d-d965ccfc6d4b" outcome="Passed" testListId="8c84fa94-04c1-424b-9868-57a2d4851a1d" relativeResultsDirectory="f091ac72-f927-4c8a-bbb8-0ac8534218f2" />
    <UnitTestResult executionId="15e623d0-cc01-4c48-af06-7850d0a209a2" testId="d051d716-1af7-d095-3265-7e715bcf7613" testName="XmlDefinitionTestTooLarge" computerName="DKSR-EFI-06" duration="00:00:00.0035432" startTime="2024-01-09T15:41:02.4975018+01:00" endTime="2024-01-09T15:41:02.5131280+01:00" testType="13cdc9d9-ddb5-4fa4-a97d-d965ccfc6d4b" outcome="Passed" testListId="8c84fa94-04c1-424b-9868-57a2d4851a1d" relativeResultsDirectory="15e623d0-cc01-4c48-af06-7850d0a209a2" />
    <UnitTestResult executionId="121ce557-9e30-4d67-98ee-971f1ce7cfdf" testId="408ad07d-5f6b-b886-4d3f-296acfe05eb9" testName="OemResourceTestMissingResource" computerName="DKSR-EFI-06" duration="00:00:00.0001302" startTime="2024-01-09T15:41:01.9662486+01:00" endTime="2024-01-09T15:41:01.9662486+01:00" testType="13cdc9d9-ddb5-4fa4-a97d-d965ccfc6d4b" outcome="Passed" testListId="8c84fa94-04c1-424b-9868-57a2d4851a1d" relativeResultsDirectory="121ce557-9e30-4d67-98ee-971f1ce7cfdf" />
    <UnitTestResult executionId="de75a53d-3496-4664-8685-1993789b09a0" testId="6bfc640e-e0cc-1130-9c39-e1e47d6aee67" testName="GetViewLayoutIconWithNonsensdata" computerName="DKSR-EFI-06" duration="00:00:00.0093985" startTime="2024-01-09T15:41:02.5756268+01:00" endTime="2024-01-09T15:41:02.5912515+01:00" testType="13cdc9d9-ddb5-4fa4-a97d-d965ccfc6d4b" outcome="Passed" testListId="8c84fa94-04c1-424b-9868-57a2d4851a1d" relativeResultsDirectory="de75a53d-3496-4664-8685-1993789b09a0" />
    <UnitTestResult executionId="12a13d28-0a69-4a8e-b291-0fc2cf1183a9" testId="b9bc7de1-1701-54c1-97d8-89b432232c65" testName="SectionTest" computerName="DKSR-EFI-06" duration="00:00:00.0112229" startTime="2024-01-09T15:41:02.0443730+01:00" endTime="2024-01-09T15:41:02.0443730+01:00" testType="13cdc9d9-ddb5-4fa4-a97d-d965ccfc6d4b" outcome="Passed" testListId="8c84fa94-04c1-424b-9868-57a2d4851a1d" relativeResultsDirectory="12a13d28-0a69-4a8e-b291-0fc2cf1183a9" />
    <UnitTestResult executionId="a53b7980-4b44-4b71-a36b-e239b8f3fd37" testId="5666b8c7-f9af-e7d0-86ea-81d03aa4bf97" testName="GetViewLayoutIconWithoutIconData" computerName="DKSR-EFI-06" duration="00:00:00.0003111" startTime="2024-01-09T15:41:02.5756268+01:00" endTime="2024-01-09T15:41:02.5756268+01:00" testType="13cdc9d9-ddb5-4fa4-a97d-d965ccfc6d4b" outcome="Passed" testListId="8c84fa94-04c1-424b-9868-57a2d4851a1d" relativeResultsDirectory="a53b7980-4b44-4b71-a36b-e239b8f3fd37" />
    <UnitTestResult executionId="f2ebf6de-46ba-4a90-ba81-29f313fb26c1" testId="5fbfefb8-c26a-ecc5-0419-050c66084439" testName="GetViewItemInformationTestUnknown" computerName="DKSR-EFI-06" duration="00:00:00.0002034" startTime="2024-01-09T15:41:02.5600037+01:00" endTime="2024-01-09T15:41:02.5600037+01:00" testType="13cdc9d9-ddb5-4fa4-a97d-d965ccfc6d4b" outcome="Passed" testListId="8c84fa94-04c1-424b-9868-57a2d4851a1d" relativeResultsDirectory="f2ebf6de-46ba-4a90-ba81-29f313fb26c1" />
    <UnitTestResult executionId="4b4233ad-81e7-41d2-8ebe-75200a49cbf0" testId="67bdb42f-3b3e-9ff5-d6f4-e67898880eab" testName="OemResourceTestRight" computerName="DKSR-EFI-06" duration="00:00:00.0001216" startTime="2024-01-09T15:41:01.9662486+01:00" endTime="2024-01-09T15:41:01.9662486+01:00" testType="13cdc9d9-ddb5-4fa4-a97d-d965ccfc6d4b" outcome="Passed" testListId="8c84fa94-04c1-424b-9868-57a2d4851a1d" relativeResultsDirectory="4b4233ad-81e7-41d2-8ebe-75200a49cbf0" />
    <UnitTestResult executionId="11a131d1-a99f-4b2c-917f-28f313d28079" testId="de88dd35-2bb3-134a-91c5-582a2de3180e" testName="HasSameLayoutTestDifferentLayout" computerName="DKSR-EFI-06" duration="00:00:00.0007879" startTime="2024-01-09T15:41:02.4975018+01:00" endTime="2024-01-09T15:41:02.4975018+01:00" testType="13cdc9d9-ddb5-4fa4-a97d-d965ccfc6d4b" outcome="Passed" testListId="8c84fa94-04c1-424b-9868-57a2d4851a1d" relativeResultsDirectory="11a131d1-a99f-4b2c-917f-28f313d28079" />
    <UnitTestResult executionId="2be70a46-7c51-4c5a-8900-f66ccf3c6d1a" testId="1f4391e4-ec80-0d11-c7a5-0f92acc9ef76" testName="OptionIdExists" computerName="DKSR-EFI-06" duration="00:00:00.0100448" startTime="2024-01-09T15:41:02.0756227+01:00" endTime="2024-01-09T15:41:02.0756227+01:00" testType="13cdc9d9-ddb5-4fa4-a97d-d965ccfc6d4b" outcome="Passed" testListId="8c84fa94-04c1-424b-9868-57a2d4851a1d" relativeResultsDirectory="2be70a46-7c51-4c5a-8900-f66ccf3c6d1a" />
    <UnitTestResult executionId="e59e01f2-225c-48d7-8360-4fbbb753e9d9" testId="b6d6a872-f637-0453-3277-4afc1d03bdca" testName="ResourceTest" computerName="DKSR-EFI-06" duration="00:00:00.5259627" startTime="2024-01-09T15:41:01.2473730+01:00" endTime="2024-01-09T15:41:01.9037502+01:00" testType="13cdc9d9-ddb5-4fa4-a97d-d965ccfc6d4b" outcome="Passed" testListId="8c84fa94-04c1-424b-9868-57a2d4851a1d" relativeResultsDirectory="e59e01f2-225c-48d7-8360-4fbbb753e9d9" />
    <UnitTestResult executionId="eda4bb02-95c7-4c68-a29d-93159a91da02" testId="eede754c-6bf8-cc48-0806-5973ae66c9ef" testName="CreateAViewFromViewLayout" computerName="DKSR-EFI-06" duration="00:00:00.0032767" startTime="2024-01-09T15:41:02.6225019+01:00" endTime="2024-01-09T15:41:02.6225019+01:00" testType="13cdc9d9-ddb5-4fa4-a97d-d965ccfc6d4b" outcome="Passed" testListId="8c84fa94-04c1-424b-9868-57a2d4851a1d" relativeResultsDirectory="eda4bb02-95c7-4c68-a29d-93159a91da02" />
    <UnitTestResult executionId="b55b4f3c-4d97-4665-a618-70cb356616a1" testId="97082b05-d0c1-515c-c534-550af4f1effa" testName="GetXMLTest" computerName="DKSR-EFI-06" duration="00:00:00.0076539" startTime="2024-01-09T15:41:02.4662507+01:00" endTime="2024-01-09T15:41:02.4818770+01:00" testType="13cdc9d9-ddb5-4fa4-a97d-d965ccfc6d4b" outcome="Passed" testListId="8c84fa94-04c1-424b-9868-57a2d4851a1d" relativeResultsDirectory="b55b4f3c-4d97-4665-a618-70cb356616a1" />
    <UnitTestResult executionId="1c88b770-4359-4249-b060-1a9c7f20c951" testId="4b8fac32-9961-67f2-19bd-ce7f37511565" testName="SettingsTest" computerName="DKSR-EFI-06" duration="00:00:00.0130867" startTime="2024-01-09T15:41:02.0443730+01:00" endTime="2024-01-09T15:41:02.0599999+01:00" testType="13cdc9d9-ddb5-4fa4-a97d-d965ccfc6d4b" outcome="Passed" testListId="8c84fa94-04c1-424b-9868-57a2d4851a1d" relativeResultsDirectory="1c88b770-4359-4249-b060-1a9c7f20c951" />
    <UnitTestResult executionId="64b8c7cb-3eaa-42ed-82c1-178b75c09c92" testId="c1aec6fa-d646-bbe2-40da-d1ef4ef9654d" testName="GetViewItemInformationTestVolapyk" computerName="DKSR-EFI-06" duration="00:00:00.0007011" startTime="2024-01-09T15:41:02.5600037+01:00" endTime="2024-01-09T15:41:02.5600037+01:00" testType="13cdc9d9-ddb5-4fa4-a97d-d965ccfc6d4b" outcome="Passed" testListId="8c84fa94-04c1-424b-9868-57a2d4851a1d" relativeResultsDirectory="64b8c7cb-3eaa-42ed-82c1-178b75c09c92" />
    <UnitTestResult executionId="7315a35f-d809-4be1-9b7f-38ee5f0a2f57" testId="8bf99f23-19c7-fd04-b2e4-c5011f2571b8" testName="XmlDefinitionTestChangeId" computerName="DKSR-EFI-06" duration="00:00:00.0036988" startTime="2024-01-09T15:41:02.4818770+01:00" endTime="2024-01-09T15:41:02.4818770+01:00" testType="13cdc9d9-ddb5-4fa4-a97d-d965ccfc6d4b" outcome="Passed" testListId="8c84fa94-04c1-424b-9868-57a2d4851a1d" relativeResultsDirectory="7315a35f-d809-4be1-9b7f-38ee5f0a2f57" />
    <UnitTestResult executionId="91ce40f0-db52-4120-8f56-ea82c84f1dd8" testId="d7213de0-ba53-6299-6081-4e8f0391fa0f" testName="XmlDefinitionTestSameXmlDefWithViewLayout" computerName="DKSR-EFI-06" duration="00:00:00.0053279" startTime="2024-01-09T15:41:02.4506257+01:00" endTime="2024-01-09T15:41:02.4506257+01:00" testType="13cdc9d9-ddb5-4fa4-a97d-d965ccfc6d4b" outcome="Passed" testListId="8c84fa94-04c1-424b-9868-57a2d4851a1d" relativeResultsDirectory="91ce40f0-db52-4120-8f56-ea82c84f1dd8" />
    <UnitTestResult executionId="52dd3ad1-1401-46d9-b0ed-a451c17ba8c0" testId="fc6a211c-ab15-f856-ad3d-4b03d7bd9abb" testName="OemResourceTestMultiple" computerName="DKSR-EFI-06" duration="00:00:00.0001176" startTime="2024-01-09T15:41:01.9662486+01:00" endTime="2024-01-09T15:41:01.9662486+01:00" testType="13cdc9d9-ddb5-4fa4-a97d-d965ccfc6d4b" outcome="Passed" testListId="8c84fa94-04c1-424b-9868-57a2d4851a1d" relativeResultsDirectory="52dd3ad1-1401-46d9-b0ed-a451c17ba8c0" />
    <UnitTestResult executionId="312630c1-c714-4f66-bafc-a83b86821e78" testId="a6b14cbd-c459-74e0-c0e1-a2ee29cbdab4" testName="MergeViewsTestRenameViewItem2" computerName="DKSR-EFI-06" duration="00:00:00.0043929" startTime="2024-01-09T15:41:02.5131280+01:00" endTime="2024-01-09T15:41:02.5131280+01:00" testType="13cdc9d9-ddb5-4fa4-a97d-d965ccfc6d4b" outcome="Passed" testListId="8c84fa94-04c1-424b-9868-57a2d4851a1d" relativeResultsDirectory="312630c1-c714-4f66-bafc-a83b86821e78" />
    <UnitTestResult executionId="5f33e7de-086a-415a-b8b4-e410579f4915" testId="bc2b776f-71aa-5f70-1c0e-34250d6d2c50" testName="GetViewItemInformationTestVolapyk2" computerName="DKSR-EFI-06" duration="00:00:00.0029959" startTime="2024-01-09T15:41:02.5600037+01:00" endTime="2024-01-09T15:41:02.5600037+01:00" testType="13cdc9d9-ddb5-4fa4-a97d-d965ccfc6d4b" outcome="Passed" testListId="8c84fa94-04c1-424b-9868-57a2d4851a1d" relativeResultsDirectory="5f33e7de-086a-415a-b8b4-e410579f4915" />
    <UnitTestResult executionId="c6703392-f06d-4503-8a19-ea2a6fff6c1b" testId="f27ace5c-74da-f06b-4b97-3991ab63f367" testName="CreateViewTest" computerName="DKSR-EFI-06" duration="00:00:00.0038970" startTime="2024-01-09T15:41:02.5912515+01:00" endTime="2024-01-09T15:41:02.5912515+01:00" testType="13cdc9d9-ddb5-4fa4-a97d-d965ccfc6d4b" outcome="Passed" testListId="8c84fa94-04c1-424b-9868-57a2d4851a1d" relativeResultsDirectory="c6703392-f06d-4503-8a19-ea2a6fff6c1b" />
    <UnitTestResult executionId="83034468-87fe-4ce7-b415-50c16bb35522" testId="564a5326-9045-4af6-a307-44976ed413a3" testName="XmlDefinitionTestInputXmlDefTooLarge" computerName="DKSR-EFI-06" duration="00:00:00.0075065" startTime="2024-01-09T15:41:02.4350021+01:00" endTime="2024-01-09T15:41:02.4506257+01:00" testType="13cdc9d9-ddb5-4fa4-a97d-d965ccfc6d4b" outcome="Passed" testListId="8c84fa94-04c1-424b-9868-57a2d4851a1d" relativeResultsDirectory="83034468-87fe-4ce7-b415-50c16bb35522" />
    <UnitTestResult executionId="634306a1-a6da-4dd8-9883-8756dd76efc3" testId="c4dbd4c5-72c0-15f5-b4ca-7f7b2d8cf0ea" testName="ClientProfileSpecificationConstructorTest" computerName="DKSR-EFI-06" duration="00:00:00.0543631" startTime="2024-01-09T15:41:01.9662486+01:00" endTime="2024-01-09T15:41:02.0287513+01:00" testType="13cdc9d9-ddb5-4fa4-a97d-d965ccfc6d4b" outcome="Passed" testListId="8c84fa94-04c1-424b-9868-57a2d4851a1d" relativeResultsDirectory="634306a1-a6da-4dd8-9883-8756dd76efc3" />
    <UnitTestResult executionId="47a3d2ad-1c70-4147-971b-6e442ccae7c2" testId="09402b39-b44e-45d3-946a-a044fe71ca96" testName="CreateAViewItem" computerName="DKSR-EFI-06" duration="00:00:00.0005932" startTime="2024-01-09T15:41:02.6225019+01:00" endTime="2024-01-09T15:41:02.6381315+01:00" testType="13cdc9d9-ddb5-4fa4-a97d-d965ccfc6d4b" outcome="Passed" testListId="8c84fa94-04c1-424b-9868-57a2d4851a1d" relativeResultsDirectory="47a3d2ad-1c70-4147-971b-6e442ccae7c2" />
    <UnitTestResult executionId="bc7a6fcd-0f00-41c9-9f3c-21d89f61ba52" testId="98d520ea-7719-19c4-1c75-d35945f01721" testName="GetViewTest" computerName="DKSR-EFI-06" duration="00:00:00.0056655" startTime="2024-01-09T15:41:02.6068779+01:00" endTime="2024-01-09T15:41:02.6068779+01:00" testType="13cdc9d9-ddb5-4fa4-a97d-d965ccfc6d4b" outcome="Passed" testListId="8c84fa94-04c1-424b-9868-57a2d4851a1d" relativeResultsDirectory="bc7a6fcd-0f00-41c9-9f3c-21d89f61ba52" />
    <UnitTestResult executionId="aa8bd561-52ac-41a0-a021-935b1546b3c0" testId="0a0a41c5-0650-4778-1e4c-1ccad8eb4718" testName="XmlDefinitionTestSameXmlDef" computerName="DKSR-EFI-06" duration="00:00:00.1021339" startTime="2024-01-09T15:41:02.0756227+01:00" endTime="2024-01-09T15:41:02.1850009+01:00" testType="13cdc9d9-ddb5-4fa4-a97d-d965ccfc6d4b" outcome="Passed" testListId="8c84fa94-04c1-424b-9868-57a2d4851a1d" relativeResultsDirectory="aa8bd561-52ac-41a0-a021-935b1546b3c0" />
    <UnitTestResult executionId="e336823e-ce84-466c-9e10-d59e3a39c9d8" testId="1c6db5ba-20fe-28ab-2a15-0a57b74b546c" testName="CreateViewItemTestWithoutName" computerName="DKSR-EFI-06" duration="00:00:00.0006415" startTime="2024-01-09T15:41:02.5600037+01:00" endTime="2024-01-09T15:41:02.5600037+01:00" testType="13cdc9d9-ddb5-4fa4-a97d-d965ccfc6d4b" outcome="Passed" testListId="8c84fa94-04c1-424b-9868-57a2d4851a1d" relativeResultsDirectory="e336823e-ce84-466c-9e10-d59e3a39c9d8" />
    <UnitTestResult executionId="bc958a63-2f1d-43f3-afc7-9bdec71cbd38" testId="ff4e3e4a-f004-2767-4cb7-e0f5465b86bd" testName="GetViewItemInformationTestEmpty" computerName="DKSR-EFI-06" duration="00:00:00.0002536" startTime="2024-01-09T15:41:02.5600037+01:00" endTime="2024-01-09T15:41:02.5600037+01:00" testType="13cdc9d9-ddb5-4fa4-a97d-d965ccfc6d4b" outcome="Passed" testListId="8c84fa94-04c1-424b-9868-57a2d4851a1d" relativeResultsDirectory="bc958a63-2f1d-43f3-afc7-9bdec71cbd38" />
    <UnitTestResult executionId="9fd52199-0c19-4ebf-a778-66118c362046" testId="30eeb4d0-7353-f7b2-9ab9-ee46aa661d39" testName="XmlDefinitionTestChangeId" computerName="DKSR-EFI-06" duration="00:00:00.0005706" startTime="2024-01-09T15:41:02.3568754+01:00" endTime="2024-01-09T15:41:02.3568754+01:00" testType="13cdc9d9-ddb5-4fa4-a97d-d965ccfc6d4b" outcome="Passed" testListId="8c84fa94-04c1-424b-9868-57a2d4851a1d" relativeResultsDirectory="9fd52199-0c19-4ebf-a778-66118c362046" />
    <UnitTestResult executionId="5a6eec54-0bcf-4020-9b0e-4db8f8b02d13" testId="fd16fc0b-de35-083b-ff58-022abe317523" testName="XmlDefinitionTestChangeName" computerName="DKSR-EFI-06" duration="00:00:00.0004599" startTime="2024-01-09T15:41:02.3568754+01:00" endTime="2024-01-09T15:41:02.3568754+01:00" testType="13cdc9d9-ddb5-4fa4-a97d-d965ccfc6d4b" outcome="Passed" testListId="8c84fa94-04c1-424b-9868-57a2d4851a1d" relativeResultsDirectory="5a6eec54-0bcf-4020-9b0e-4db8f8b02d13" />
    <UnitTestResult executionId="07908afc-4fa7-46fb-9e6b-862d41261f17" testId="2b3421b2-5298-af46-f802-a064b4d69678" testName="XmlDefinitionTestChangeName" computerName="DKSR-EFI-06" duration="00:00:00.0035388" startTime="2024-01-09T15:41:02.4818770+01:00" endTime="2024-01-09T15:41:02.4818770+01:00" testType="13cdc9d9-ddb5-4fa4-a97d-d965ccfc6d4b" outcome="Passed" testListId="8c84fa94-04c1-424b-9868-57a2d4851a1d" relativeResultsDirectory="07908afc-4fa7-46fb-9e6b-862d41261f17" />
  </Results>
  <TestDefinitions>
    <UnitTest name="XmlDefinitionTestChangeName" storage="d:\actions-runner\_work\xpco\xpco\common\sc_sharedcomponent\components\dotnet\videoos.common.sharedcomponent\unittest\bin\debug\net47\videoos.common.sharedcomponent.unittest.dll" id="2b3421b2-5298-af46-f802-a064b4d69678">
      <Execution id="07908afc-4fa7-46fb-9e6b-862d41261f17" />
      <TestMethod codeBase="D:\actions-runner\_work\XPCO\XPCO\Common\SC_SharedComponent\Components\dotNet\VideoOS.Common.SharedComponent\unittest\bin\Debug\net47\VideoOS.Common.SharedComponent.UnitTest.dll" adapterTypeName="executor://mstestadapter/v2" className="VideoOS.Common.SharedComponent.UnitTest.ViewDataTest" name="XmlDefinitionTestChangeName" />
    </UnitTest>
    <UnitTest name="ReadFromDatabaseToOldInterface" storage="d:\actions-runner\_work\xpco\xpco\common\sc_sharedcomponent\components\dotnet\videoos.common.sharedcomponent\unittest\bin\debug\net47\videoos.common.sharedcomponent.unittest.dll" id="723547fd-ec7f-8d56-98a9-e37c396dca17">
      <Execution id="bd04f1bc-26ee-4374-993b-a2c37cd29916" />
      <TestMethod codeBase="D:\actions-runner\_work\XPCO\XPCO\Common\SC_SharedComponent\Components\dotNet\VideoOS.Common.SharedComponent\unittest\bin\Debug\net47\VideoOS.Common.SharedComponent.UnitTest.dll" adapterTypeName="executor://mstestadapter/v2" className="VideoOS.Common.SharedComponent.UnitTest.XPCOTests" name="ReadFromDatabaseToOldInterface" />
    </UnitTest>
    <UnitTest name="CreateViewTest" storage="d:\actions-runner\_work\xpco\xpco\common\sc_sharedcomponent\components\dotnet\videoos.common.sharedcomponent\unittest\bin\debug\net47\videoos.common.sharedcomponent.unittest.dll" id="f27ace5c-74da-f06b-4b97-3991ab63f367">
      <Execution id="c6703392-f06d-4503-8a19-ea2a6fff6c1b" />
      <TestMethod codeBase="D:\actions-runner\_work\XPCO\XPCO\Common\SC_SharedComponent\Components\dotNet\VideoOS.Common.SharedComponent\unittest\bin\Debug\net47\VideoOS.Common.SharedComponent.UnitTest.dll" adapterTypeName="executor://mstestadapter/v2" className="VideoOS.Common.SharedComponent.UnitTest.ViewHandlingTest" name="CreateViewTest" />
    </UnitTest>
    <UnitTest name="XmlDefinitionTestSameXmlDefWithViewLayoutNotMatchingViewLayoutType" storage="d:\actions-runner\_work\xpco\xpco\common\sc_sharedcomponent\components\dotnet\videoos.common.sharedcomponent\unittest\bin\debug\net47\videoos.common.sharedcomponent.unittest.dll" id="1f58a5b1-b50f-beb5-d86f-d4c6eddf592e">
      <Execution id="2c9509d9-2e68-4a88-83fe-b05cd991face" />
      <TestMethod codeBase="D:\actions-runner\_work\XPCO\XPCO\Common\SC_SharedComponent\Components\dotNet\VideoOS.Common.SharedComponent\unittest\bin\Debug\net47\VideoOS.Common.SharedComponent.UnitTest.dll" adapterTypeName="executor://mstestadapter/v2" className="VideoOS.Common.SharedComponent.UnitTest.ViewDataTest" name="XmlDefinitionTestSameXmlDefWithViewLayoutNotMatchingViewLayoutType" />
    </UnitTest>
    <UnitTest name="XmlDefinitionTest" storage="d:\actions-runner\_work\xpco\xpco\common\sc_sharedcomponent\components\dotnet\videoos.common.sharedcomponent\unittest\bin\debug\net47\videoos.common.sharedcomponent.unittest.dll" id="6ece286f-822a-1030-1263-6a2e679e2fa3">
      <Execution id="38d673b6-f280-485f-92a8-cca059307b73" />
      <TestMethod codeBase="D:\actions-runner\_work\XPCO\XPCO\Common\SC_SharedComponent\Components\dotNet\VideoOS.Common.SharedComponent\unittest\bin\Debug\net47\VideoOS.Common.SharedComponent.UnitTest.dll" adapterTypeName="executor://mstestadapter/v2" className="VideoOS.Common.SharedComponent.UnitTest.ViewItemDataTest" name="XmlDefinitionTest" />
    </UnitTest>
    <UnitTest name="XmlDefinitionTestSameXmlDef" storage="d:\actions-runner\_work\xpco\xpco\common\sc_sharedcomponent\components\dotnet\videoos.common.sharedcomponent\unittest\bin\debug\net47\videoos.common.sharedcomponent.unittest.dll" id="8599377f-271d-d979-321b-9c23e61d44ef">
      <Execution id="bef7e274-5d32-4c05-b47c-0eae78bb0cc5" />
      <TestMethod codeBase="D:\actions-runner\_work\XPCO\XPCO\Common\SC_SharedComponent\Components\dotNet\VideoOS.Common.SharedComponent\unittest\bin\Debug\net47\VideoOS.Common.SharedComponent.UnitTest.dll" adapterTypeName="executor://mstestadapter/v2" className="VideoOS.Common.SharedComponent.UnitTest.ViewGroupDataTest" name="XmlDefinitionTestSameXmlDef" />
    </UnitTest>
    <UnitTest name="ReadTheLayoutOfAMonitorPreset" storage="d:\actions-runner\_work\xpco\xpco\common\sc_sharedcomponent\components\dotnet\videoos.common.sharedcomponent\unittest\bin\debug\net47\videoos.common.sharedcomponent.unittest.dll" id="5806e882-3887-1382-2196-322773243e4b">
      <Execution id="abb9a464-40e5-4284-9002-58613143158f" />
      <TestMethod codeBase="D:\actions-runner\_work\XPCO\XPCO\Common\SC_SharedComponent\Components\dotNet\VideoOS.Common.SharedComponent\unittest\bin\Debug\net47\VideoOS.Common.SharedComponent.UnitTest.dll" adapterTypeName="executor://mstestadapter/v2" className="VideoOS.Common.SharedComponent.UnitTest.XPCOTests" name="ReadTheLayoutOfAMonitorPreset" />
    </UnitTest>
    <UnitTest name="TestMilestoneResource_CanReadValues_Success" storage="d:\actions-runner\_work\xpco\xpco\common\sc_sharedcomponent\components\dotnet\videoos.common.sharedcomponent\unittest\bin\debug\net47\videoos.common.sharedcomponent.unittest.dll" id="293549dc-68c7-14f8-4650-5a62dec63b87">
      <Execution id="8de2ca24-9e63-48e7-b952-cfb11c329418" />
      <TestMethod codeBase="D:\actions-runner\_work\XPCO\XPCO\Common\SC_SharedComponent\Components\dotNet\VideoOS.Common.SharedComponent\unittest\bin\Debug\net47\VideoOS.Common.SharedComponent.UnitTest.dll" adapterTypeName="executor://mstestadapter/v2" className="VideoOS.Common.SharedComponent.UnitTest.ResourceXmlTests" name="TestMilestoneResource_CanReadValues_Success" />
    </UnitTest>
    <UnitTest name="OemResourceTestLeft" storage="d:\actions-runner\_work\xpco\xpco\common\sc_sharedcomponent\components\dotnet\videoos.common.sharedcomponent\unittest\bin\debug\net47\videoos.common.sharedcomponent.unittest.dll" id="47403bc3-967a-71b3-2066-826018c7ac17">
      <Execution id="f4dc12ff-08dd-41a2-8878-59cf465d0334" />
      <TestMethod codeBase="D:\actions-runner\_work\XPCO\XPCO\Common\SC_SharedComponent\Components\dotNet\VideoOS.Common.SharedComponent\unittest\bin\Debug\net47\VideoOS.Common.SharedComponent.UnitTest.dll" adapterTypeName="executor://mstestadapter/v2" className="VideoOS.Common.SharedComponent.UnitTest.ClientProfileSpecificationTest" name="OemResourceTestLeft" />
    </UnitTest>
    <UnitTest name="SectionTest" storage="d:\actions-runner\_work\xpco\xpco\common\sc_sharedcomponent\components\dotnet\videoos.common.sharedcomponent\unittest\bin\debug\net47\videoos.common.sharedcomponent.unittest.dll" id="b9bc7de1-1701-54c1-97d8-89b432232c65">
      <Execution id="12a13d28-0a69-4a8e-b291-0fc2cf1183a9" />
      <TestMethod codeBase="D:\actions-runner\_work\XPCO\XPCO\Common\SC_SharedComponent\Components\dotNet\VideoOS.Common.SharedComponent\unittest\bin\Debug\net47\VideoOS.Common.SharedComponent.UnitTest.dll" adapterTypeName="executor://mstestadapter/v2" className="VideoOS.Common.SharedComponent.UnitTest.ClientProfileSpecificationTest" name="SectionTest" />
    </UnitTest>
    <UnitTest name="XmlDefinitionTestSameXmlDefWithOutViewLayout" storage="d:\actions-runner\_work\xpco\xpco\common\sc_sharedcomponent\components\dotnet\videoos.common.sharedcomponent\unittest\bin\debug\net47\videoos.common.sharedcomponent.unittest.dll" id="2491c8e0-6864-aec1-2ce1-44db22ef6175">
      <Execution id="f8304d63-983e-4b41-9407-bf943ddd3ba6" />
      <TestMethod codeBase="D:\actions-runner\_work\XPCO\XPCO\Common\SC_SharedComponent\Components\dotNet\VideoOS.Common.SharedComponent\unittest\bin\Debug\net47\VideoOS.Common.SharedComponent.UnitTest.dll" adapterTypeName="executor://mstestadapter/v2" className="VideoOS.Common.SharedComponent.UnitTest.ViewDataTest" name="XmlDefinitionTestSameXmlDefWithOutViewLayout" />
    </UnitTest>
    <UnitTest name="XmlDefinitionTestChangeId" storage="d:\actions-runner\_work\xpco\xpco\common\sc_sharedcomponent\components\dotnet\videoos.common.sharedcomponent\unittest\bin\debug\net47\videoos.common.sharedcomponent.unittest.dll" id="8bf99f23-19c7-fd04-b2e4-c5011f2571b8">
      <Execution id="7315a35f-d809-4be1-9b7f-38ee5f0a2f57" />
      <TestMethod codeBase="D:\actions-runner\_work\XPCO\XPCO\Common\SC_SharedComponent\Components\dotNet\VideoOS.Common.SharedComponent\unittest\bin\Debug\net47\VideoOS.Common.SharedComponent.UnitTest.dll" adapterTypeName="executor://mstestadapter/v2" className="VideoOS.Common.SharedComponent.UnitTest.ViewDataTest" name="XmlDefinitionTestChangeId" />
    </UnitTest>
    <UnitTest name="OemResourceTestMissingResource" storage="d:\actions-runner\_work\xpco\xpco\common\sc_sharedcomponent\components\dotnet\videoos.common.sharedcomponent\unittest\bin\debug\net47\videoos.common.sharedcomponent.unittest.dll" id="408ad07d-5f6b-b886-4d3f-296acfe05eb9">
      <Execution id="121ce557-9e30-4d67-98ee-971f1ce7cfdf" />
      <TestMethod codeBase="D:\actions-runner\_work\XPCO\XPCO\Common\SC_SharedComponent\Components\dotNet\VideoOS.Common.SharedComponent\unittest\bin\Debug\net47\VideoOS.Common.SharedComponent.UnitTest.dll" adapterTypeName="executor://mstestadapter/v2" className="VideoOS.Common.SharedComponent.UnitTest.ClientProfileSpecificationTest" name="OemResourceTestMissingResource" />
    </UnitTest>
    <UnitTest name="CreateViewItemTestWithoutName" storage="d:\actions-runner\_work\xpco\xpco\common\sc_sharedcomponent\components\dotnet\videoos.common.sharedcomponent\unittest\bin\debug\net47\videoos.common.sharedcomponent.unittest.dll" id="1c6db5ba-20fe-28ab-2a15-0a57b74b546c">
      <Execution id="e336823e-ce84-466c-9e10-d59e3a39c9d8" />
      <TestMethod codeBase="D:\actions-runner\_work\XPCO\XPCO\Common\SC_SharedComponent\Components\dotNet\VideoOS.Common.SharedComponent\unittest\bin\Debug\net47\VideoOS.Common.SharedComponent.UnitTest.dll" adapterTypeName="executor://mstestadapter/v2" className="VideoOS.Common.SharedComponent.UnitTest.ViewHandlingTest" name="CreateViewItemTestWithoutName" />
    </UnitTest>
    <UnitTest name="GetViewItemInformationTestVolapyk2" storage="d:\actions-runner\_work\xpco\xpco\common\sc_sharedcomponent\components\dotnet\videoos.common.sharedcomponent\unittest\bin\debug\net47\videoos.common.sharedcomponent.unittest.dll" id="bc2b776f-71aa-5f70-1c0e-34250d6d2c50">
      <Execution id="5f33e7de-086a-415a-b8b4-e410579f4915" />
      <TestMethod codeBase="D:\actions-runner\_work\XPCO\XPCO\Common\SC_SharedComponent\Components\dotNet\VideoOS.Common.SharedComponent\unittest\bin\Debug\net47\VideoOS.Common.SharedComponent.UnitTest.dll" adapterTypeName="executor://mstestadapter/v2" className="VideoOS.Common.SharedComponent.UnitTest.ViewHandlingTest" name="GetViewItemInformationTestVolapyk2" />
    </UnitTest>
    <UnitTest name="HasSameLayoutTestDifferentLayout" storage="d:\actions-runner\_work\xpco\xpco\common\sc_sharedcomponent\components\dotnet\videoos.common.sharedcomponent\unittest\bin\debug\net47\videoos.common.sharedcomponent.unittest.dll" id="de88dd35-2bb3-134a-91c5-582a2de3180e">
      <Execution id="11a131d1-a99f-4b2c-917f-28f313d28079" />
      <TestMethod codeBase="D:\actions-runner\_work\XPCO\XPCO\Common\SC_SharedComponent\Components\dotNet\VideoOS.Common.SharedComponent\unittest\bin\Debug\net47\VideoOS.Common.SharedComponent.UnitTest.dll" adapterTypeName="executor://mstestadapter/v2" className="VideoOS.Common.SharedComponent.UnitTest.ViewDataTest" name="HasSameLayoutTestDifferentLayout" />
    </UnitTest>
    <UnitTest name="MergeViewsTestRenameViewItem2" storage="d:\actions-runner\_work\xpco\xpco\common\sc_sharedcomponent\components\dotnet\videoos.common.sharedcomponent\unittest\bin\debug\net47\videoos.common.sharedcomponent.unittest.dll" id="a6b14cbd-c459-74e0-c0e1-a2ee29cbdab4">
      <Execution id="312630c1-c714-4f66-bafc-a83b86821e78" />
      <TestMethod codeBase="D:\actions-runner\_work\XPCO\XPCO\Common\SC_SharedComponent\Components\dotNet\VideoOS.Common.SharedComponent\unittest\bin\Debug\net47\VideoOS.Common.SharedComponent.UnitTest.dll" adapterTypeName="executor://mstestadapter/v2" className="VideoOS.Common.SharedComponent.UnitTest.ViewHandlingTest" name="MergeViewsTestRenameViewItem2" />
    </UnitTest>
    <UnitTest name="GetViewLayoutIconWithoutIconData" storage="d:\actions-runner\_work\xpco\xpco\common\sc_sharedcomponent\components\dotnet\videoos.common.sharedcomponent\unittest\bin\debug\net47\videoos.common.sharedcomponent.unittest.dll" id="5666b8c7-f9af-e7d0-86ea-81d03aa4bf97">
      <Execution id="a53b7980-4b44-4b71-a36b-e239b8f3fd37" />
      <TestMethod codeBase="D:\actions-runner\_work\XPCO\XPCO\Common\SC_SharedComponent\Components\dotNet\VideoOS.Common.SharedComponent\unittest\bin\Debug\net47\VideoOS.Common.SharedComponent.UnitTest.dll" adapterTypeName="executor://mstestadapter/v2" className="VideoOS.Common.SharedComponent.UnitTest.ViewHandlingTest" name="GetViewLayoutIconWithoutIconData" />
    </UnitTest>
    <UnitTest name="HasSameLayoutTestDifferentLayoutSameCountOfItems" storage="d:\actions-runner\_work\xpco\xpco\common\sc_sharedcomponent\components\dotnet\videoos.common.sharedcomponent\unittest\bin\debug\net47\videoos.common.sharedcomponent.unittest.dll" id="4172bb95-d7c9-fb83-5a23-b46d579edf2d">
      <Execution id="9b1699e3-8425-4812-bd60-9c8f63211914" />
      <TestMethod codeBase="D:\actions-runner\_work\XPCO\XPCO\Common\SC_SharedComponent\Components\dotNet\VideoOS.Common.SharedComponent\unittest\bin\Debug\net47\VideoOS.Common.SharedComponent.UnitTest.dll" adapterTypeName="executor://mstestadapter/v2" className="VideoOS.Common.SharedComponent.UnitTest.ViewDataTest" name="HasSameLayoutTestDifferentLayoutSameCountOfItems" />
    </UnitTest>
    <UnitTest name="GetViewItemInformationTestEmpty" storage="d:\actions-runner\_work\xpco\xpco\common\sc_sharedcomponent\components\dotnet\videoos.common.sharedcomponent\unittest\bin\debug\net47\videoos.common.sharedcomponent.unittest.dll" id="ff4e3e4a-f004-2767-4cb7-e0f5465b86bd">
      <Execution id="bc958a63-2f1d-43f3-afc7-9bdec71cbd38" />
      <TestMethod codeBase="D:\actions-runner\_work\XPCO\XPCO\Common\SC_SharedComponent\Components\dotNet\VideoOS.Common.SharedComponent\unittest\bin\Debug\net47\VideoOS.Common.SharedComponent.UnitTest.dll" adapterTypeName="executor://mstestadapter/v2" className="VideoOS.Common.SharedComponent.UnitTest.ViewHandlingTest" name="GetViewItemInformationTestEmpty" />
    </UnitTest>
    <UnitTest name="OptionIdExists" storage="d:\actions-runner\_work\xpco\xpco\common\sc_sharedcomponent\components\dotnet\videoos.common.sharedcomponent\unittest\bin\debug\net47\videoos.common.sharedcomponent.unittest.dll" id="1f4391e4-ec80-0d11-c7a5-0f92acc9ef76">
      <Execution id="2be70a46-7c51-4c5a-8900-f66ccf3c6d1a" />
      <TestMethod codeBase="D:\actions-runner\_work\XPCO\XPCO\Common\SC_SharedComponent\Components\dotNet\VideoOS.Common.SharedComponent\unittest\bin\Debug\net47\VideoOS.Common.SharedComponent.UnitTest.dll" adapterTypeName="executor://mstestadapter/v2" className="VideoOS.Common.SharedComponent.UnitTest.ClientProfileSpecificationTest" name="OptionIdExists" />
    </UnitTest>
    <UnitTest name="MergeViewsTestNestedGroups" storage="d:\actions-runner\_work\xpco\xpco\common\sc_sharedcomponent\components\dotnet\videoos.common.sharedcomponent\unittest\bin\debug\net47\videoos.common.sharedcomponent.unittest.dll" id="9dbafe7d-bc33-528e-4673-e2398c67f197">
      <Execution id="f091ac72-f927-4c8a-bbb8-0ac8534218f2" />
      <TestMethod codeBase="D:\actions-runner\_work\XPCO\XPCO\Common\SC_SharedComponent\Components\dotNet\VideoOS.Common.SharedComponent\unittest\bin\Debug\net47\VideoOS.Common.SharedComponent.UnitTest.dll" adapterTypeName="executor://mstestadapter/v2" className="VideoOS.Common.SharedComponent.UnitTest.ViewHandlingTest" name="MergeViewsTestNestedGroups" />
    </UnitTest>
    <UnitTest name="GetViewLayoutIcon" storage="d:\actions-runner\_work\xpco\xpco\common\sc_sharedcomponent\components\dotnet\videoos.common.sharedcomponent\unittest\bin\debug\net47\videoos.common.sharedcomponent.unittest.dll" id="53bbe8f2-0f34-e330-186b-23d3dc2eb668">
      <Execution id="685a9b4a-5b99-403a-acd7-4b8202460860" />
      <TestMethod codeBase="D:\actions-runner\_work\XPCO\XPCO\Common\SC_SharedComponent\Components\dotNet\VideoOS.Common.SharedComponent\unittest\bin\Debug\net47\VideoOS.Common.SharedComponent.UnitTest.dll" adapterTypeName="executor://mstestadapter/v2" className="VideoOS.Common.SharedComponent.UnitTest.ViewHandlingTest" name="GetViewLayoutIcon" />
    </UnitTest>
    <UnitTest name="WritingToDatabaseFromOldInterface" storage="d:\actions-runner\_work\xpco\xpco\common\sc_sharedcomponent\components\dotnet\videoos.common.sharedcomponent\unittest\bin\debug\net47\videoos.common.sharedcomponent.unittest.dll" id="236ca3ce-0389-8ef0-abea-b648ea8a1be0">
      <Execution id="576e1e3b-0faa-4e47-af68-aa8c8e634af0" />
      <TestMethod codeBase="D:\actions-runner\_work\XPCO\XPCO\Common\SC_SharedComponent\Components\dotNet\VideoOS.Common.SharedComponent\unittest\bin\Debug\net47\VideoOS.Common.SharedComponent.UnitTest.dll" adapterTypeName="executor://mstestadapter/v2" className="VideoOS.Common.SharedComponent.UnitTest.XPCOTests" name="WritingToDatabaseFromOldInterface" />
    </UnitTest>
    <UnitTest name="XmlDefinitionTestWithXmlNs" storage="d:\actions-runner\_work\xpco\xpco\common\sc_sharedcomponent\components\dotnet\videoos.common.sharedcomponent\unittest\bin\debug\net47\videoos.common.sharedcomponent.unittest.dll" id="11ab56de-5757-d5e9-ba57-61fb77e7bb23">
      <Execution id="2b1c90a8-d639-40b7-8820-744f6e173614" />
      <TestMethod codeBase="D:\actions-runner\_work\XPCO\XPCO\Common\SC_SharedComponent\Components\dotNet\VideoOS.Common.SharedComponent\unittest\bin\Debug\net47\VideoOS.Common.SharedComponent.UnitTest.dll" adapterTypeName="executor://mstestadapter/v2" className="VideoOS.Common.SharedComponent.UnitTest.ViewGroupDataTest" name="XmlDefinitionTestWithXmlNs" />
    </UnitTest>
    <UnitTest name="OEMTest" storage="d:\actions-runner\_work\xpco\xpco\common\sc_sharedcomponent\components\dotnet\videoos.common.sharedcomponent\unittest\bin\debug\net47\videoos.common.sharedcomponent.unittest.dll" id="689e1cc2-1038-8003-b0bc-81785b3aabb0">
      <Execution id="4f2ab4e7-420d-46a9-b607-c865d14b7fd7" />
      <TestMethod codeBase="D:\actions-runner\_work\XPCO\XPCO\Common\SC_SharedComponent\Components\dotNet\VideoOS.Common.SharedComponent\unittest\bin\Debug\net47\VideoOS.Common.SharedComponent.UnitTest.dll" adapterTypeName="executor://mstestadapter/v2" className="VideoOS.Common.SharedComponent.UnitTest.ClientProfileSpecificationTest" name="OEMTest" />
    </UnitTest>
    <UnitTest name="CreateViewItemTestEmpty" storage="d:\actions-runner\_work\xpco\xpco\common\sc_sharedcomponent\components\dotnet\videoos.common.sharedcomponent\unittest\bin\debug\net47\videoos.common.sharedcomponent.unittest.dll" id="6e96adc2-3fdc-0ba2-4a9e-041d478ad370">
      <Execution id="f290417e-f54f-4562-a1c5-2b8dd17f495b" />
      <TestMethod codeBase="D:\actions-runner\_work\XPCO\XPCO\Common\SC_SharedComponent\Components\dotNet\VideoOS.Common.SharedComponent\unittest\bin\Debug\net47\VideoOS.Common.SharedComponent.UnitTest.dll" adapterTypeName="executor://mstestadapter/v2" className="VideoOS.Common.SharedComponent.UnitTest.ViewHandlingTest" name="CreateViewItemTestEmpty" />
    </UnitTest>
    <UnitTest name="CreateAViewFromViewLayout" storage="d:\actions-runner\_work\xpco\xpco\common\sc_sharedcomponent\components\dotnet\videoos.common.sharedcomponent\unittest\bin\debug\net47\videoos.common.sharedcomponent.unittest.dll" id="eede754c-6bf8-cc48-0806-5973ae66c9ef">
      <Execution id="eda4bb02-95c7-4c68-a29d-93159a91da02" />
      <TestMethod codeBase="D:\actions-runner\_work\XPCO\XPCO\Common\SC_SharedComponent\Components\dotNet\VideoOS.Common.SharedComponent\unittest\bin\Debug\net47\VideoOS.Common.SharedComponent.UnitTest.dll" adapterTypeName="executor://mstestadapter/v2" className="VideoOS.Common.SharedComponent.UnitTest.XPCOTests" name="CreateAViewFromViewLayout" />
    </UnitTest>
    <UnitTest name="MergeViewsTestSimple" storage="d:\actions-runner\_work\xpco\xpco\common\sc_sharedcomponent\components\dotnet\videoos.common.sharedcomponent\unittest\bin\debug\net47\videoos.common.sharedcomponent.unittest.dll" id="0eb26f68-74bb-29d5-7d08-2de54c671d9a">
      <Execution id="037e7c9e-041e-46e7-b9a7-c0f40b63f4f6" />
      <TestMethod codeBase="D:\actions-runner\_work\XPCO\XPCO\Common\SC_SharedComponent\Components\dotNet\VideoOS.Common.SharedComponent\unittest\bin\Debug\net47\VideoOS.Common.SharedComponent.UnitTest.dll" adapterTypeName="executor://mstestadapter/v2" className="VideoOS.Common.SharedComponent.UnitTest.ViewHandlingTest" name="MergeViewsTestSimple" />
    </UnitTest>
    <UnitTest name="OemResourceTestMultiple" storage="d:\actions-runner\_work\xpco\xpco\common\sc_sharedcomponent\components\dotnet\videoos.common.sharedcomponent\unittest\bin\debug\net47\videoos.common.sharedcomponent.unittest.dll" id="fc6a211c-ab15-f856-ad3d-4b03d7bd9abb">
      <Execution id="52dd3ad1-1401-46d9-b0ed-a451c17ba8c0" />
      <TestMethod codeBase="D:\actions-runner\_work\XPCO\XPCO\Common\SC_SharedComponent\Components\dotNet\VideoOS.Common.SharedComponent\unittest\bin\Debug\net47\VideoOS.Common.SharedComponent.UnitTest.dll" adapterTypeName="executor://mstestadapter/v2" className="VideoOS.Common.SharedComponent.UnitTest.ClientProfileSpecificationTest" name="OemResourceTestMultiple" />
    </UnitTest>
    <UnitTest name="XmlDefinitionTestSameXmlDef" storage="d:\actions-runner\_work\xpco\xpco\common\sc_sharedcomponent\components\dotnet\videoos.common.sharedcomponent\unittest\bin\debug\net47\videoos.common.sharedcomponent.unittest.dll" id="0a0a41c5-0650-4778-1e4c-1ccad8eb4718">
      <Execution id="aa8bd561-52ac-41a0-a021-935b1546b3c0" />
      <TestMethod codeBase="D:\actions-runner\_work\XPCO\XPCO\Common\SC_SharedComponent\Components\dotNet\VideoOS.Common.SharedComponent\unittest\bin\Debug\net47\VideoOS.Common.SharedComponent.UnitTest.dll" adapterTypeName="executor://mstestadapter/v2" className="VideoOS.Common.SharedComponent.UnitTest.GroupDataTest" name="XmlDefinitionTestSameXmlDef" />
    </UnitTest>
    <UnitTest name="TestMilestoneAndPinkResourceXmlStructure_AreSame_Success" storage="d:\actions-runner\_work\xpco\xpco\common\sc_sharedcomponent\components\dotnet\videoos.common.sharedcomponent\unittest\bin\debug\net47\videoos.common.sharedcomponent.unittest.dll" id="9e06fd07-2b9d-78b8-e9d4-c1bfd78820ab">
      <Execution id="bff03bfd-d5ed-49ef-9f42-0fec7e50fa81" />
      <TestMethod codeBase="D:\actions-runner\_work\XPCO\XPCO\Common\SC_SharedComponent\Components\dotNet\VideoOS.Common.SharedComponent\unittest\bin\Debug\net47\VideoOS.Common.SharedComponent.UnitTest.dll" adapterTypeName="executor://mstestadapter/v2" className="VideoOS.Common.SharedComponent.UnitTest.ResourceXmlTests" name="TestMilestoneAndPinkResourceXmlStructure_AreSame_Success" />
    </UnitTest>
    <UnitTest name="ClientProfileSpecificationConstructorTest" storage="d:\actions-runner\_work\xpco\xpco\common\sc_sharedcomponent\components\dotnet\videoos.common.sharedcomponent\unittest\bin\debug\net47\videoos.common.sharedcomponent.unittest.dll" id="c4dbd4c5-72c0-15f5-b4ca-7f7b2d8cf0ea">
      <Execution id="634306a1-a6da-4dd8-9883-8756dd76efc3" />
      <TestMethod codeBase="D:\actions-runner\_work\XPCO\XPCO\Common\SC_SharedComponent\Components\dotNet\VideoOS.Common.SharedComponent\unittest\bin\Debug\net47\VideoOS.Common.SharedComponent.UnitTest.dll" adapterTypeName="executor://mstestadapter/v2" className="VideoOS.Common.SharedComponent.UnitTest.ClientProfileSpecificationTest" name="ClientProfileSpecificationConstructorTest" />
    </UnitTest>
    <UnitTest name="GetViewTest" storage="d:\actions-runner\_work\xpco\xpco\common\sc_sharedcomponent\components\dotnet\videoos.common.sharedcomponent\unittest\bin\debug\net47\videoos.common.sharedcomponent.unittest.dll" id="98d520ea-7719-19c4-1c75-d35945f01721">
      <Execution id="bc7a6fcd-0f00-41c9-9f3c-21d89f61ba52" />
      <TestMethod codeBase="D:\actions-runner\_work\XPCO\XPCO\Common\SC_SharedComponent\Components\dotNet\VideoOS.Common.SharedComponent\unittest\bin\Debug\net47\VideoOS.Common.SharedComponent.UnitTest.dll" adapterTypeName="executor://mstestadapter/v2" className="VideoOS.Common.SharedComponent.UnitTest.ViewHandlingTest" name="GetViewTest" />
    </UnitTest>
    <UnitTest name="XmlDefinitionTestInputXmlDefTooLarge" storage="d:\actions-runner\_work\xpco\xpco\common\sc_sharedcomponent\components\dotnet\videoos.common.sharedcomponent\unittest\bin\debug\net47\videoos.common.sharedcomponent.unittest.dll" id="564a5326-9045-4af6-a307-44976ed413a3">
      <Execution id="83034468-87fe-4ce7-b415-50c16bb35522" />
      <TestMethod codeBase="D:\actions-runner\_work\XPCO\XPCO\Common\SC_SharedComponent\Components\dotNet\VideoOS.Common.SharedComponent\unittest\bin\Debug\net47\VideoOS.Common.SharedComponent.UnitTest.dll" adapterTypeName="executor://mstestadapter/v2" className="VideoOS.Common.SharedComponent.UnitTest.ViewDataTest" name="XmlDefinitionTestInputXmlDefTooLarge" />
    </UnitTest>
    <UnitTest name="GetXMLTest" storage="d:\actions-runner\_work\xpco\xpco\common\sc_sharedcomponent\components\dotnet\videoos.common.sharedcomponent\unittest\bin\debug\net47\videoos.common.sharedcomponent.unittest.dll" id="97082b05-d0c1-515c-c534-550af4f1effa">
      <Execution id="b55b4f3c-4d97-4665-a618-70cb356616a1" />
      <TestMethod codeBase="D:\actions-runner\_work\XPCO\XPCO\Common\SC_SharedComponent\Components\dotNet\VideoOS.Common.SharedComponent\unittest\bin\Debug\net47\VideoOS.Common.SharedComponent.UnitTest.dll" adapterTypeName="executor://mstestadapter/v2" className="VideoOS.Common.SharedComponent.UnitTest.ViewDataTest" name="GetXMLTest" />
    </UnitTest>
    <UnitTest name="GetViewItemInformationTestCamera" storage="d:\actions-runner\_work\xpco\xpco\common\sc_sharedcomponent\components\dotnet\videoos.common.sharedcomponent\unittest\bin\debug\net47\videoos.common.sharedcomponent.unittest.dll" id="de9cbd9f-4471-4e54-f5db-b90506dbee28">
      <Execution id="8cb9cbbf-4aa0-453e-ae00-ee6681ad49ad" />
      <TestMethod codeBase="D:\actions-runner\_work\XPCO\XPCO\Common\SC_SharedComponent\Components\dotNet\VideoOS.Common.SharedComponent\unittest\bin\Debug\net47\VideoOS.Common.SharedComponent.UnitTest.dll" adapterTypeName="executor://mstestadapter/v2" className="VideoOS.Common.SharedComponent.UnitTest.ViewHandlingTest" name="GetViewItemInformationTestCamera" />
    </UnitTest>
    <UnitTest name="XmlDefinitionTestSameXmlDefWithViewLayout" storage="d:\actions-runner\_work\xpco\xpco\common\sc_sharedcomponent\components\dotnet\videoos.common.sharedcomponent\unittest\bin\debug\net47\videoos.common.sharedcomponent.unittest.dll" id="d7213de0-ba53-6299-6081-4e8f0391fa0f">
      <Execution id="91ce40f0-db52-4120-8f56-ea82c84f1dd8" />
      <TestMethod codeBase="D:\actions-runner\_work\XPCO\XPCO\Common\SC_SharedComponent\Components\dotNet\VideoOS.Common.SharedComponent\unittest\bin\Debug\net47\VideoOS.Common.SharedComponent.UnitTest.dll" adapterTypeName="executor://mstestadapter/v2" className="VideoOS.Common.SharedComponent.UnitTest.ViewDataTest" name="XmlDefinitionTestSameXmlDefWithViewLayout" />
    </UnitTest>
    <UnitTest name="XmlDefinitionTestTooLarge" storage="d:\actions-runner\_work\xpco\xpco\common\sc_sharedcomponent\components\dotnet\videoos.common.sharedcomponent\unittest\bin\debug\net47\videoos.common.sharedcomponent.unittest.dll" id="aa53f098-9c56-cdb1-b69f-6fde960936f2">
      <Execution id="732a37b5-cfa9-42aa-92b0-57147cce0a46" />
      <TestMethod codeBase="D:\actions-runner\_work\XPCO\XPCO\Common\SC_SharedComponent\Components\dotNet\VideoOS.Common.SharedComponent\unittest\bin\Debug\net47\VideoOS.Common.SharedComponent.UnitTest.dll" adapterTypeName="executor://mstestadapter/v2" className="VideoOS.Common.SharedComponent.UnitTest.GroupDataTest" name="XmlDefinitionTestTooLarge" />
    </UnitTest>
    <UnitTest name="OemResourceTestRight" storage="d:\actions-runner\_work\xpco\xpco\common\sc_sharedcomponent\components\dotnet\videoos.common.sharedcomponent\unittest\bin\debug\net47\videoos.common.sharedcomponent.unittest.dll" id="67bdb42f-3b3e-9ff5-d6f4-e67898880eab">
      <Execution id="4b4233ad-81e7-41d2-8ebe-75200a49cbf0" />
      <TestMethod codeBase="D:\actions-runner\_work\XPCO\XPCO\Common\SC_SharedComponent\Components\dotNet\VideoOS.Common.SharedComponent\unittest\bin\Debug\net47\VideoOS.Common.SharedComponent.UnitTest.dll" adapterTypeName="executor://mstestadapter/v2" className="VideoOS.Common.SharedComponent.UnitTest.ClientProfileSpecificationTest" name="OemResourceTestRight" />
    </UnitTest>
    <UnitTest name="HasSameLayoutTest" storage="d:\actions-runner\_work\xpco\xpco\common\sc_sharedcomponent\components\dotnet\videoos.common.sharedcomponent\unittest\bin\debug\net47\videoos.common.sharedcomponent.unittest.dll" id="873e8bfc-2655-ce9c-d0ad-b71f6c89de6a">
      <Execution id="8994364a-c515-4ff2-b510-3dafb291d004" />
      <TestMethod codeBase="D:\actions-runner\_work\XPCO\XPCO\Common\SC_SharedComponent\Components\dotNet\VideoOS.Common.SharedComponent\unittest\bin\Debug\net47\VideoOS.Common.SharedComponent.UnitTest.dll" adapterTypeName="executor://mstestadapter/v2" className="VideoOS.Common.SharedComponent.UnitTest.ViewDataTest" name="HasSameLayoutTest" />
    </UnitTest>
    <UnitTest name="ControlTest" storage="d:\actions-runner\_work\xpco\xpco\common\sc_sharedcomponent\components\dotnet\videoos.common.sharedcomponent\unittest\bin\debug\net47\videoos.common.sharedcomponent.unittest.dll" id="7f274973-9012-fb8d-b543-11928fca42a3">
      <Execution id="43f2885e-7f3c-4657-a3c0-ea9fc5adc50b" />
      <TestMethod codeBase="D:\actions-runner\_work\XPCO\XPCO\Common\SC_SharedComponent\Components\dotNet\VideoOS.Common.SharedComponent\unittest\bin\Debug\net47\VideoOS.Common.SharedComponent.UnitTest.dll" adapterTypeName="executor://mstestadapter/v2" className="VideoOS.Common.SharedComponent.UnitTest.ClientProfileSpecificationTest" name="ControlTest" />
    </UnitTest>
    <UnitTest name="XmlDefinitionTestChangeId" storage="d:\actions-runner\_work\xpco\xpco\common\sc_sharedcomponent\components\dotnet\videoos.common.sharedcomponent\unittest\bin\debug\net47\videoos.common.sharedcomponent.unittest.dll" id="30eeb4d0-7353-f7b2-9ab9-ee46aa661d39">
      <Execution id="9fd52199-0c19-4ebf-a778-66118c362046" />
      <TestMethod codeBase="D:\actions-runner\_work\XPCO\XPCO\Common\SC_SharedComponent\Components\dotNet\VideoOS.Common.SharedComponent\unittest\bin\Debug\net47\VideoOS.Common.SharedComponent.UnitTest.dll" adapterTypeName="executor://mstestadapter/v2" className="VideoOS.Common.SharedComponent.UnitTest.GroupDataTest" name="XmlDefinitionTestChangeId" />
    </UnitTest>
    <UnitTest name="OemResourceTestCenter" storage="d:\actions-runner\_work\xpco\xpco\common\sc_sharedcomponent\components\dotnet\videoos.common.sharedcomponent\unittest\bin\debug\net47\videoos.common.sharedcomponent.unittest.dll" id="fa03c8f3-e5af-b789-81b4-b496e664d26d">
      <Execution id="0b4cc540-39ae-4e5a-9b3d-0add0d408867" />
      <TestMethod codeBase="D:\actions-runner\_work\XPCO\XPCO\Common\SC_SharedComponent\Components\dotNet\VideoOS.Common.SharedComponent\unittest\bin\Debug\net47\VideoOS.Common.SharedComponent.UnitTest.dll" adapterTypeName="executor://mstestadapter/v2" className="VideoOS.Common.SharedComponent.UnitTest.ClientProfileSpecificationTest" name="OemResourceTestCenter" />
    </UnitTest>
    <UnitTest name="CreateViewItemTestCamera" storage="d:\actions-runner\_work\xpco\xpco\common\sc_sharedcomponent\components\dotnet\videoos.common.sharedcomponent\unittest\bin\debug\net47\videoos.common.sharedcomponent.unittest.dll" id="2bb92454-c982-85a0-fed5-5943faa53d7e">
      <Execution id="0047d21d-783a-4f7c-8a2d-4624a0c2c2b1" />
      <TestMethod codeBase="D:\actions-runner\_work\XPCO\XPCO\Common\SC_SharedComponent\Components\dotNet\VideoOS.Common.SharedComponent\unittest\bin\Debug\net47\VideoOS.Common.SharedComponent.UnitTest.dll" adapterTypeName="executor://mstestadapter/v2" className="VideoOS.Common.SharedComponent.UnitTest.ViewHandlingTest" name="CreateViewItemTestCamera" />
    </UnitTest>
    <UnitTest name="OemResourceTestMultipleSame" storage="d:\actions-runner\_work\xpco\xpco\common\sc_sharedcomponent\components\dotnet\videoos.common.sharedcomponent\unittest\bin\debug\net47\videoos.common.sharedcomponent.unittest.dll" id="dd8036b8-fdc1-0d17-7df5-e0b28ab59ac4">
      <Execution id="93b17469-b4ef-4506-b6a7-f8ef335c54d8" />
      <TestMethod codeBase="D:\actions-runner\_work\XPCO\XPCO\Common\SC_SharedComponent\Components\dotNet\VideoOS.Common.SharedComponent\unittest\bin\Debug\net47\VideoOS.Common.SharedComponent.UnitTest.dll" adapterTypeName="executor://mstestadapter/v2" className="VideoOS.Common.SharedComponent.UnitTest.ClientProfileSpecificationTest" name="OemResourceTestMultipleSame" />
    </UnitTest>
    <UnitTest name="JKTest" storage="d:\actions-runner\_work\xpco\xpco\common\sc_sharedcomponent\components\dotnet\videoos.common.sharedcomponent\unittest\bin\debug\net47\videoos.common.sharedcomponent.unittest.dll" id="6bda8086-eb0a-b493-2dc0-3e0575dce14b">
      <Execution id="cb0e2e23-52a5-49a3-be51-09ac427feb56" />
      <TestMethod codeBase="D:\actions-runner\_work\XPCO\XPCO\Common\SC_SharedComponent\Components\dotNet\VideoOS.Common.SharedComponent\unittest\bin\Debug\net47\VideoOS.Common.SharedComponent.UnitTest.dll" adapterTypeName="executor://mstestadapter/v2" className="VideoOS.Common.SharedComponent.UnitTest.ViewItemDataTest" name="JKTest" />
    </UnitTest>
    <UnitTest name="ResourceTest" storage="d:\actions-runner\_work\xpco\xpco\common\sc_sharedcomponent\components\dotnet\videoos.common.sharedcomponent\unittest\bin\debug\net47\videoos.common.sharedcomponent.unittest.dll" id="b6d6a872-f637-0453-3277-4afc1d03bdca">
      <Execution id="e59e01f2-225c-48d7-8360-4fbbb753e9d9" />
      <TestMethod codeBase="D:\actions-runner\_work\XPCO\XPCO\Common\SC_SharedComponent\Components\dotNet\VideoOS.Common.SharedComponent\unittest\bin\Debug\net47\VideoOS.Common.SharedComponent.UnitTest.dll" adapterTypeName="executor://mstestadapter/v2" className="VideoOS.Common.SharedComponent.UnitTest.ClientProfileSpecificationTest" name="ResourceTest" />
    </UnitTest>
    <UnitTest name="CreateViewItemTestUnknown" storage="d:\actions-runner\_work\xpco\xpco\common\sc_sharedcomponent\components\dotnet\videoos.common.sharedcomponent\unittest\bin\debug\net47\videoos.common.sharedcomponent.unittest.dll" id="4755979f-b152-396b-612c-7f928df8984f">
      <Execution id="97027a9f-7f56-4a01-8d86-6d2841233a6e" />
      <TestMethod codeBase="D:\actions-runner\_work\XPCO\XPCO\Common\SC_SharedComponent\Components\dotNet\VideoOS.Common.SharedComponent\unittest\bin\Debug\net47\VideoOS.Common.SharedComponent.UnitTest.dll" adapterTypeName="executor://mstestadapter/v2" className="VideoOS.Common.SharedComponent.UnitTest.ViewHandlingTest" name="CreateViewItemTestUnknown" />
    </UnitTest>
    <UnitTest name="GetViewItemInformationTestUnknown" storage="d:\actions-runner\_work\xpco\xpco\common\sc_sharedcomponent\components\dotnet\videoos.common.sharedcomponent\unittest\bin\debug\net47\videoos.common.sharedcomponent.unittest.dll" id="5fbfefb8-c26a-ecc5-0419-050c66084439">
      <Execution id="f2ebf6de-46ba-4a90-ba81-29f313fb26c1" />
      <TestMethod codeBase="D:\actions-runner\_work\XPCO\XPCO\Common\SC_SharedComponent\Components\dotNet\VideoOS.Common.SharedComponent\unittest\bin\Debug\net47\VideoOS.Common.SharedComponent.UnitTest.dll" adapterTypeName="executor://mstestadapter/v2" className="VideoOS.Common.SharedComponent.UnitTest.ViewHandlingTest" name="GetViewItemInformationTestUnknown" />
    </UnitTest>
    <UnitTest name="XmlDefinitionTestTooLarge" storage="d:\actions-runner\_work\xpco\xpco\common\sc_sharedcomponent\components\dotnet\videoos.common.sharedcomponent\unittest\bin\debug\net47\videoos.common.sharedcomponent.unittest.dll" id="d051d716-1af7-d095-3265-7e715bcf7613">
      <Execution id="15e623d0-cc01-4c48-af06-7850d0a209a2" />
      <TestMethod codeBase="D:\actions-runner\_work\XPCO\XPCO\Common\SC_SharedComponent\Components\dotNet\VideoOS.Common.SharedComponent\unittest\bin\Debug\net47\VideoOS.Common.SharedComponent.UnitTest.dll" adapterTypeName="executor://mstestadapter/v2" className="VideoOS.Common.SharedComponent.UnitTest.ViewGroupDataTest" name="XmlDefinitionTestTooLarge" />
    </UnitTest>
    <UnitTest name="GetViewItemInformationTestVolapyk1" storage="d:\actions-runner\_work\xpco\xpco\common\sc_sharedcomponent\components\dotnet\videoos.common.sharedcomponent\unittest\bin\debug\net47\videoos.common.sharedcomponent.unittest.dll" id="f71c123c-6224-3cde-ed06-e49ffffe41fc">
      <Execution id="ed94452f-7e09-4240-bd0f-c6a273da225f" />
      <TestMethod codeBase="D:\actions-runner\_work\XPCO\XPCO\Common\SC_SharedComponent\Components\dotNet\VideoOS.Common.SharedComponent\unittest\bin\Debug\net47\VideoOS.Common.SharedComponent.UnitTest.dll" adapterTypeName="executor://mstestadapter/v2" className="VideoOS.Common.SharedComponent.UnitTest.ViewHandlingTest" name="GetViewItemInformationTestVolapyk1" />
    </UnitTest>
    <UnitTest name="CreateAViewItem" storage="d:\actions-runner\_work\xpco\xpco\common\sc_sharedcomponent\components\dotnet\videoos.common.sharedcomponent\unittest\bin\debug\net47\videoos.common.sharedcomponent.unittest.dll" id="09402b39-b44e-45d3-946a-a044fe71ca96">
      <Execution id="47a3d2ad-1c70-4147-971b-6e442ccae7c2" />
      <TestMethod codeBase="D:\actions-runner\_work\XPCO\XPCO\Common\SC_SharedComponent\Components\dotNet\VideoOS.Common.SharedComponent\unittest\bin\Debug\net47\VideoOS.Common.SharedComponent.UnitTest.dll" adapterTypeName="executor://mstestadapter/v2" className="VideoOS.Common.SharedComponent.UnitTest.XPCOTests" name="CreateAViewItem" />
    </UnitTest>
    <UnitTest name="GetViewItemInformationTestVolapyk" storage="d:\actions-runner\_work\xpco\xpco\common\sc_sharedcomponent\components\dotnet\videoos.common.sharedcomponent\unittest\bin\debug\net47\videoos.common.sharedcomponent.unittest.dll" id="c1aec6fa-d646-bbe2-40da-d1ef4ef9654d">
      <Execution id="64b8c7cb-3eaa-42ed-82c1-178b75c09c92" />
      <TestMethod codeBase="D:\actions-runner\_work\XPCO\XPCO\Common\SC_SharedComponent\Components\dotNet\VideoOS.Common.SharedComponent\unittest\bin\Debug\net47\VideoOS.Common.SharedComponent.UnitTest.dll" adapterTypeName="executor://mstestadapter/v2" className="VideoOS.Common.SharedComponent.UnitTest.ViewHandlingTest" name="GetViewItemInformationTestVolapyk" />
    </UnitTest>
    <UnitTest name="SplitViewsTest" storage="d:\actions-runner\_work\xpco\xpco\common\sc_sharedcomponent\components\dotnet\videoos.common.sharedcomponent\unittest\bin\debug\net47\videoos.common.sharedcomponent.unittest.dll" id="b8d40805-4ecd-ae9f-1ca2-c8c3263fd00c">
      <Execution id="0a79b376-c1ff-4295-aa3d-1b2ba0657003" />
      <TestMethod codeBase="D:\actions-runner\_work\XPCO\XPCO\Common\SC_SharedComponent\Components\dotNet\VideoOS.Common.SharedComponent\unittest\bin\Debug\net47\VideoOS.Common.SharedComponent.UnitTest.dll" adapterTypeName="executor://mstestadapter/v2" className="VideoOS.Common.SharedComponent.UnitTest.ViewHandlingTest" name="SplitViewsTest" />
    </UnitTest>
    <UnitTest name="GetViewLayoutIconWithNonsensdata" storage="d:\actions-runner\_work\xpco\xpco\common\sc_sharedcomponent\components\dotnet\videoos.common.sharedcomponent\unittest\bin\debug\net47\videoos.common.sharedcomponent.unittest.dll" id="6bfc640e-e0cc-1130-9c39-e1e47d6aee67">
      <Execution id="de75a53d-3496-4664-8685-1993789b09a0" />
      <TestMethod codeBase="D:\actions-runner\_work\XPCO\XPCO\Common\SC_SharedComponent\Components\dotNet\VideoOS.Common.SharedComponent\unittest\bin\Debug\net47\VideoOS.Common.SharedComponent.UnitTest.dll" adapterTypeName="executor://mstestadapter/v2" className="VideoOS.Common.SharedComponent.UnitTest.ViewHandlingTest" name="GetViewLayoutIconWithNonsensdata" />
    </UnitTest>
    <UnitTest name="SettingsTest" storage="d:\actions-runner\_work\xpco\xpco\common\sc_sharedcomponent\components\dotnet\videoos.common.sharedcomponent\unittest\bin\debug\net47\videoos.common.sharedcomponent.unittest.dll" id="4b8fac32-9961-67f2-19bd-ce7f37511565">
      <Execution id="1c88b770-4359-4249-b060-1a9c7f20c951" />
      <TestMethod codeBase="D:\actions-runner\_work\XPCO\XPCO\Common\SC_SharedComponent\Components\dotNet\VideoOS.Common.SharedComponent\unittest\bin\Debug\net47\VideoOS.Common.SharedComponent.UnitTest.dll" adapterTypeName="executor://mstestadapter/v2" className="VideoOS.Common.SharedComponent.UnitTest.ClientProfileSpecificationTest" name="SettingsTest" />
    </UnitTest>
    <UnitTest name="XmlDefinitionTestChangeName" storage="d:\actions-runner\_work\xpco\xpco\common\sc_sharedcomponent\components\dotnet\videoos.common.sharedcomponent\unittest\bin\debug\net47\videoos.common.sharedcomponent.unittest.dll" id="fd16fc0b-de35-083b-ff58-022abe317523">
      <Execution id="5a6eec54-0bcf-4020-9b0e-4db8f8b02d13" />
      <TestMethod codeBase="D:\actions-runner\_work\XPCO\XPCO\Common\SC_SharedComponent\Components\dotNet\VideoOS.Common.SharedComponent\unittest\bin\Debug\net47\VideoOS.Common.SharedComponent.UnitTest.dll" adapterTypeName="executor://mstestadapter/v2" className="VideoOS.Common.SharedComponent.UnitTest.GroupDataTest" name="XmlDefinitionTestChangeName" />
    </UnitTest>
  </TestDefinitions>
  <TestEntries>
    <TestEntry testId="de9cbd9f-4471-4e54-f5db-b90506dbee28" executionId="8cb9cbbf-4aa0-453e-ae00-ee6681ad49ad" testListId="8c84fa94-04c1-424b-9868-57a2d4851a1d" />
    <TestEntry testId="0eb26f68-74bb-29d5-7d08-2de54c671d9a" executionId="037e7c9e-041e-46e7-b9a7-c0f40b63f4f6" testListId="8c84fa94-04c1-424b-9868-57a2d4851a1d" />
    <TestEntry testId="4172bb95-d7c9-fb83-5a23-b46d579edf2d" executionId="9b1699e3-8425-4812-bd60-9c8f63211914" testListId="8c84fa94-04c1-424b-9868-57a2d4851a1d" />
    <TestEntry testId="dd8036b8-fdc1-0d17-7df5-e0b28ab59ac4" executionId="93b17469-b4ef-4506-b6a7-f8ef335c54d8" testListId="8c84fa94-04c1-424b-9868-57a2d4851a1d" />
    <TestEntry testId="5806e882-3887-1382-2196-322773243e4b" executionId="abb9a464-40e5-4284-9002-58613143158f" testListId="8c84fa94-04c1-424b-9868-57a2d4851a1d" />
    <TestEntry testId="11ab56de-5757-d5e9-ba57-61fb77e7bb23" executionId="2b1c90a8-d639-40b7-8820-744f6e173614" testListId="8c84fa94-04c1-424b-9868-57a2d4851a1d" />
    <TestEntry testId="236ca3ce-0389-8ef0-abea-b648ea8a1be0" executionId="576e1e3b-0faa-4e47-af68-aa8c8e634af0" testListId="8c84fa94-04c1-424b-9868-57a2d4851a1d" />
    <TestEntry testId="47403bc3-967a-71b3-2066-826018c7ac17" executionId="f4dc12ff-08dd-41a2-8878-59cf465d0334" testListId="8c84fa94-04c1-424b-9868-57a2d4851a1d" />
    <TestEntry testId="7f274973-9012-fb8d-b543-11928fca42a3" executionId="43f2885e-7f3c-4657-a3c0-ea9fc5adc50b" testListId="8c84fa94-04c1-424b-9868-57a2d4851a1d" />
    <TestEntry testId="aa53f098-9c56-cdb1-b69f-6fde960936f2" executionId="732a37b5-cfa9-42aa-92b0-57147cce0a46" testListId="8c84fa94-04c1-424b-9868-57a2d4851a1d" />
    <TestEntry testId="9e06fd07-2b9d-78b8-e9d4-c1bfd78820ab" executionId="bff03bfd-d5ed-49ef-9f42-0fec7e50fa81" testListId="8c84fa94-04c1-424b-9868-57a2d4851a1d" />
    <TestEntry testId="723547fd-ec7f-8d56-98a9-e37c396dca17" executionId="bd04f1bc-26ee-4374-993b-a2c37cd29916" testListId="8c84fa94-04c1-424b-9868-57a2d4851a1d" />
    <TestEntry testId="53bbe8f2-0f34-e330-186b-23d3dc2eb668" executionId="685a9b4a-5b99-403a-acd7-4b8202460860" testListId="8c84fa94-04c1-424b-9868-57a2d4851a1d" />
    <TestEntry testId="2491c8e0-6864-aec1-2ce1-44db22ef6175" executionId="f8304d63-983e-4b41-9407-bf943ddd3ba6" testListId="8c84fa94-04c1-424b-9868-57a2d4851a1d" />
    <TestEntry testId="2bb92454-c982-85a0-fed5-5943faa53d7e" executionId="0047d21d-783a-4f7c-8a2d-4624a0c2c2b1" testListId="8c84fa94-04c1-424b-9868-57a2d4851a1d" />
    <TestEntry testId="873e8bfc-2655-ce9c-d0ad-b71f6c89de6a" executionId="8994364a-c515-4ff2-b510-3dafb291d004" testListId="8c84fa94-04c1-424b-9868-57a2d4851a1d" />
    <TestEntry testId="293549dc-68c7-14f8-4650-5a62dec63b87" executionId="8de2ca24-9e63-48e7-b952-cfb11c329418" testListId="8c84fa94-04c1-424b-9868-57a2d4851a1d" />
    <TestEntry testId="1f58a5b1-b50f-beb5-d86f-d4c6eddf592e" executionId="2c9509d9-2e68-4a88-83fe-b05cd991face" testListId="8c84fa94-04c1-424b-9868-57a2d4851a1d" />
    <TestEntry testId="fa03c8f3-e5af-b789-81b4-b496e664d26d" executionId="0b4cc540-39ae-4e5a-9b3d-0add0d408867" testListId="8c84fa94-04c1-424b-9868-57a2d4851a1d" />
    <TestEntry testId="4755979f-b152-396b-612c-7f928df8984f" executionId="97027a9f-7f56-4a01-8d86-6d2841233a6e" testListId="8c84fa94-04c1-424b-9868-57a2d4851a1d" />
    <TestEntry testId="689e1cc2-1038-8003-b0bc-81785b3aabb0" executionId="4f2ab4e7-420d-46a9-b607-c865d14b7fd7" testListId="8c84fa94-04c1-424b-9868-57a2d4851a1d" />
    <TestEntry testId="8599377f-271d-d979-321b-9c23e61d44ef" executionId="bef7e274-5d32-4c05-b47c-0eae78bb0cc5" testListId="8c84fa94-04c1-424b-9868-57a2d4851a1d" />
    <TestEntry testId="6bda8086-eb0a-b493-2dc0-3e0575dce14b" executionId="cb0e2e23-52a5-49a3-be51-09ac427feb56" testListId="8c84fa94-04c1-424b-9868-57a2d4851a1d" />
    <TestEntry testId="b8d40805-4ecd-ae9f-1ca2-c8c3263fd00c" executionId="0a79b376-c1ff-4295-aa3d-1b2ba0657003" testListId="8c84fa94-04c1-424b-9868-57a2d4851a1d" />
    <TestEntry testId="6e96adc2-3fdc-0ba2-4a9e-041d478ad370" executionId="f290417e-f54f-4562-a1c5-2b8dd17f495b" testListId="8c84fa94-04c1-424b-9868-57a2d4851a1d" />
    <TestEntry testId="f71c123c-6224-3cde-ed06-e49ffffe41fc" executionId="ed94452f-7e09-4240-bd0f-c6a273da225f" testListId="8c84fa94-04c1-424b-9868-57a2d4851a1d" />
    <TestEntry testId="6ece286f-822a-1030-1263-6a2e679e2fa3" executionId="38d673b6-f280-485f-92a8-cca059307b73" testListId="8c84fa94-04c1-424b-9868-57a2d4851a1d" />
    <TestEntry testId="9dbafe7d-bc33-528e-4673-e2398c67f197" executionId="f091ac72-f927-4c8a-bbb8-0ac8534218f2" testListId="8c84fa94-04c1-424b-9868-57a2d4851a1d" />
    <TestEntry testId="d051d716-1af7-d095-3265-7e715bcf7613" executionId="15e623d0-cc01-4c48-af06-7850d0a209a2" testListId="8c84fa94-04c1-424b-9868-57a2d4851a1d" />
    <TestEntry testId="408ad07d-5f6b-b886-4d3f-296acfe05eb9" executionId="121ce557-9e30-4d67-98ee-971f1ce7cfdf" testListId="8c84fa94-04c1-424b-9868-57a2d4851a1d" />
    <TestEntry testId="6bfc640e-e0cc-1130-9c39-e1e47d6aee67" executionId="de75a53d-3496-4664-8685-1993789b09a0" testListId="8c84fa94-04c1-424b-9868-57a2d4851a1d" />
    <TestEntry testId="b9bc7de1-1701-54c1-97d8-89b432232c65" executionId="12a13d28-0a69-4a8e-b291-0fc2cf1183a9" testListId="8c84fa94-04c1-424b-9868-57a2d4851a1d" />
    <TestEntry testId="5666b8c7-f9af-e7d0-86ea-81d03aa4bf97" executionId="a53b7980-4b44-4b71-a36b-e239b8f3fd37" testListId="8c84fa94-04c1-424b-9868-57a2d4851a1d" />
    <TestEntry testId="5fbfefb8-c26a-ecc5-0419-050c66084439" executionId="f2ebf6de-46ba-4a90-ba81-29f313fb26c1" testListId="8c84fa94-04c1-424b-9868-57a2d4851a1d" />
    <TestEntry testId="67bdb42f-3b3e-9ff5-d6f4-e67898880eab" executionId="4b4233ad-81e7-41d2-8ebe-75200a49cbf0" testListId="8c84fa94-04c1-424b-9868-57a2d4851a1d" />
    <TestEntry testId="de88dd35-2bb3-134a-91c5-582a2de3180e" executionId="11a131d1-a99f-4b2c-917f-28f313d28079" testListId="8c84fa94-04c1-424b-9868-57a2d4851a1d" />
    <TestEntry testId="1f4391e4-ec80-0d11-c7a5-0f92acc9ef76" executionId="2be70a46-7c51-4c5a-8900-f66ccf3c6d1a" testListId="8c84fa94-04c1-424b-9868-57a2d4851a1d" />
    <TestEntry testId="b6d6a872-f637-0453-3277-4afc1d03bdca" executionId="e59e01f2-225c-48d7-8360-4fbbb753e9d9" testListId="8c84fa94-04c1-424b-9868-57a2d4851a1d" />
    <TestEntry testId="eede754c-6bf8-cc48-0806-5973ae66c9ef" executionId="eda4bb02-95c7-4c68-a29d-93159a91da02" testListId="8c84fa94-04c1-424b-9868-57a2d4851a1d" />
    <TestEntry testId="97082b05-d0c1-515c-c534-550af4f1effa" executionId="b55b4f3c-4d97-4665-a618-70cb356616a1" testListId="8c84fa94-04c1-424b-9868-57a2d4851a1d" />
    <TestEntry testId="4b8fac32-9961-67f2-19bd-ce7f37511565" executionId="1c88b770-4359-4249-b060-1a9c7f20c951" testListId="8c84fa94-04c1-424b-9868-57a2d4851a1d" />
    <TestEntry testId="c1aec6fa-d646-bbe2-40da-d1ef4ef9654d" executionId="64b8c7cb-3eaa-42ed-82c1-178b75c09c92" testListId="8c84fa94-04c1-424b-9868-57a2d4851a1d" />
    <TestEntry testId="8bf99f23-19c7-fd04-b2e4-c5011f2571b8" executionId="7315a35f-d809-4be1-9b7f-38ee5f0a2f57" testListId="8c84fa94-04c1-424b-9868-57a2d4851a1d" />
    <TestEntry testId="d7213de0-ba53-6299-6081-4e8f0391fa0f" executionId="91ce40f0-db52-4120-8f56-ea82c84f1dd8" testListId="8c84fa94-04c1-424b-9868-57a2d4851a1d" />
    <TestEntry testId="fc6a211c-ab15-f856-ad3d-4b03d7bd9abb" executionId="52dd3ad1-1401-46d9-b0ed-a451c17ba8c0" testListId="8c84fa94-04c1-424b-9868-57a2d4851a1d" />
    <TestEntry testId="a6b14cbd-c459-74e0-c0e1-a2ee29cbdab4" executionId="312630c1-c714-4f66-bafc-a83b86821e78" testListId="8c84fa94-04c1-424b-9868-57a2d4851a1d" />
    <TestEntry testId="bc2b776f-71aa-5f70-1c0e-34250d6d2c50" executionId="5f33e7de-086a-415a-b8b4-e410579f4915" testListId="8c84fa94-04c1-424b-9868-57a2d4851a1d" />
    <TestEntry testId="f27ace5c-74da-f06b-4b97-3991ab63f367" executionId="c6703392-f06d-4503-8a19-ea2a6fff6c1b" testListId="8c84fa94-04c1-424b-9868-57a2d4851a1d" />
    <TestEntry testId="564a5326-9045-4af6-a307-44976ed413a3" executionId="83034468-87fe-4ce7-b415-50c16bb35522" testListId="8c84fa94-04c1-424b-9868-57a2d4851a1d" />
    <TestEntry testId="c4dbd4c5-72c0-15f5-b4ca-7f7b2d8cf0ea" executionId="634306a1-a6da-4dd8-9883-8756dd76efc3" testListId="8c84fa94-04c1-424b-9868-57a2d4851a1d" />
    <TestEntry testId="09402b39-b44e-45d3-946a-a044fe71ca96" executionId="47a3d2ad-1c70-4147-971b-6e442ccae7c2" testListId="8c84fa94-04c1-424b-9868-57a2d4851a1d" />
    <TestEntry testId="98d520ea-7719-19c4-1c75-d35945f01721" executionId="bc7a6fcd-0f00-41c9-9f3c-21d89f61ba52" testListId="8c84fa94-04c1-424b-9868-57a2d4851a1d" />
    <TestEntry testId="0a0a41c5-0650-4778-1e4c-1ccad8eb4718" executionId="aa8bd561-52ac-41a0-a021-935b1546b3c0" testListId="8c84fa94-04c1-424b-9868-57a2d4851a1d" />
    <TestEntry testId="1c6db5ba-20fe-28ab-2a15-0a57b74b546c" executionId="e336823e-ce84-466c-9e10-d59e3a39c9d8" testListId="8c84fa94-04c1-424b-9868-57a2d4851a1d" />
    <TestEntry testId="ff4e3e4a-f004-2767-4cb7-e0f5465b86bd" executionId="bc958a63-2f1d-43f3-afc7-9bdec71cbd38" testListId="8c84fa94-04c1-424b-9868-57a2d4851a1d" />
    <TestEntry testId="30eeb4d0-7353-f7b2-9ab9-ee46aa661d39" executionId="9fd52199-0c19-4ebf-a778-66118c362046" testListId="8c84fa94-04c1-424b-9868-57a2d4851a1d" />
    <TestEntry testId="fd16fc0b-de35-083b-ff58-022abe317523" executionId="5a6eec54-0bcf-4020-9b0e-4db8f8b02d13" testListId="8c84fa94-04c1-424b-9868-57a2d4851a1d" />
    <TestEntry testId="2b3421b2-5298-af46-f802-a064b4d69678" executionId="07908afc-4fa7-46fb-9e6b-862d41261f17" testListId="8c84fa94-04c1-424b-9868-57a2d4851a1d" />
  </TestEntries>
  <TestLists>
    <TestList name="Results Not in a List" id="8c84fa94-04c1-424b-9868-57a2d4851a1d" />
    <TestList name="All Loaded Results" id="19431567-8539-422a-85d7-44ee4e166bda" />
  </TestLists>
  <ResultSummary outcome="Completed">
    <Counters total="58" executed="58" passed="58" failed="0" error="0" timeout="0" aborted="0" inconclusive="0" passedButRunAborted="0" notRunnable="0" notExecuted="0" disconnected="0" warning="0" completed="0" inProgress="0" pending="0" />
  </ResultSummary>
</TestRun>