<?xml version="1.0" encoding="utf-8"?>
<TestRun id="51b35247-8622-45ee-8dd5-e33abc255464" name="DKSR-EFI-06$@DKSR-EFI-06 2024-01-09 15:40:51" runUser="NT AUTHORITY\NETWORK SERVICE" xmlns="http://microsoft.com/schemas/VisualStudio/TeamTest/2010">
  <Times creation="2024-01-09T15:40:51.4140395+01:00" queuing="2024-01-09T15:40:51.4140395+01:00" start="2024-01-09T15:40:48.7734045+01:00" finish="2024-01-09T15:40:52.3359179+01:00" />
  <TestSettings name="default" id="256f0a7b-e3fa-4cdc-8cd3-45c0b9a21824">
    <Deployment runDeploymentRoot="DKSR-EFI-06$_DKSR-EFI-06_2024-01-09_15_40_51" />
  </TestSettings>
  <Results>
    <UnitTestResult executionId="eab0d2d3-d0e5-4336-b60c-42d2739f8e23" testId="90261e27-94d2-acb4-9d4f-b0c82743bad8" testName="WhenOnAddModeWithInvalidDataItShouldDisableSave (test,)" computerName="DKSR-EFI-06" duration="00:00:00.0004276" startTime="2024-01-09T15:40:51.0702898+01:00" endTime="2024-01-09T15:40:51.0702898+01:00" testType="13cdc9d9-ddb5-4fa4-a97d-d965ccfc6d4b" outcome="Passed" testListId="8c84fa94-04c1-424b-9868-57a2d4851a1d" relativeResultsDirectory="eab0d2d3-d0e5-4336-b60c-42d2739f8e23" />
    <UnitTestResult executionId="caa14eef-596e-41fc-8693-25fbe739973f" testId="912f3fb4-514e-93e7-56e3-68d9f160458b" testName="WhenRenamingItemsInSameOrderItShouldNotLogOrderChangedEvent" computerName="DKSR-EFI-06" duration="00:00:00.0077712" startTime="2024-01-09T15:40:52.0234173+01:00" endTime="2024-01-09T15:40:52.0390403+01:00" testType="13cdc9d9-ddb5-4fa4-a97d-d965ccfc6d4b" outcome="Passed" testListId="8c84fa94-04c1-424b-9868-57a2d4851a1d" relativeResultsDirectory="caa14eef-596e-41fc-8693-25fbe739973f" />
    <UnitTestResult executionId="02b6b9df-a10e-4c3b-b6fa-491bfb38ee30" testId="27dfd96b-aa5f-08c4-46b9-5d7e0e772c98" testName="WhenSavingWithUpdatedItemOrderItShouldLogOrderChangedEvent" computerName="DKSR-EFI-06" duration="00:00:00.0347050" startTime="2024-01-09T15:40:51.9921670+01:00" endTime="2024-01-09T15:40:52.0234173+01:00" testType="13cdc9d9-ddb5-4fa4-a97d-d965ccfc6d4b" outcome="Passed" testListId="8c84fa94-04c1-424b-9868-57a2d4851a1d" relativeResultsDirectory="02b6b9df-a10e-4c3b-b6fa-491bfb38ee30" />
    <UnitTestResult executionId="b058184d-5868-45b9-886a-73d17e321dd7" testId="ca0d139b-3d6e-5d04-2be2-abfac5046cfb" testName="WhenCategoriesReachedMaxAllowedItShouldNotAllowAdd" computerName="DKSR-EFI-06" duration="00:00:00.0016737" startTime="2024-01-09T15:40:52.0390403+01:00" endTime="2024-01-09T15:40:52.0390403+01:00" testType="13cdc9d9-ddb5-4fa4-a97d-d965ccfc6d4b" outcome="Passed" testListId="8c84fa94-04c1-424b-9868-57a2d4851a1d" relativeResultsDirectory="b058184d-5868-45b9-886a-73d17e321dd7" />
    <UnitTestResult executionId="a5edf64b-112f-4148-9516-8fb92cdca616" testId="ca02ab43-0e33-1dcd-faaf-15c069e3d653" testName="WhenOnAddModeItShouldShowAddResources" computerName="DKSR-EFI-06" duration="00:00:00.2507264" startTime="2024-01-09T15:40:50.7577891+01:00" endTime="2024-01-09T15:40:51.0077878+01:00" testType="13cdc9d9-ddb5-4fa4-a97d-d965ccfc6d4b" outcome="Passed" testListId="8c84fa94-04c1-424b-9868-57a2d4851a1d" relativeResultsDirectory="a5edf64b-112f-4148-9516-8fb92cdca616" />
    <UnitTestResult executionId="7451ca70-5c18-4039-a5dc-a99391496e73" testId="fb8d6a48-dcc2-89ee-e820-0c7e6877deaa" testName="WhenOnEditModeItShouldShowEditResources" computerName="DKSR-EFI-06" duration="00:00:00.0009507" startTime="2024-01-09T15:40:51.1171642+01:00" endTime="2024-01-09T15:40:51.1327892+01:00" testType="13cdc9d9-ddb5-4fa4-a97d-d965ccfc6d4b" outcome="Passed" testListId="8c84fa94-04c1-424b-9868-57a2d4851a1d" relativeResultsDirectory="7451ca70-5c18-4039-a5dc-a99391496e73" />
    <UnitTestResult executionId="89ec69ee-99ae-404a-9811-2bcb3ba3708c" testId="659dcb52-ac17-083c-4e6f-2b6bbef3d029" testName="WhenOnAddModeWithInvalidDataItShouldDisableSave (,Warning)" computerName="DKSR-EFI-06" duration="00:00:00.0003614" startTime="2024-01-09T15:40:51.0702898+01:00" endTime="2024-01-09T15:40:51.0859145+01:00" testType="13cdc9d9-ddb5-4fa4-a97d-d965ccfc6d4b" outcome="Passed" testListId="8c84fa94-04c1-424b-9868-57a2d4851a1d" relativeResultsDirectory="89ec69ee-99ae-404a-9811-2bcb3ba3708c" />
    <UnitTestResult executionId="f6e40bc0-704f-4e3f-906e-bccf3a09b4f3" testId="65292550-e6de-d3a6-3973-3390e92f2ed9" testName="WhenSelectingSecondItemItShouldNotAllowMoveUp" computerName="DKSR-EFI-06" duration="00:00:00.0011518" startTime="2024-01-09T15:40:51.9452908+01:00" endTime="2024-01-09T15:40:51.9452908+01:00" testType="13cdc9d9-ddb5-4fa4-a97d-d965ccfc6d4b" outcome="Passed" testListId="8c84fa94-04c1-424b-9868-57a2d4851a1d" relativeResultsDirectory="f6e40bc0-704f-4e3f-906e-bccf3a09b4f3" />
    <UnitTestResult executionId="0c7757ac-11e7-47ea-a117-cb5a115f1f39" testId="f0c38276-c310-5155-1b8e-bdae5b142b4b" testName="WhenCategoriesIsBelowMaxAllowedItShouldAllowAdd" computerName="DKSR-EFI-06" duration="00:00:00.0014345" startTime="2024-01-09T15:40:52.0390403+01:00" endTime="2024-01-09T15:40:52.0390403+01:00" testType="13cdc9d9-ddb5-4fa4-a97d-d965ccfc6d4b" outcome="Passed" testListId="8c84fa94-04c1-424b-9868-57a2d4851a1d" relativeResultsDirectory="0c7757ac-11e7-47ea-a117-cb5a115f1f39" />
    <UnitTestResult executionId="d70cbd20-0388-44cd-b283-7248835cd6bc" testId="89605a8d-9719-2e61-bd18-a5829b648f8b" testName="WhenSelectingThirdItemWith4ItemsItShouldAllowMoveDown" computerName="DKSR-EFI-06" duration="00:00:00.0011265" startTime="2024-01-09T15:40:51.9452908+01:00" endTime="2024-01-09T15:40:51.9452908+01:00" testType="13cdc9d9-ddb5-4fa4-a97d-d965ccfc6d4b" outcome="Passed" testListId="8c84fa94-04c1-424b-9868-57a2d4851a1d" relativeResultsDirectory="d70cbd20-0388-44cd-b283-7248835cd6bc" />
    <UnitTestResult executionId="944f73ec-7c7f-4c3f-86dd-a6a7b8d2f60d" testId="d4262dbb-9f67-bfb9-7b5a-bb64b2a3686f" testName="WhenRemovingItShouldSetSelectedItemToNull" computerName="DKSR-EFI-06" duration="00:00:00.0017435" startTime="2024-01-09T15:40:51.9452908+01:00" endTime="2024-01-09T15:40:51.9452908+01:00" testType="13cdc9d9-ddb5-4fa4-a97d-d965ccfc6d4b" outcome="Passed" testListId="8c84fa94-04c1-424b-9868-57a2d4851a1d" relativeResultsDirectory="944f73ec-7c7f-4c3f-86dd-a6a7b8d2f60d" />
    <UnitTestResult executionId="169aab05-dfcc-451a-a938-5bb6dfdc734e" testId="d0d98c60-3506-9a47-4d91-99f2177f8572" testName="WhenSelectingThirdItemWith3ItemsItShouldNotAllowMoveDown" computerName="DKSR-EFI-06" duration="00:00:00.0010534" startTime="2024-01-09T15:40:51.9452908+01:00" endTime="2024-01-09T15:40:51.9452908+01:00" testType="13cdc9d9-ddb5-4fa4-a97d-d965ccfc6d4b" outcome="Passed" testListId="8c84fa94-04c1-424b-9868-57a2d4851a1d" relativeResultsDirectory="169aab05-dfcc-451a-a938-5bb6dfdc734e" />
    <UnitTestResult executionId="3ff1a893-053f-4246-a512-5253f47b96f1" testId="eeac5fa3-45c6-4daa-c795-07bf5eef5dc8" testName="WhenSelectingGeneralItShouldNotAllowMove" computerName="DKSR-EFI-06" duration="00:00:00.0017540" startTime="2024-01-09T15:40:51.9452908+01:00" endTime="2024-01-09T15:40:51.9452908+01:00" testType="13cdc9d9-ddb5-4fa4-a97d-d965ccfc6d4b" outcome="Passed" testListId="8c84fa94-04c1-424b-9868-57a2d4851a1d" relativeResultsDirectory="3ff1a893-053f-4246-a512-5253f47b96f1" />
    <UnitTestResult executionId="6b2b6d6a-3ae6-424f-895c-8294d5f86e33" testId="68eb3766-3c74-9b28-9837-1ad47710d680" testName="WhenSavingWithDeletedItemsItShouldLogDeleteEvent" computerName="DKSR-EFI-06" duration="00:00:00.0052206" startTime="2024-01-09T15:40:51.9921670+01:00" endTime="2024-01-09T15:40:51.9921670+01:00" testType="13cdc9d9-ddb5-4fa4-a97d-d965ccfc6d4b" outcome="Passed" testListId="8c84fa94-04c1-424b-9868-57a2d4851a1d" relativeResultsDirectory="6b2b6d6a-3ae6-424f-895c-8294d5f86e33" />
    <UnitTestResult executionId="0aa9e2b5-fdc3-4326-8384-52ffc308a104" testId="fc6c06b4-59f3-4f70-0505-04f713d41fac" testName="WhenSavingOnEditModeItShouldCallUpdateImportanceLevel" computerName="DKSR-EFI-06" duration="00:00:00.0035584" startTime="2024-01-09T15:40:51.3984555+01:00" endTime="2024-01-09T15:40:51.3984555+01:00" testType="13cdc9d9-ddb5-4fa4-a97d-d965ccfc6d4b" outcome="Passed" testListId="8c84fa94-04c1-424b-9868-57a2d4851a1d" relativeResultsDirectory="0aa9e2b5-fdc3-4326-8384-52ffc308a104" />
    <UnitTestResult executionId="c0b7a049-6fdc-4be5-99c3-fa73888c3e54" testId="15dfbc72-d1cd-3a7a-3c61-3afc0917ccee" testName="WhenOnAddModeWithInvalidDataItShouldDisableSave (,)" computerName="DKSR-EFI-06" duration="00:00:00.0014693" startTime="2024-01-09T15:40:51.0077878+01:00" endTime="2024-01-09T15:40:51.0702898+01:00" testType="13cdc9d9-ddb5-4fa4-a97d-d965ccfc6d4b" outcome="Passed" testListId="8c84fa94-04c1-424b-9868-57a2d4851a1d" relativeResultsDirectory="c0b7a049-6fdc-4be5-99c3-fa73888c3e54" />
    <UnitTestResult executionId="ca91bebc-ad7a-4a09-8b2c-a7559d0ed881" testId="34ea60ed-e1fc-8a3c-1080-7ab908459f08" testName="WhenSavingWithNewItemsItShouldLogAddEvent" computerName="DKSR-EFI-06" duration="00:00:00.0343692" startTime="2024-01-09T15:40:51.9452908+01:00" endTime="2024-01-09T15:40:51.9765425+01:00" testType="13cdc9d9-ddb5-4fa4-a97d-d965ccfc6d4b" outcome="Passed" testListId="8c84fa94-04c1-424b-9868-57a2d4851a1d" relativeResultsDirectory="ca91bebc-ad7a-4a09-8b2c-a7559d0ed881" />
    <UnitTestResult executionId="cd7ac512-0bd0-48e6-8e02-f32200b685de" testId="d43d280c-e267-3d98-f8c7-2db2d97eef98" testName="WhenFillingDataItShouldGetImportanceLevels" computerName="DKSR-EFI-06" duration="00:00:00.0113366" startTime="2024-01-09T15:40:51.9140447+01:00" endTime="2024-01-09T15:40:51.9296671+01:00" testType="13cdc9d9-ddb5-4fa4-a97d-d965ccfc6d4b" outcome="Passed" testListId="8c84fa94-04c1-424b-9868-57a2d4851a1d" relativeResultsDirectory="cd7ac512-0bd0-48e6-8e02-f32200b685de" />
    <UnitTestResult executionId="3e2f213a-8586-49a8-816f-6d43d4235f4d" testId="4e91ed77-e934-8542-60cf-5ef44eb092f5" testName="WhenUpdatingItShouldUpdateItemList" computerName="DKSR-EFI-06" duration="00:00:00.0050188" startTime="2024-01-09T15:40:51.9296671+01:00" endTime="2024-01-09T15:40:51.9296671+01:00" testType="13cdc9d9-ddb5-4fa4-a97d-d965ccfc6d4b" outcome="Passed" testListId="8c84fa94-04c1-424b-9868-57a2d4851a1d" relativeResultsDirectory="3e2f213a-8586-49a8-816f-6d43d4235f4d" />
    <UnitTestResult executionId="21e404cd-6c09-4e5f-bf3b-549a2d11ac84" testId="914d4c4c-8d7b-a605-aa7b-0c731003fe4b" testName="WhenSelectingWarningItShouldAllowDelete" computerName="DKSR-EFI-06" duration="00:00:00.0010830" startTime="2024-01-09T15:40:51.9296671+01:00" endTime="2024-01-09T15:40:51.9296671+01:00" testType="13cdc9d9-ddb5-4fa4-a97d-d965ccfc6d4b" outcome="Passed" testListId="8c84fa94-04c1-424b-9868-57a2d4851a1d" relativeResultsDirectory="21e404cd-6c09-4e5f-bf3b-549a2d11ac84" />
    <UnitTestResult executionId="a9bbcce1-2105-4534-84ab-e96ad9f4940f" testId="0725cacc-73c6-d9f6-d92e-a9765512de89" testName="WhenSelectingGeneralItShouldNotAllowDelete" computerName="DKSR-EFI-06" duration="00:00:00.0020614" startTime="2024-01-09T15:40:51.9296671+01:00" endTime="2024-01-09T15:40:51.9296671+01:00" testType="13cdc9d9-ddb5-4fa4-a97d-d965ccfc6d4b" outcome="Passed" testListId="8c84fa94-04c1-424b-9868-57a2d4851a1d" relativeResultsDirectory="a9bbcce1-2105-4534-84ab-e96ad9f4940f" />
    <UnitTestResult executionId="658668be-04d8-4d30-8a48-880b190b0e85" testId="d4686cea-147c-469e-d034-0bde1af5350a" testName="WhenSelectingOtherItemItShouldAllowEdit" computerName="DKSR-EFI-06" duration="00:00:00.0009064" startTime="2024-01-09T15:40:51.9452908+01:00" endTime="2024-01-09T15:40:51.9452908+01:00" testType="13cdc9d9-ddb5-4fa4-a97d-d965ccfc6d4b" outcome="Passed" testListId="8c84fa94-04c1-424b-9868-57a2d4851a1d" relativeResultsDirectory="658668be-04d8-4d30-8a48-880b190b0e85" />
    <UnitTestResult executionId="82b35e4a-bb74-4832-9fa4-72ebb9304493" testId="8fc9e595-2613-504b-dd32-5b35374b88a8" testName="WhenSavingOnAddModeItShouldCallAddImportanceLevel" computerName="DKSR-EFI-06" duration="00:00:00.2763899" startTime="2024-01-09T15:40:51.1327892+01:00" endTime="2024-01-09T15:40:51.3984555+01:00" testType="13cdc9d9-ddb5-4fa4-a97d-d965ccfc6d4b" outcome="Passed" testListId="8c84fa94-04c1-424b-9868-57a2d4851a1d" relativeResultsDirectory="82b35e4a-bb74-4832-9fa4-72ebb9304493" />
    <UnitTestResult executionId="6f53ec86-5b0b-4f8a-9f80-c1d424670e53" testId="a3a32c4e-0ca6-5e80-c0ed-7707121a0543" testName="WhenSelectingOtherItemItShouldAllowDelete" computerName="DKSR-EFI-06" duration="00:00:00.0012443" startTime="2024-01-09T15:40:51.9296671+01:00" endTime="2024-01-09T15:40:51.9296671+01:00" testType="13cdc9d9-ddb5-4fa4-a97d-d965ccfc6d4b" outcome="Passed" testListId="8c84fa94-04c1-424b-9868-57a2d4851a1d" relativeResultsDirectory="6f53ec86-5b0b-4f8a-9f80-c1d424670e53" />
    <UnitTestResult executionId="6358db50-ed84-4ac7-8493-e7050bbc06bb" testId="78a1e3f5-86ca-8984-40a7-d75fc2bbb1ef" testName="WhenOnEditModeItShouldGetUsedColorsExcludingItself" computerName="DKSR-EFI-06" duration="00:00:00.0367035" startTime="2024-01-09T15:40:51.0859145+01:00" endTime="2024-01-09T15:40:51.1171642+01:00" testType="13cdc9d9-ddb5-4fa4-a97d-d965ccfc6d4b" outcome="Passed" testListId="8c84fa94-04c1-424b-9868-57a2d4851a1d" relativeResultsDirectory="6358db50-ed84-4ac7-8493-e7050bbc06bb" />
    <UnitTestResult executionId="c966c6d1-662a-42b1-8e10-548e85901559" testId="502f7809-2210-4f7d-9e82-a47fa033e57b" testName="WhenAddingItShouldAddItemToTheLast" computerName="DKSR-EFI-06" duration="00:00:00.0038042" startTime="2024-01-09T15:40:51.9296671+01:00" endTime="2024-01-09T15:40:51.9296671+01:00" testType="13cdc9d9-ddb5-4fa4-a97d-d965ccfc6d4b" outcome="Passed" testListId="8c84fa94-04c1-424b-9868-57a2d4851a1d" relativeResultsDirectory="c966c6d1-662a-42b1-8e10-548e85901559" />
    <UnitTestResult executionId="414d255e-bc29-461a-af07-4caeeacc51e0" testId="ee7224be-190d-582c-e3d7-445b75d770aa" testName="WhenCreatedItShouldShowResources" computerName="DKSR-EFI-06" duration="00:00:00.5026495" startTime="2024-01-09T15:40:51.4140395+01:00" endTime="2024-01-09T15:40:51.9140447+01:00" testType="13cdc9d9-ddb5-4fa4-a97d-d965ccfc6d4b" outcome="Passed" testListId="8c84fa94-04c1-424b-9868-57a2d4851a1d" relativeResultsDirectory="414d255e-bc29-461a-af07-4caeeacc51e0" />
    <UnitTestResult executionId="6b4822d5-66a7-4ec6-a7e7-36bb3f7c5722" testId="a19f3cd0-6ca0-8d8b-6a86-989e0e6c08b7" testName="WhenSelectingGeneralItShouldAllowEdit" computerName="DKSR-EFI-06" duration="00:00:00.0011030" startTime="2024-01-09T15:40:51.9296671+01:00" endTime="2024-01-09T15:40:51.9452908+01:00" testType="13cdc9d9-ddb5-4fa4-a97d-d965ccfc6d4b" outcome="Passed" testListId="8c84fa94-04c1-424b-9868-57a2d4851a1d" relativeResultsDirectory="6b4822d5-66a7-4ec6-a7e7-36bb3f7c5722" />
    <UnitTestResult executionId="60803783-c1f0-487c-9e13-66389b5ccdf5" testId="3443154a-d643-54cb-6bdf-9520d66ff170" testName="WhenSelectingWarningItShouldAllowEdit" computerName="DKSR-EFI-06" duration="00:00:00.0010835" startTime="2024-01-09T15:40:51.9452908+01:00" endTime="2024-01-09T15:40:51.9452908+01:00" testType="13cdc9d9-ddb5-4fa4-a97d-d965ccfc6d4b" outcome="Passed" testListId="8c84fa94-04c1-424b-9868-57a2d4851a1d" relativeResultsDirectory="60803783-c1f0-487c-9e13-66389b5ccdf5" />
    <UnitTestResult executionId="28a3f679-8155-4ca9-bca0-52a94ae2e69f" testId="b0dc2d50-c9b8-5524-9da8-f4e4e9e671be" testName="WhenStickyNotesAdminIsConstructedItShouldAssignProperties" computerName="DKSR-EFI-06" duration="00:00:00.4671288" startTime="2024-01-09T15:40:50.0702837+01:00" endTime="2024-01-09T15:40:50.7421624+01:00" testType="13cdc9d9-ddb5-4fa4-a97d-d965ccfc6d4b" outcome="Passed" testListId="8c84fa94-04c1-424b-9868-57a2d4851a1d" relativeResultsDirectory="28a3f679-8155-4ca9-bca0-52a94ae2e69f" />
    <UnitTestResult executionId="e9dee8d5-2394-4f56-88d1-e1774d4f43b1" testId="b2906d44-9c08-6d39-0b46-8f9b3c649a71" testName="WhenSavingWithUpdatedItemsItShouldLogUpdateEvent" computerName="DKSR-EFI-06" duration="00:00:00.0060125" startTime="2024-01-09T15:40:51.9765425+01:00" endTime="2024-01-09T15:40:51.9921670+01:00" testType="13cdc9d9-ddb5-4fa4-a97d-d965ccfc6d4b" outcome="Passed" testListId="8c84fa94-04c1-424b-9868-57a2d4851a1d" relativeResultsDirectory="e9dee8d5-2394-4f56-88d1-e1774d4f43b1" />
  </Results>
  <TestDefinitions>
    <UnitTest name="WhenSelectingOtherItemItShouldAllowEdit" storage="d:\actions-runner\_work\xpco\xpco\addons\plugins\stickynotes\tst\videoos.plugins.stickynotes.mc.unittests\bin\x64\debug\net472\videoos.plugins.stickynotes.mc.unittests.dll" id="d4686cea-147c-469e-d034-0bde1af5350a">
      <Execution id="658668be-04d8-4d30-8a48-880b190b0e85" />
      <TestMethod codeBase="D:\actions-runner\_work\XPCO\XPCO\AddOns\Plugins\StickyNotes\tst\VideoOS.Plugins.StickyNotes.MC.UnitTests\bin\x64\Debug\net472\VideoOS.Plugins.StickyNotes.MC.UnitTests.dll" adapterTypeName="executor://mstestadapter/v2" className="VideoOS.Plugins.StickyNotes.MC.UnitTests.StickyNotesConfigurationViewModelTests" name="WhenSelectingOtherItemItShouldAllowEdit" />
    </UnitTest>
    <UnitTest name="WhenSelectingGeneralItShouldAllowEdit" storage="d:\actions-runner\_work\xpco\xpco\addons\plugins\stickynotes\tst\videoos.plugins.stickynotes.mc.unittests\bin\x64\debug\net472\videoos.plugins.stickynotes.mc.unittests.dll" id="a19f3cd0-6ca0-8d8b-6a86-989e0e6c08b7">
      <Execution id="6b4822d5-66a7-4ec6-a7e7-36bb3f7c5722" />
      <TestMethod codeBase="D:\actions-runner\_work\XPCO\XPCO\AddOns\Plugins\StickyNotes\tst\VideoOS.Plugins.StickyNotes.MC.UnitTests\bin\x64\Debug\net472\VideoOS.Plugins.StickyNotes.MC.UnitTests.dll" adapterTypeName="executor://mstestadapter/v2" className="VideoOS.Plugins.StickyNotes.MC.UnitTests.StickyNotesConfigurationViewModelTests" name="WhenSelectingGeneralItShouldAllowEdit" />
    </UnitTest>
    <UnitTest name="WhenUpdatingItShouldUpdateItemList" storage="d:\actions-runner\_work\xpco\xpco\addons\plugins\stickynotes\tst\videoos.plugins.stickynotes.mc.unittests\bin\x64\debug\net472\videoos.plugins.stickynotes.mc.unittests.dll" id="4e91ed77-e934-8542-60cf-5ef44eb092f5">
      <Execution id="3e2f213a-8586-49a8-816f-6d43d4235f4d" />
      <TestMethod codeBase="D:\actions-runner\_work\XPCO\XPCO\AddOns\Plugins\StickyNotes\tst\VideoOS.Plugins.StickyNotes.MC.UnitTests\bin\x64\Debug\net472\VideoOS.Plugins.StickyNotes.MC.UnitTests.dll" adapterTypeName="executor://mstestadapter/v2" className="VideoOS.Plugins.StickyNotes.MC.UnitTests.StickyNotesConfigurationViewModelTests" name="WhenUpdatingItShouldUpdateItemList" />
    </UnitTest>
    <UnitTest name="WhenCategoriesIsBelowMaxAllowedItShouldAllowAdd" storage="d:\actions-runner\_work\xpco\xpco\addons\plugins\stickynotes\tst\videoos.plugins.stickynotes.mc.unittests\bin\x64\debug\net472\videoos.plugins.stickynotes.mc.unittests.dll" id="f0c38276-c310-5155-1b8e-bdae5b142b4b">
      <Execution id="0c7757ac-11e7-47ea-a117-cb5a115f1f39" />
      <TestMethod codeBase="D:\actions-runner\_work\XPCO\XPCO\AddOns\Plugins\StickyNotes\tst\VideoOS.Plugins.StickyNotes.MC.UnitTests\bin\x64\Debug\net472\VideoOS.Plugins.StickyNotes.MC.UnitTests.dll" adapterTypeName="executor://mstestadapter/v2" className="VideoOS.Plugins.StickyNotes.MC.UnitTests.StickyNotesConfigurationViewModelTests" name="WhenCategoriesIsBelowMaxAllowedItShouldAllowAdd" />
    </UnitTest>
    <UnitTest name="WhenSelectingThirdItemWith4ItemsItShouldAllowMoveDown" storage="d:\actions-runner\_work\xpco\xpco\addons\plugins\stickynotes\tst\videoos.plugins.stickynotes.mc.unittests\bin\x64\debug\net472\videoos.plugins.stickynotes.mc.unittests.dll" id="89605a8d-9719-2e61-bd18-a5829b648f8b">
      <Execution id="d70cbd20-0388-44cd-b283-7248835cd6bc" />
      <TestMethod codeBase="D:\actions-runner\_work\XPCO\XPCO\AddOns\Plugins\StickyNotes\tst\VideoOS.Plugins.StickyNotes.MC.UnitTests\bin\x64\Debug\net472\VideoOS.Plugins.StickyNotes.MC.UnitTests.dll" adapterTypeName="executor://mstestadapter/v2" className="VideoOS.Plugins.StickyNotes.MC.UnitTests.StickyNotesConfigurationViewModelTests" name="WhenSelectingThirdItemWith4ItemsItShouldAllowMoveDown" />
    </UnitTest>
    <UnitTest name="WhenSavingWithUpdatedItemOrderItShouldLogOrderChangedEvent" storage="d:\actions-runner\_work\xpco\xpco\addons\plugins\stickynotes\tst\videoos.plugins.stickynotes.mc.unittests\bin\x64\debug\net472\videoos.plugins.stickynotes.mc.unittests.dll" id="27dfd96b-aa5f-08c4-46b9-5d7e0e772c98">
      <Execution id="02b6b9df-a10e-4c3b-b6fa-491bfb38ee30" />
      <TestMethod codeBase="D:\actions-runner\_work\XPCO\XPCO\AddOns\Plugins\StickyNotes\tst\VideoOS.Plugins.StickyNotes.MC.UnitTests\bin\x64\Debug\net472\VideoOS.Plugins.StickyNotes.MC.UnitTests.dll" adapterTypeName="executor://mstestadapter/v2" className="VideoOS.Plugins.StickyNotes.MC.UnitTests.StickyNotesConfigurationViewModelTests" name="WhenSavingWithUpdatedItemOrderItShouldLogOrderChangedEvent" />
    </UnitTest>
    <UnitTest name="WhenSavingWithNewItemsItShouldLogAddEvent" storage="d:\actions-runner\_work\xpco\xpco\addons\plugins\stickynotes\tst\videoos.plugins.stickynotes.mc.unittests\bin\x64\debug\net472\videoos.plugins.stickynotes.mc.unittests.dll" id="34ea60ed-e1fc-8a3c-1080-7ab908459f08">
      <Execution id="ca91bebc-ad7a-4a09-8b2c-a7559d0ed881" />
      <TestMethod codeBase="D:\actions-runner\_work\XPCO\XPCO\AddOns\Plugins\StickyNotes\tst\VideoOS.Plugins.StickyNotes.MC.UnitTests\bin\x64\Debug\net472\VideoOS.Plugins.StickyNotes.MC.UnitTests.dll" adapterTypeName="executor://mstestadapter/v2" className="VideoOS.Plugins.StickyNotes.MC.UnitTests.StickyNotesConfigurationViewModelTests" name="WhenSavingWithNewItemsItShouldLogAddEvent" />
    </UnitTest>
    <UnitTest name="WhenCategoriesReachedMaxAllowedItShouldNotAllowAdd" storage="d:\actions-runner\_work\xpco\xpco\addons\plugins\stickynotes\tst\videoos.plugins.stickynotes.mc.unittests\bin\x64\debug\net472\videoos.plugins.stickynotes.mc.unittests.dll" id="ca0d139b-3d6e-5d04-2be2-abfac5046cfb">
      <Execution id="b058184d-5868-45b9-886a-73d17e321dd7" />
      <TestMethod codeBase="D:\actions-runner\_work\XPCO\XPCO\AddOns\Plugins\StickyNotes\tst\VideoOS.Plugins.StickyNotes.MC.UnitTests\bin\x64\Debug\net472\VideoOS.Plugins.StickyNotes.MC.UnitTests.dll" adapterTypeName="executor://mstestadapter/v2" className="VideoOS.Plugins.StickyNotes.MC.UnitTests.StickyNotesConfigurationViewModelTests" name="WhenCategoriesReachedMaxAllowedItShouldNotAllowAdd" />
    </UnitTest>
    <UnitTest name="WhenSavingOnEditModeItShouldCallUpdateImportanceLevel" storage="d:\actions-runner\_work\xpco\xpco\addons\plugins\stickynotes\tst\videoos.plugins.stickynotes.mc.unittests\bin\x64\debug\net472\videoos.plugins.stickynotes.mc.unittests.dll" id="fc6c06b4-59f3-4f70-0505-04f713d41fac">
      <Execution id="0aa9e2b5-fdc3-4326-8384-52ffc308a104" />
      <TestMethod codeBase="D:\actions-runner\_work\XPCO\XPCO\AddOns\Plugins\StickyNotes\tst\VideoOS.Plugins.StickyNotes.MC.UnitTests\bin\x64\Debug\net472\VideoOS.Plugins.StickyNotes.MC.UnitTests.dll" adapterTypeName="executor://mstestadapter/v2" className="VideoOS.Plugins.StickyNotes.MC.UnitTests.StickyNotesConfigurationDialogViewModelTests" name="WhenSavingOnEditModeItShouldCallUpdateImportanceLevel" />
    </UnitTest>
    <UnitTest name="WhenCreatedItShouldShowResources" storage="d:\actions-runner\_work\xpco\xpco\addons\plugins\stickynotes\tst\videoos.plugins.stickynotes.mc.unittests\bin\x64\debug\net472\videoos.plugins.stickynotes.mc.unittests.dll" id="ee7224be-190d-582c-e3d7-445b75d770aa">
      <Execution id="414d255e-bc29-461a-af07-4caeeacc51e0" />
      <TestMethod codeBase="D:\actions-runner\_work\XPCO\XPCO\AddOns\Plugins\StickyNotes\tst\VideoOS.Plugins.StickyNotes.MC.UnitTests\bin\x64\Debug\net472\VideoOS.Plugins.StickyNotes.MC.UnitTests.dll" adapterTypeName="executor://mstestadapter/v2" className="VideoOS.Plugins.StickyNotes.MC.UnitTests.StickyNotesConfigurationViewModelTests" name="WhenCreatedItShouldShowResources" />
    </UnitTest>
    <UnitTest name="WhenOnAddModeItShouldShowAddResources" storage="d:\actions-runner\_work\xpco\xpco\addons\plugins\stickynotes\tst\videoos.plugins.stickynotes.mc.unittests\bin\x64\debug\net472\videoos.plugins.stickynotes.mc.unittests.dll" id="ca02ab43-0e33-1dcd-faaf-15c069e3d653">
      <Execution id="a5edf64b-112f-4148-9516-8fb92cdca616" />
      <TestMethod codeBase="D:\actions-runner\_work\XPCO\XPCO\AddOns\Plugins\StickyNotes\tst\VideoOS.Plugins.StickyNotes.MC.UnitTests\bin\x64\Debug\net472\VideoOS.Plugins.StickyNotes.MC.UnitTests.dll" adapterTypeName="executor://mstestadapter/v2" className="VideoOS.Plugins.StickyNotes.MC.UnitTests.StickyNotesConfigurationDialogViewModelTests" name="WhenOnAddModeItShouldShowAddResources" />
    </UnitTest>
    <UnitTest name="WhenSelectingWarningItShouldAllowEdit" storage="d:\actions-runner\_work\xpco\xpco\addons\plugins\stickynotes\tst\videoos.plugins.stickynotes.mc.unittests\bin\x64\debug\net472\videoos.plugins.stickynotes.mc.unittests.dll" id="3443154a-d643-54cb-6bdf-9520d66ff170">
      <Execution id="60803783-c1f0-487c-9e13-66389b5ccdf5" />
      <TestMethod codeBase="D:\actions-runner\_work\XPCO\XPCO\AddOns\Plugins\StickyNotes\tst\VideoOS.Plugins.StickyNotes.MC.UnitTests\bin\x64\Debug\net472\VideoOS.Plugins.StickyNotes.MC.UnitTests.dll" adapterTypeName="executor://mstestadapter/v2" className="VideoOS.Plugins.StickyNotes.MC.UnitTests.StickyNotesConfigurationViewModelTests" name="WhenSelectingWarningItShouldAllowEdit" />
    </UnitTest>
    <UnitTest name="WhenOnAddModeWithInvalidDataItShouldDisableSave (,Warning)" storage="d:\actions-runner\_work\xpco\xpco\addons\plugins\stickynotes\tst\videoos.plugins.stickynotes.mc.unittests\bin\x64\debug\net472\videoos.plugins.stickynotes.mc.unittests.dll" id="659dcb52-ac17-083c-4e6f-2b6bbef3d029">
      <Execution id="89ec69ee-99ae-404a-9811-2bcb3ba3708c" />
      <TestMethod codeBase="D:\actions-runner\_work\XPCO\XPCO\AddOns\Plugins\StickyNotes\tst\VideoOS.Plugins.StickyNotes.MC.UnitTests\bin\x64\Debug\net472\VideoOS.Plugins.StickyNotes.MC.UnitTests.dll" adapterTypeName="executor://mstestadapter/v2" className="VideoOS.Plugins.StickyNotes.MC.UnitTests.StickyNotesConfigurationDialogViewModelTests" name="WhenOnAddModeWithInvalidDataItShouldDisableSave" />
    </UnitTest>
    <UnitTest name="WhenSelectingThirdItemWith3ItemsItShouldNotAllowMoveDown" storage="d:\actions-runner\_work\xpco\xpco\addons\plugins\stickynotes\tst\videoos.plugins.stickynotes.mc.unittests\bin\x64\debug\net472\videoos.plugins.stickynotes.mc.unittests.dll" id="d0d98c60-3506-9a47-4d91-99f2177f8572">
      <Execution id="169aab05-dfcc-451a-a938-5bb6dfdc734e" />
      <TestMethod codeBase="D:\actions-runner\_work\XPCO\XPCO\AddOns\Plugins\StickyNotes\tst\VideoOS.Plugins.StickyNotes.MC.UnitTests\bin\x64\Debug\net472\VideoOS.Plugins.StickyNotes.MC.UnitTests.dll" adapterTypeName="executor://mstestadapter/v2" className="VideoOS.Plugins.StickyNotes.MC.UnitTests.StickyNotesConfigurationViewModelTests" name="WhenSelectingThirdItemWith3ItemsItShouldNotAllowMoveDown" />
    </UnitTest>
    <UnitTest name="WhenSavingWithDeletedItemsItShouldLogDeleteEvent" storage="d:\actions-runner\_work\xpco\xpco\addons\plugins\stickynotes\tst\videoos.plugins.stickynotes.mc.unittests\bin\x64\debug\net472\videoos.plugins.stickynotes.mc.unittests.dll" id="68eb3766-3c74-9b28-9837-1ad47710d680">
      <Execution id="6b2b6d6a-3ae6-424f-895c-8294d5f86e33" />
      <TestMethod codeBase="D:\actions-runner\_work\XPCO\XPCO\AddOns\Plugins\StickyNotes\tst\VideoOS.Plugins.StickyNotes.MC.UnitTests\bin\x64\Debug\net472\VideoOS.Plugins.StickyNotes.MC.UnitTests.dll" adapterTypeName="executor://mstestadapter/v2" className="VideoOS.Plugins.StickyNotes.MC.UnitTests.StickyNotesConfigurationViewModelTests" name="WhenSavingWithDeletedItemsItShouldLogDeleteEvent" />
    </UnitTest>
    <UnitTest name="WhenRemovingItShouldSetSelectedItemToNull" storage="d:\actions-runner\_work\xpco\xpco\addons\plugins\stickynotes\tst\videoos.plugins.stickynotes.mc.unittests\bin\x64\debug\net472\videoos.plugins.stickynotes.mc.unittests.dll" id="d4262dbb-9f67-bfb9-7b5a-bb64b2a3686f">
      <Execution id="944f73ec-7c7f-4c3f-86dd-a6a7b8d2f60d" />
      <TestMethod codeBase="D:\actions-runner\_work\XPCO\XPCO\AddOns\Plugins\StickyNotes\tst\VideoOS.Plugins.StickyNotes.MC.UnitTests\bin\x64\Debug\net472\VideoOS.Plugins.StickyNotes.MC.UnitTests.dll" adapterTypeName="executor://mstestadapter/v2" className="VideoOS.Plugins.StickyNotes.MC.UnitTests.StickyNotesConfigurationViewModelTests" name="WhenRemovingItShouldSetSelectedItemToNull" />
    </UnitTest>
    <UnitTest name="WhenRenamingItemsInSameOrderItShouldNotLogOrderChangedEvent" storage="d:\actions-runner\_work\xpco\xpco\addons\plugins\stickynotes\tst\videoos.plugins.stickynotes.mc.unittests\bin\x64\debug\net472\videoos.plugins.stickynotes.mc.unittests.dll" id="912f3fb4-514e-93e7-56e3-68d9f160458b">
      <Execution id="caa14eef-596e-41fc-8693-25fbe739973f" />
      <TestMethod codeBase="D:\actions-runner\_work\XPCO\XPCO\AddOns\Plugins\StickyNotes\tst\VideoOS.Plugins.StickyNotes.MC.UnitTests\bin\x64\Debug\net472\VideoOS.Plugins.StickyNotes.MC.UnitTests.dll" adapterTypeName="executor://mstestadapter/v2" className="VideoOS.Plugins.StickyNotes.MC.UnitTests.StickyNotesConfigurationViewModelTests" name="WhenRenamingItemsInSameOrderItShouldNotLogOrderChangedEvent" />
    </UnitTest>
    <UnitTest name="WhenOnAddModeWithInvalidDataItShouldDisableSave (test,)" storage="d:\actions-runner\_work\xpco\xpco\addons\plugins\stickynotes\tst\videoos.plugins.stickynotes.mc.unittests\bin\x64\debug\net472\videoos.plugins.stickynotes.mc.unittests.dll" id="90261e27-94d2-acb4-9d4f-b0c82743bad8">
      <Execution id="eab0d2d3-d0e5-4336-b60c-42d2739f8e23" />
      <TestMethod codeBase="D:\actions-runner\_work\XPCO\XPCO\AddOns\Plugins\StickyNotes\tst\VideoOS.Plugins.StickyNotes.MC.UnitTests\bin\x64\Debug\net472\VideoOS.Plugins.StickyNotes.MC.UnitTests.dll" adapterTypeName="executor://mstestadapter/v2" className="VideoOS.Plugins.StickyNotes.MC.UnitTests.StickyNotesConfigurationDialogViewModelTests" name="WhenOnAddModeWithInvalidDataItShouldDisableSave" />
    </UnitTest>
    <UnitTest name="WhenOnEditModeItShouldShowEditResources" storage="d:\actions-runner\_work\xpco\xpco\addons\plugins\stickynotes\tst\videoos.plugins.stickynotes.mc.unittests\bin\x64\debug\net472\videoos.plugins.stickynotes.mc.unittests.dll" id="fb8d6a48-dcc2-89ee-e820-0c7e6877deaa">
      <Execution id="7451ca70-5c18-4039-a5dc-a99391496e73" />
      <TestMethod codeBase="D:\actions-runner\_work\XPCO\XPCO\AddOns\Plugins\StickyNotes\tst\VideoOS.Plugins.StickyNotes.MC.UnitTests\bin\x64\Debug\net472\VideoOS.Plugins.StickyNotes.MC.UnitTests.dll" adapterTypeName="executor://mstestadapter/v2" className="VideoOS.Plugins.StickyNotes.MC.UnitTests.StickyNotesConfigurationDialogViewModelTests" name="WhenOnEditModeItShouldShowEditResources" />
    </UnitTest>
    <UnitTest name="WhenSelectingGeneralItShouldNotAllowMove" storage="d:\actions-runner\_work\xpco\xpco\addons\plugins\stickynotes\tst\videoos.plugins.stickynotes.mc.unittests\bin\x64\debug\net472\videoos.plugins.stickynotes.mc.unittests.dll" id="eeac5fa3-45c6-4daa-c795-07bf5eef5dc8">
      <Execution id="3ff1a893-053f-4246-a512-5253f47b96f1" />
      <TestMethod codeBase="D:\actions-runner\_work\XPCO\XPCO\AddOns\Plugins\StickyNotes\tst\VideoOS.Plugins.StickyNotes.MC.UnitTests\bin\x64\Debug\net472\VideoOS.Plugins.StickyNotes.MC.UnitTests.dll" adapterTypeName="executor://mstestadapter/v2" className="VideoOS.Plugins.StickyNotes.MC.UnitTests.StickyNotesConfigurationViewModelTests" name="WhenSelectingGeneralItShouldNotAllowMove" />
    </UnitTest>
    <UnitTest name="WhenSelectingGeneralItShouldNotAllowDelete" storage="d:\actions-runner\_work\xpco\xpco\addons\plugins\stickynotes\tst\videoos.plugins.stickynotes.mc.unittests\bin\x64\debug\net472\videoos.plugins.stickynotes.mc.unittests.dll" id="0725cacc-73c6-d9f6-d92e-a9765512de89">
      <Execution id="a9bbcce1-2105-4534-84ab-e96ad9f4940f" />
      <TestMethod codeBase="D:\actions-runner\_work\XPCO\XPCO\AddOns\Plugins\StickyNotes\tst\VideoOS.Plugins.StickyNotes.MC.UnitTests\bin\x64\Debug\net472\VideoOS.Plugins.StickyNotes.MC.UnitTests.dll" adapterTypeName="executor://mstestadapter/v2" className="VideoOS.Plugins.StickyNotes.MC.UnitTests.StickyNotesConfigurationViewModelTests" name="WhenSelectingGeneralItShouldNotAllowDelete" />
    </UnitTest>
    <UnitTest name="WhenSavingOnAddModeItShouldCallAddImportanceLevel" storage="d:\actions-runner\_work\xpco\xpco\addons\plugins\stickynotes\tst\videoos.plugins.stickynotes.mc.unittests\bin\x64\debug\net472\videoos.plugins.stickynotes.mc.unittests.dll" id="8fc9e595-2613-504b-dd32-5b35374b88a8">
      <Execution id="82b35e4a-bb74-4832-9fa4-72ebb9304493" />
      <TestMethod codeBase="D:\actions-runner\_work\XPCO\XPCO\AddOns\Plugins\StickyNotes\tst\VideoOS.Plugins.StickyNotes.MC.UnitTests\bin\x64\Debug\net472\VideoOS.Plugins.StickyNotes.MC.UnitTests.dll" adapterTypeName="executor://mstestadapter/v2" className="VideoOS.Plugins.StickyNotes.MC.UnitTests.StickyNotesConfigurationDialogViewModelTests" name="WhenSavingOnAddModeItShouldCallAddImportanceLevel" />
    </UnitTest>
    <UnitTest name="WhenSavingWithUpdatedItemsItShouldLogUpdateEvent" storage="d:\actions-runner\_work\xpco\xpco\addons\plugins\stickynotes\tst\videoos.plugins.stickynotes.mc.unittests\bin\x64\debug\net472\videoos.plugins.stickynotes.mc.unittests.dll" id="b2906d44-9c08-6d39-0b46-8f9b3c649a71">
      <Execution id="e9dee8d5-2394-4f56-88d1-e1774d4f43b1" />
      <TestMethod codeBase="D:\actions-runner\_work\XPCO\XPCO\AddOns\Plugins\StickyNotes\tst\VideoOS.Plugins.StickyNotes.MC.UnitTests\bin\x64\Debug\net472\VideoOS.Plugins.StickyNotes.MC.UnitTests.dll" adapterTypeName="executor://mstestadapter/v2" className="VideoOS.Plugins.StickyNotes.MC.UnitTests.StickyNotesConfigurationViewModelTests" name="WhenSavingWithUpdatedItemsItShouldLogUpdateEvent" />
    </UnitTest>
    <UnitTest name="WhenSelectingOtherItemItShouldAllowDelete" storage="d:\actions-runner\_work\xpco\xpco\addons\plugins\stickynotes\tst\videoos.plugins.stickynotes.mc.unittests\bin\x64\debug\net472\videoos.plugins.stickynotes.mc.unittests.dll" id="a3a32c4e-0ca6-5e80-c0ed-7707121a0543">
      <Execution id="6f53ec86-5b0b-4f8a-9f80-c1d424670e53" />
      <TestMethod codeBase="D:\actions-runner\_work\XPCO\XPCO\AddOns\Plugins\StickyNotes\tst\VideoOS.Plugins.StickyNotes.MC.UnitTests\bin\x64\Debug\net472\VideoOS.Plugins.StickyNotes.MC.UnitTests.dll" adapterTypeName="executor://mstestadapter/v2" className="VideoOS.Plugins.StickyNotes.MC.UnitTests.StickyNotesConfigurationViewModelTests" name="WhenSelectingOtherItemItShouldAllowDelete" />
    </UnitTest>
    <UnitTest name="WhenFillingDataItShouldGetImportanceLevels" storage="d:\actions-runner\_work\xpco\xpco\addons\plugins\stickynotes\tst\videoos.plugins.stickynotes.mc.unittests\bin\x64\debug\net472\videoos.plugins.stickynotes.mc.unittests.dll" id="d43d280c-e267-3d98-f8c7-2db2d97eef98">
      <Execution id="cd7ac512-0bd0-48e6-8e02-f32200b685de" />
      <TestMethod codeBase="D:\actions-runner\_work\XPCO\XPCO\AddOns\Plugins\StickyNotes\tst\VideoOS.Plugins.StickyNotes.MC.UnitTests\bin\x64\Debug\net472\VideoOS.Plugins.StickyNotes.MC.UnitTests.dll" adapterTypeName="executor://mstestadapter/v2" className="VideoOS.Plugins.StickyNotes.MC.UnitTests.StickyNotesConfigurationViewModelTests" name="WhenFillingDataItShouldGetImportanceLevels" />
    </UnitTest>
    <UnitTest name="WhenStickyNotesAdminIsConstructedItShouldAssignProperties" storage="d:\actions-runner\_work\xpco\xpco\addons\plugins\stickynotes\tst\videoos.plugins.stickynotes.mc.unittests\bin\x64\debug\net472\videoos.plugins.stickynotes.mc.unittests.dll" id="b0dc2d50-c9b8-5524-9da8-f4e4e9e671be">
      <Execution id="28a3f679-8155-4ca9-bca0-52a94ae2e69f" />
      <TestMethod codeBase="D:\actions-runner\_work\XPCO\XPCO\AddOns\Plugins\StickyNotes\tst\VideoOS.Plugins.StickyNotes.MC.UnitTests\bin\x64\Debug\net472\VideoOS.Plugins.StickyNotes.MC.UnitTests.dll" adapterTypeName="executor://mstestadapter/v2" className="VideoOS.Plugins.StickyNotes.MC.UnitTests.StickyNotesAdminTests" name="WhenStickyNotesAdminIsConstructedItShouldAssignProperties" />
    </UnitTest>
    <UnitTest name="WhenSelectingSecondItemItShouldNotAllowMoveUp" storage="d:\actions-runner\_work\xpco\xpco\addons\plugins\stickynotes\tst\videoos.plugins.stickynotes.mc.unittests\bin\x64\debug\net472\videoos.plugins.stickynotes.mc.unittests.dll" id="65292550-e6de-d3a6-3973-3390e92f2ed9">
      <Execution id="f6e40bc0-704f-4e3f-906e-bccf3a09b4f3" />
      <TestMethod codeBase="D:\actions-runner\_work\XPCO\XPCO\AddOns\Plugins\StickyNotes\tst\VideoOS.Plugins.StickyNotes.MC.UnitTests\bin\x64\Debug\net472\VideoOS.Plugins.StickyNotes.MC.UnitTests.dll" adapterTypeName="executor://mstestadapter/v2" className="VideoOS.Plugins.StickyNotes.MC.UnitTests.StickyNotesConfigurationViewModelTests" name="WhenSelectingSecondItemItShouldNotAllowMoveUp" />
    </UnitTest>
    <UnitTest name="WhenSelectingWarningItShouldAllowDelete" storage="d:\actions-runner\_work\xpco\xpco\addons\plugins\stickynotes\tst\videoos.plugins.stickynotes.mc.unittests\bin\x64\debug\net472\videoos.plugins.stickynotes.mc.unittests.dll" id="914d4c4c-8d7b-a605-aa7b-0c731003fe4b">
      <Execution id="21e404cd-6c09-4e5f-bf3b-549a2d11ac84" />
      <TestMethod codeBase="D:\actions-runner\_work\XPCO\XPCO\AddOns\Plugins\StickyNotes\tst\VideoOS.Plugins.StickyNotes.MC.UnitTests\bin\x64\Debug\net472\VideoOS.Plugins.StickyNotes.MC.UnitTests.dll" adapterTypeName="executor://mstestadapter/v2" className="VideoOS.Plugins.StickyNotes.MC.UnitTests.StickyNotesConfigurationViewModelTests" name="WhenSelectingWarningItShouldAllowDelete" />
    </UnitTest>
    <UnitTest name="WhenOnAddModeWithInvalidDataItShouldDisableSave (,)" storage="d:\actions-runner\_work\xpco\xpco\addons\plugins\stickynotes\tst\videoos.plugins.stickynotes.mc.unittests\bin\x64\debug\net472\videoos.plugins.stickynotes.mc.unittests.dll" id="15dfbc72-d1cd-3a7a-3c61-3afc0917ccee">
      <Execution id="c0b7a049-6fdc-4be5-99c3-fa73888c3e54" />
      <TestMethod codeBase="D:\actions-runner\_work\XPCO\XPCO\AddOns\Plugins\StickyNotes\tst\VideoOS.Plugins.StickyNotes.MC.UnitTests\bin\x64\Debug\net472\VideoOS.Plugins.StickyNotes.MC.UnitTests.dll" adapterTypeName="executor://mstestadapter/v2" className="VideoOS.Plugins.StickyNotes.MC.UnitTests.StickyNotesConfigurationDialogViewModelTests" name="WhenOnAddModeWithInvalidDataItShouldDisableSave" />
    </UnitTest>
    <UnitTest name="WhenAddingItShouldAddItemToTheLast" storage="d:\actions-runner\_work\xpco\xpco\addons\plugins\stickynotes\tst\videoos.plugins.stickynotes.mc.unittests\bin\x64\debug\net472\videoos.plugins.stickynotes.mc.unittests.dll" id="502f7809-2210-4f7d-9e82-a47fa033e57b">
      <Execution id="c966c6d1-662a-42b1-8e10-548e85901559" />
      <TestMethod codeBase="D:\actions-runner\_work\XPCO\XPCO\AddOns\Plugins\StickyNotes\tst\VideoOS.Plugins.StickyNotes.MC.UnitTests\bin\x64\Debug\net472\VideoOS.Plugins.StickyNotes.MC.UnitTests.dll" adapterTypeName="executor://mstestadapter/v2" className="VideoOS.Plugins.StickyNotes.MC.UnitTests.StickyNotesConfigurationViewModelTests" name="WhenAddingItShouldAddItemToTheLast" />
    </UnitTest>
    <UnitTest name="WhenOnEditModeItShouldGetUsedColorsExcludingItself" storage="d:\actions-runner\_work\xpco\xpco\addons\plugins\stickynotes\tst\videoos.plugins.stickynotes.mc.unittests\bin\x64\debug\net472\videoos.plugins.stickynotes.mc.unittests.dll" id="78a1e3f5-86ca-8984-40a7-d75fc2bbb1ef">
      <Execution id="6358db50-ed84-4ac7-8493-e7050bbc06bb" />
      <TestMethod codeBase="D:\actions-runner\_work\XPCO\XPCO\AddOns\Plugins\StickyNotes\tst\VideoOS.Plugins.StickyNotes.MC.UnitTests\bin\x64\Debug\net472\VideoOS.Plugins.StickyNotes.MC.UnitTests.dll" adapterTypeName="executor://mstestadapter/v2" className="VideoOS.Plugins.StickyNotes.MC.UnitTests.StickyNotesConfigurationDialogViewModelTests" name="WhenOnEditModeItShouldGetUsedColorsExcludingItself" />
    </UnitTest>
  </TestDefinitions>
  <TestEntries>
    <TestEntry testId="90261e27-94d2-acb4-9d4f-b0c82743bad8" executionId="eab0d2d3-d0e5-4336-b60c-42d2739f8e23" testListId="8c84fa94-04c1-424b-9868-57a2d4851a1d" />
    <TestEntry testId="912f3fb4-514e-93e7-56e3-68d9f160458b" executionId="caa14eef-596e-41fc-8693-25fbe739973f" testListId="8c84fa94-04c1-424b-9868-57a2d4851a1d" />
    <TestEntry testId="27dfd96b-aa5f-08c4-46b9-5d7e0e772c98" executionId="02b6b9df-a10e-4c3b-b6fa-491bfb38ee30" testListId="8c84fa94-04c1-424b-9868-57a2d4851a1d" />
    <TestEntry testId="ca0d139b-3d6e-5d04-2be2-abfac5046cfb" executionId="b058184d-5868-45b9-886a-73d17e321dd7" testListId="8c84fa94-04c1-424b-9868-57a2d4851a1d" />
    <TestEntry testId="ca02ab43-0e33-1dcd-faaf-15c069e3d653" executionId="a5edf64b-112f-4148-9516-8fb92cdca616" testListId="8c84fa94-04c1-424b-9868-57a2d4851a1d" />
    <TestEntry testId="fb8d6a48-dcc2-89ee-e820-0c7e6877deaa" executionId="7451ca70-5c18-4039-a5dc-a99391496e73" testListId="8c84fa94-04c1-424b-9868-57a2d4851a1d" />
    <TestEntry testId="659dcb52-ac17-083c-4e6f-2b6bbef3d029" executionId="89ec69ee-99ae-404a-9811-2bcb3ba3708c" testListId="8c84fa94-04c1-424b-9868-57a2d4851a1d" />
    <TestEntry testId="65292550-e6de-d3a6-3973-3390e92f2ed9" executionId="f6e40bc0-704f-4e3f-906e-bccf3a09b4f3" testListId="8c84fa94-04c1-424b-9868-57a2d4851a1d" />
    <TestEntry testId="f0c38276-c310-5155-1b8e-bdae5b142b4b" executionId="0c7757ac-11e7-47ea-a117-cb5a115f1f39" testListId="8c84fa94-04c1-424b-9868-57a2d4851a1d" />
    <TestEntry testId="89605a8d-9719-2e61-bd18-a5829b648f8b" executionId="d70cbd20-0388-44cd-b283-7248835cd6bc" testListId="8c84fa94-04c1-424b-9868-57a2d4851a1d" />
    <TestEntry testId="d4262dbb-9f67-bfb9-7b5a-bb64b2a3686f" executionId="944f73ec-7c7f-4c3f-86dd-a6a7b8d2f60d" testListId="8c84fa94-04c1-424b-9868-57a2d4851a1d" />
    <TestEntry testId="d0d98c60-3506-9a47-4d91-99f2177f8572" executionId="169aab05-dfcc-451a-a938-5bb6dfdc734e" testListId="8c84fa94-04c1-424b-9868-57a2d4851a1d" />
    <TestEntry testId="eeac5fa3-45c6-4daa-c795-07bf5eef5dc8" executionId="3ff1a893-053f-4246-a512-5253f47b96f1" testListId="8c84fa94-04c1-424b-9868-57a2d4851a1d" />
    <TestEntry testId="68eb3766-3c74-9b28-9837-1ad47710d680" executionId="6b2b6d6a-3ae6-424f-895c-8294d5f86e33" testListId="8c84fa94-04c1-424b-9868-57a2d4851a1d" />
    <TestEntry testId="fc6c06b4-59f3-4f70-0505-04f713d41fac" executionId="0aa9e2b5-fdc3-4326-8384-52ffc308a104" testListId="8c84fa94-04c1-424b-9868-57a2d4851a1d" />
    <TestEntry testId="15dfbc72-d1cd-3a7a-3c61-3afc0917ccee" executionId="c0b7a049-6fdc-4be5-99c3-fa73888c3e54" testListId="8c84fa94-04c1-424b-9868-57a2d4851a1d" />
    <TestEntry testId="34ea60ed-e1fc-8a3c-1080-7ab908459f08" executionId="ca91bebc-ad7a-4a09-8b2c-a7559d0ed881" testListId="8c84fa94-04c1-424b-9868-57a2d4851a1d" />
    <TestEntry testId="d43d280c-e267-3d98-f8c7-2db2d97eef98" executionId="cd7ac512-0bd0-48e6-8e02-f32200b685de" testListId="8c84fa94-04c1-424b-9868-57a2d4851a1d" />
    <TestEntry testId="4e91ed77-e934-8542-60cf-5ef44eb092f5" executionId="3e2f213a-8586-49a8-816f-6d43d4235f4d" testListId="8c84fa94-04c1-424b-9868-57a2d4851a1d" />
    <TestEntry testId="914d4c4c-8d7b-a605-aa7b-0c731003fe4b" executionId="21e404cd-6c09-4e5f-bf3b-549a2d11ac84" testListId="8c84fa94-04c1-424b-9868-57a2d4851a1d" />
    <TestEntry testId="0725cacc-73c6-d9f6-d92e-a9765512de89" executionId="a9bbcce1-2105-4534-84ab-e96ad9f4940f" testListId="8c84fa94-04c1-424b-9868-57a2d4851a1d" />
    <TestEntry testId="d4686cea-147c-469e-d034-0bde1af5350a" executionId="658668be-04d8-4d30-8a48-880b190b0e85" testListId="8c84fa94-04c1-424b-9868-57a2d4851a1d" />
    <TestEntry testId="8fc9e595-2613-504b-dd32-5b35374b88a8" executionId="82b35e4a-bb74-4832-9fa4-72ebb9304493" testListId="8c84fa94-04c1-424b-9868-57a2d4851a1d" />
    <TestEntry testId="a3a32c4e-0ca6-5e80-c0ed-7707121a0543" executionId="6f53ec86-5b0b-4f8a-9f80-c1d424670e53" testListId="8c84fa94-04c1-424b-9868-57a2d4851a1d" />
    <TestEntry testId="78a1e3f5-86ca-8984-40a7-d75fc2bbb1ef" executionId="6358db50-ed84-4ac7-8493-e7050bbc06bb" testListId="8c84fa94-04c1-424b-9868-57a2d4851a1d" />
    <TestEntry testId="502f7809-2210-4f7d-9e82-a47fa033e57b" executionId="c966c6d1-662a-42b1-8e10-548e85901559" testListId="8c84fa94-04c1-424b-9868-57a2d4851a1d" />
    <TestEntry testId="ee7224be-190d-582c-e3d7-445b75d770aa" executionId="414d255e-bc29-461a-af07-4caeeacc51e0" testListId="8c84fa94-04c1-424b-9868-57a2d4851a1d" />
    <TestEntry testId="a19f3cd0-6ca0-8d8b-6a86-989e0e6c08b7" executionId="6b4822d5-66a7-4ec6-a7e7-36bb3f7c5722" testListId="8c84fa94-04c1-424b-9868-57a2d4851a1d" />
    <TestEntry testId="3443154a-d643-54cb-6bdf-9520d66ff170" executionId="60803783-c1f0-487c-9e13-66389b5ccdf5" testListId="8c84fa94-04c1-424b-9868-57a2d4851a1d" />
    <TestEntry testId="b0dc2d50-c9b8-5524-9da8-f4e4e9e671be" executionId="28a3f679-8155-4ca9-bca0-52a94ae2e69f" testListId="8c84fa94-04c1-424b-9868-57a2d4851a1d" />
    <TestEntry testId="b2906d44-9c08-6d39-0b46-8f9b3c649a71" executionId="e9dee8d5-2394-4f56-88d1-e1774d4f43b1" testListId="8c84fa94-04c1-424b-9868-57a2d4851a1d" />
  </TestEntries>
  <TestLists>
    <TestList name="Results Not in a List" id="8c84fa94-04c1-424b-9868-57a2d4851a1d" />
    <TestList name="All Loaded Results" id="19431567-8539-422a-85d7-44ee4e166bda" />
  </TestLists>
  <ResultSummary outcome="Completed">
    <Counters total="31" executed="31" passed="31" failed="0" error="0" timeout="0" aborted="0" inconclusive="0" passedButRunAborted="0" notRunnable="0" notExecuted="0" disconnected="0" warning="0" completed="0" inProgress="0" pending="0" />
  </ResultSummary>
</TestRun>