<?xml version="1.0" encoding="utf-8"?>
<TestRun id="4f9bb1c8-2513-4fcd-9169-ecd793c73adf" name="DKSR-EFI-06$@DKSR-EFI-06 2024-01-09 15:45:12" runUser="NT AUTHORITY\NETWORK SERVICE" xmlns="http://microsoft.com/schemas/VisualStudio/TeamTest/2010">
  <Times creation="2024-01-09T15:45:12.7012622+01:00" queuing="2024-01-09T15:45:12.7012622+01:00" start="2024-01-09T15:44:40.2324409+01:00" finish="2024-01-09T15:46:08.1762145+01:00" />
  <TestSettings name="default" id="0aa4d9fe-faa4-47d6-8517-3fb0b2d34fda">
    <Deployment runDeploymentRoot="DKSR-EFI-06$_DKSR-EFI-06_2024-01-09_15_45_12" />
  </TestSettings>
  <Results>
    <UnitTestResult executionId="473dd12f-1e2b-46c6-8a23-c2916d203cc8" testId="b9420f26-d684-8fae-0382-eb086328b9d2" testName="IdentityPathMapperTest" computerName="DKSR-EFI-06" duration="00:00:00.0003491" startTime="2024-01-09T15:46:08.0043015+01:00" endTime="2024-01-09T15:46:08.0043015+01:00" testType="13cdc9d9-ddb5-4fa4-a97d-d965ccfc6d4b" outcome="Passed" testListId="8c84fa94-04c1-424b-9868-57a2d4851a1d" relativeResultsDirectory="473dd12f-1e2b-46c6-8a23-c2916d203cc8" />
    <UnitTestResult executionId="6552c8b1-f922-4eb7-85ba-ceb746367e6a" testId="3c305019-294c-18ba-1186-b0f5c4ebb842" testName="ChangeRootPathMapper" computerName="DKSR-EFI-06" duration="00:00:00.0424800" startTime="2024-01-09T15:46:07.9730453+01:00" endTime="2024-01-09T15:46:08.0043015+01:00" testType="13cdc9d9-ddb5-4fa4-a97d-d965ccfc6d4b" outcome="Passed" testListId="8c84fa94-04c1-424b-9868-57a2d4851a1d" relativeResultsDirectory="6552c8b1-f922-4eb7-85ba-ceb746367e6a" />
    <UnitTestResult executionId="cbfe24ad-8a30-4287-b5f3-30b4ecf4dde5" testId="8ed0abe9-953e-5575-32de-2fb4b0cb9975" testName="TestLongResponse" computerName="DKSR-EFI-06" startTime="2024-01-09T15:46:07.9261586+01:00" endTime="2024-01-09T15:46:07.9261586+01:00" testType="13cdc9d9-ddb5-4fa4-a97d-d965ccfc6d4b" outcome="NotExecuted" testListId="8c84fa94-04c1-424b-9868-57a2d4851a1d" relativeResultsDirectory="cbfe24ad-8a30-4287-b5f3-30b4ecf4dde5">
      <Output></Output>
    </UnitTestResult>
    <UnitTestResult executionId="75c9b5bf-c785-49a0-8357-e1ca44953a05" testId="76b67864-4e8b-1444-61b2-e1eb60082f74" testName="ProtectAndUnprotectIntWithLocalMachine" computerName="DKSR-EFI-06" duration="00:00:00.0008665" startTime="2024-01-09T15:46:07.9105295+01:00" endTime="2024-01-09T15:46:07.9105295+01:00" testType="13cdc9d9-ddb5-4fa4-a97d-d965ccfc6d4b" outcome="Passed" testListId="8c84fa94-04c1-424b-9868-57a2d4851a1d" relativeResultsDirectory="75c9b5bf-c785-49a0-8357-e1ca44953a05" />
    <UnitTestResult executionId="52d8737c-f0ca-4648-843a-12857881e90c" testId="262192d7-fbc4-6c79-6a1c-c22bed72c890" testName="JsonHandlerTest" computerName="DKSR-EFI-06" duration="00:00:00.0000756" startTime="2024-01-09T15:46:08.0199283+01:00" endTime="2024-01-09T15:46:08.0199283+01:00" testType="13cdc9d9-ddb5-4fa4-a97d-d965ccfc6d4b" outcome="Passed" testListId="8c84fa94-04c1-424b-9868-57a2d4851a1d" relativeResultsDirectory="52d8737c-f0ca-4648-843a-12857881e90c" />
    <UnitTestResult executionId="df00452f-4968-4c9f-8cc3-c7372bb7faf6" testId="ef7d7616-7cca-90af-b130-a5d161b142c4" testName="TestComparasion" computerName="DKSR-EFI-06" duration="00:00:00.0008675" startTime="2024-01-09T15:46:08.0199283+01:00" endTime="2024-01-09T15:46:08.0199283+01:00" testType="13cdc9d9-ddb5-4fa4-a97d-d965ccfc6d4b" outcome="Passed" testListId="8c84fa94-04c1-424b-9868-57a2d4851a1d" relativeResultsDirectory="df00452f-4968-4c9f-8cc3-c7372bb7faf6" />
    <UnitTestResult executionId="606cf1c8-a8b3-4a22-bd51-e932b8c1f664" testId="574b40db-3ae4-5236-9365-f6113b98f924" testName="SoapClientTest" computerName="DKSR-EFI-06" startTime="2024-01-09T15:46:07.9261586+01:00" endTime="2024-01-09T15:46:07.9261586+01:00" testType="13cdc9d9-ddb5-4fa4-a97d-d965ccfc6d4b" outcome="NotExecuted" testListId="8c84fa94-04c1-424b-9868-57a2d4851a1d" relativeResultsDirectory="606cf1c8-a8b3-4a22-bd51-e932b8c1f664">
      <Output></Output>
    </UnitTestResult>
    <UnitTestResult executionId="fd51a6aa-7e1a-4e40-9fdc-eea215b4076d" testId="306086f3-6a86-cb2b-a7d5-f339aa65cfac" testName="ExtendHeaderTest" computerName="DKSR-EFI-06" duration="00:00:00.0012167" startTime="2024-01-09T15:46:07.9574125+01:00" endTime="2024-01-09T15:46:07.9730453+01:00" testType="13cdc9d9-ddb5-4fa4-a97d-d965ccfc6d4b" outcome="Passed" testListId="8c84fa94-04c1-424b-9868-57a2d4851a1d" relativeResultsDirectory="fd51a6aa-7e1a-4e40-9fdc-eea215b4076d" />
    <UnitTestResult executionId="06441b92-ff18-4987-917c-5942f4b804d6" testId="5f8eec6f-ff3b-1e9c-f150-12f557485288" testName="TestList" computerName="DKSR-EFI-06" duration="00:00:00.0006844" startTime="2024-01-09T15:46:07.8948972+01:00" endTime="2024-01-09T15:46:07.8948972+01:00" testType="13cdc9d9-ddb5-4fa4-a97d-d965ccfc6d4b" outcome="Passed" testListId="8c84fa94-04c1-424b-9868-57a2d4851a1d" relativeResultsDirectory="06441b92-ff18-4987-917c-5942f4b804d6" />
    <UnitTestResult executionId="f7cee9f9-d5e0-4029-8f0a-8417b520c9ee" testId="81508a3d-5b01-ab8c-9e3a-960074571553" testName="TestCallUpdaterAddNone" computerName="DKSR-EFI-06" duration="00:00:00.0003679" startTime="2024-01-09T15:46:06.9102868+01:00" endTime="2024-01-09T15:46:06.9102868+01:00" testType="13cdc9d9-ddb5-4fa4-a97d-d965ccfc6d4b" outcome="Passed" testListId="8c84fa94-04c1-424b-9868-57a2d4851a1d" relativeResultsDirectory="f7cee9f9-d5e0-4029-8f0a-8417b520c9ee" />
    <UnitTestResult executionId="0bab4441-9925-4fc0-9484-9e5e2af6d3ba" testId="e5734965-bc11-86dd-b87a-faa5eb26b5d8" testName="CustomXmlTextWriterTest" computerName="DKSR-EFI-06" duration="00:00:00.0048044" startTime="2024-01-09T15:46:07.9261586+01:00" endTime="2024-01-09T15:46:07.9261586+01:00" testType="13cdc9d9-ddb5-4fa4-a97d-d965ccfc6d4b" outcome="Passed" testListId="8c84fa94-04c1-424b-9868-57a2d4851a1d" relativeResultsDirectory="0bab4441-9925-4fc0-9484-9e5e2af6d3ba" />
    <UnitTestResult executionId="7a1d4533-fdd8-4bdb-b796-bb578eb5b32f" testId="d2b0caad-34bd-f74e-2ff8-dbbad5882111" testName="TestBinaryFrameGeneration" computerName="DKSR-EFI-06" duration="00:00:00.4917218" startTime="2024-01-09T15:45:12.7637633+01:00" endTime="2024-01-09T15:45:13.2637645+01:00" testType="13cdc9d9-ddb5-4fa4-a97d-d965ccfc6d4b" outcome="Passed" testListId="8c84fa94-04c1-424b-9868-57a2d4851a1d" relativeResultsDirectory="7a1d4533-fdd8-4bdb-b796-bb578eb5b32f" />
    <UnitTestResult executionId="f7346334-427b-4850-9f46-1e46df635310" testId="f5983b14-da06-0eb9-d958-121cf03d55c7" testName="TestCallUpdaterDeleteAlways" computerName="DKSR-EFI-06" duration="00:00:00.0012455" startTime="2024-01-09T15:46:06.9102868+01:00" endTime="2024-01-09T15:46:06.9102868+01:00" testType="13cdc9d9-ddb5-4fa4-a97d-d965ccfc6d4b" outcome="Passed" testListId="8c84fa94-04c1-424b-9868-57a2d4851a1d" relativeResultsDirectory="f7346334-427b-4850-9f46-1e46df635310" />
    <UnitTestResult executionId="2bb2226a-21a5-402f-a839-a73401a027f4" testId="40509fe7-fa68-c960-0c0c-26b40fe63f99" testName="TestIntQueue" computerName="DKSR-EFI-06" duration="00:00:00.4426228" startTime="2024-01-09T15:46:06.9102868+01:00" endTime="2024-01-09T15:46:07.3635244+01:00" testType="13cdc9d9-ddb5-4fa4-a97d-d965ccfc6d4b" outcome="Passed" testListId="8c84fa94-04c1-424b-9868-57a2d4851a1d" relativeResultsDirectory="2bb2226a-21a5-402f-a839-a73401a027f4" />
    <UnitTestResult executionId="a7a0d443-516d-44ad-aebe-24c10577339b" testId="837bbd99-ad69-9ac5-4552-987b8fd103c6" testName="Test" computerName="DKSR-EFI-06" duration="00:00:00.0094242" startTime="2024-01-09T15:46:07.8948972+01:00" endTime="2024-01-09T15:46:07.8948972+01:00" testType="13cdc9d9-ddb5-4fa4-a97d-d965ccfc6d4b" outcome="Passed" testListId="8c84fa94-04c1-424b-9868-57a2d4851a1d" relativeResultsDirectory="a7a0d443-516d-44ad-aebe-24c10577339b" />
    <UnitTestResult executionId="33d202fc-f978-4657-9184-98ac486975c7" testId="9cf4f967-de24-74ca-c4b9-89a36b5715d4" testName="ProtectAndUnprotectStringWithLocalMachine" computerName="DKSR-EFI-06" duration="00:00:00.0008393" startTime="2024-01-09T15:46:07.9105295+01:00" endTime="2024-01-09T15:46:07.9105295+01:00" testType="13cdc9d9-ddb5-4fa4-a97d-d965ccfc6d4b" outcome="Passed" testListId="8c84fa94-04c1-424b-9868-57a2d4851a1d" relativeResultsDirectory="33d202fc-f978-4657-9184-98ac486975c7" />
    <UnitTestResult executionId="97898fa6-57ac-4f77-b153-af2d0723f8ce" testId="3c0a78be-c22a-d348-a33a-f2d336d6fc53" testName="TokenGeneratorTest" computerName="DKSR-EFI-06" duration="00:00:00.0139993" startTime="2024-01-09T15:46:07.3635244+01:00" endTime="2024-01-09T15:46:07.3635244+01:00" testType="13cdc9d9-ddb5-4fa4-a97d-d965ccfc6d4b" outcome="Passed" testListId="8c84fa94-04c1-424b-9868-57a2d4851a1d" relativeResultsDirectory="97898fa6-57ac-4f77-b153-af2d0723f8ce" />
    <UnitTestResult executionId="210997c8-497c-4240-a869-e293627f322c" testId="12923056-6179-1dfb-664f-bdd4046d74ec" testName="TestCreateSegmentInformationOnCorrectData" computerName="DKSR-EFI-06" duration="00:00:00.0687329" startTime="2024-01-09T15:45:12.7012622+01:00" endTime="2024-01-09T15:45:12.7637633+01:00" testType="13cdc9d9-ddb5-4fa4-a97d-d965ccfc6d4b" outcome="Passed" testListId="8c84fa94-04c1-424b-9868-57a2d4851a1d" relativeResultsDirectory="210997c8-497c-4240-a869-e293627f322c" />
    <UnitTestResult executionId="05808f9d-c34b-439c-a555-bed989ff02be" testId="36bc091a-a0b5-049c-9177-dc0e01210f9e" testName="TestArrays" computerName="DKSR-EFI-06" duration="00:00:00.0013230" startTime="2024-01-09T15:46:07.8948972+01:00" endTime="2024-01-09T15:46:07.8948972+01:00" testType="13cdc9d9-ddb5-4fa4-a97d-d965ccfc6d4b" outcome="Passed" testListId="8c84fa94-04c1-424b-9868-57a2d4851a1d" relativeResultsDirectory="05808f9d-c34b-439c-a555-bed989ff02be" />
    <UnitTestResult executionId="e82de629-6cd9-4aec-ab17-3005f334c75c" testId="77f5dc38-1a6e-08d3-a874-0f7878725af8" testName="TestCallCheckerWithException" computerName="DKSR-EFI-06" duration="00:00:00.0033963" startTime="2024-01-09T15:46:06.8790370+01:00" endTime="2024-01-09T15:46:06.8790370+01:00" testType="13cdc9d9-ddb5-4fa4-a97d-d965ccfc6d4b" outcome="Passed" testListId="8c84fa94-04c1-424b-9868-57a2d4851a1d" relativeResultsDirectory="e82de629-6cd9-4aec-ab17-3005f334c75c" />
    <UnitTestResult executionId="12fa6f65-5bcb-4029-b425-bd079ff07f05" testId="84c42d00-dccf-9b27-e1af-25bdaa309363" testName="AudioParamsTest" computerName="DKSR-EFI-06" duration="00:00:00.0063737" startTime="2024-01-09T15:45:13.2637645+01:00" endTime="2024-01-09T15:45:13.2637645+01:00" testType="13cdc9d9-ddb5-4fa4-a97d-d965ccfc6d4b" outcome="Passed" testListId="8c84fa94-04c1-424b-9868-57a2d4851a1d" relativeResultsDirectory="12fa6f65-5bcb-4029-b425-bd079ff07f05" />
    <UnitTestResult executionId="4219ebfb-043f-48be-8137-49bbdaae7bb5" testId="4b9d32e2-86fe-623a-3140-2f19b84c5f1c" testName="TestCallCheckerWithNullArgument" computerName="DKSR-EFI-06" duration="00:00:00.0024011" startTime="2024-01-09T15:46:06.8790370+01:00" endTime="2024-01-09T15:46:06.8790370+01:00" testType="13cdc9d9-ddb5-4fa4-a97d-d965ccfc6d4b" outcome="Passed" testListId="8c84fa94-04c1-424b-9868-57a2d4851a1d" relativeResultsDirectory="4219ebfb-043f-48be-8137-49bbdaae7bb5" />
    <UnitTestResult executionId="61be5f54-4752-4ed9-9af1-1313d3d06a82" testId="041fe7dc-4657-9392-c710-155b2ef29e28" testName="TestToString" computerName="DKSR-EFI-06" duration="00:00:00.0005604" startTime="2024-01-09T15:46:08.0199283+01:00" endTime="2024-01-09T15:46:08.0199283+01:00" testType="13cdc9d9-ddb5-4fa4-a97d-d965ccfc6d4b" outcome="Passed" testListId="8c84fa94-04c1-424b-9868-57a2d4851a1d" relativeResultsDirectory="61be5f54-4752-4ed9-9af1-1313d3d06a82" />
    <UnitTestResult executionId="e98fc2c2-0e2c-4eb3-a368-978acf66385c" testId="db1baaf6-8901-c066-fc57-490a75d30b28" testName="ProtectAndUnprotectIntWithCurrentUser" computerName="DKSR-EFI-06" duration="00:00:00.0014222" startTime="2024-01-09T15:46:07.9105295+01:00" endTime="2024-01-09T15:46:07.9105295+01:00" testType="13cdc9d9-ddb5-4fa4-a97d-d965ccfc6d4b" outcome="Passed" testListId="8c84fa94-04c1-424b-9868-57a2d4851a1d" relativeResultsDirectory="e98fc2c2-0e2c-4eb3-a368-978acf66385c" />
    <UnitTestResult executionId="b7493941-7f27-491c-a265-b03160d5e2ab" testId="ed57792f-8faa-ea9a-7951-3f256c424e82" testName="TestCallUpdaterDeleteNone" computerName="DKSR-EFI-06" duration="00:00:00.0003478" startTime="2024-01-09T15:46:06.9102868+01:00" endTime="2024-01-09T15:46:06.9102868+01:00" testType="13cdc9d9-ddb5-4fa4-a97d-d965ccfc6d4b" outcome="Passed" testListId="8c84fa94-04c1-424b-9868-57a2d4851a1d" relativeResultsDirectory="b7493941-7f27-491c-a265-b03160d5e2ab" />
    <UnitTestResult executionId="9f610c60-95c3-4bb6-b245-b8b2abb7656d" testId="a1d27722-20ab-fab1-c762-a4f2230ecd5f" testName="TestCallUpdaterUpdateNone" computerName="DKSR-EFI-06" duration="00:00:00.0007107" startTime="2024-01-09T15:46:06.9102868+01:00" endTime="2024-01-09T15:46:06.9102868+01:00" testType="13cdc9d9-ddb5-4fa4-a97d-d965ccfc6d4b" outcome="Passed" testListId="8c84fa94-04c1-424b-9868-57a2d4851a1d" relativeResultsDirectory="9f610c60-95c3-4bb6-b245-b8b2abb7656d" />
    <UnitTestResult executionId="925606c3-8699-4412-8d2a-704d98ee4088" testId="c60fbfa8-e810-15a0-7327-d1d0413c56e8" testName="WanIPConnectionServiceTest" computerName="DKSR-EFI-06" duration="00:00:00.0010464" startTime="2024-01-09T15:46:07.9417848+01:00" endTime="2024-01-09T15:46:07.9574125+01:00" testType="13cdc9d9-ddb5-4fa4-a97d-d965ccfc6d4b" outcome="Passed" testListId="8c84fa94-04c1-424b-9868-57a2d4851a1d" relativeResultsDirectory="925606c3-8699-4412-8d2a-704d98ee4088" />
    <UnitTestResult executionId="532e712a-0502-4d91-b3f8-d7e0b43b4d36" testId="7b16f7aa-ac5d-813f-5c1d-7eb975f6e7d9" testName="TestCallCheckerWithExpectedResult" computerName="DKSR-EFI-06" duration="00:00:00.0004799" startTime="2024-01-09T15:46:06.8790370+01:00" endTime="2024-01-09T15:46:06.8790370+01:00" testType="13cdc9d9-ddb5-4fa4-a97d-d965ccfc6d4b" outcome="Passed" testListId="8c84fa94-04c1-424b-9868-57a2d4851a1d" relativeResultsDirectory="532e712a-0502-4d91-b3f8-d7e0b43b4d36" />
    <UnitTestResult executionId="872414ea-3bc2-4f4b-aac9-c83b3accce07" testId="2e15c9f7-3ba3-8404-6e2e-138334259c1f" testName="TestNumberOfTicksPerSecond" computerName="DKSR-EFI-06" duration="00:00:51.7238762" startTime="2024-01-09T15:45:13.2637645+01:00" endTime="2024-01-09T15:46:05.0035277+01:00" testType="13cdc9d9-ddb5-4fa4-a97d-d965ccfc6d4b" outcome="Passed" testListId="8c84fa94-04c1-424b-9868-57a2d4851a1d" relativeResultsDirectory="872414ea-3bc2-4f4b-aac9-c83b3accce07">
      <Output>
        <StdOut>Debug Trace:&#xD;
expectedTicks : 40 _ticksCounter: 39&#xD;
expectedTicks : 20 _ticksCounter: 19&#xD;
expectedTicks : 10 _ticksCounter: 10&#xD;
expectedTicks : 100 _ticksCounter: 99&#xD;
expectedTicks : 50 _ticksCounter: 49&#xD;
expectedTicks : 25 _ticksCounter: 24&#xD;
expectedTicks : 200 _ticksCounter: 200&#xD;
expectedTicks : 100 _ticksCounter: 99&#xD;
expectedTicks : 50 _ticksCounter: 49</StdOut>
      </Output>
    </UnitTestResult>
    <UnitTestResult executionId="044ce0f3-7c6b-442a-ad21-f401ebce4bf7" testId="ccc4091b-cf60-01f8-6235-6eb2f38ea6d6" testName="PortMappingTest" computerName="DKSR-EFI-06" duration="00:00:00.0016930" startTime="2024-01-09T15:46:07.9105295+01:00" endTime="2024-01-09T15:46:07.9261586+01:00" testType="13cdc9d9-ddb5-4fa4-a97d-d965ccfc6d4b" outcome="Passed" testListId="8c84fa94-04c1-424b-9868-57a2d4851a1d" relativeResultsDirectory="044ce0f3-7c6b-442a-ad21-f401ebce4bf7" />
    <UnitTestResult executionId="89cc9c09-fca5-4b15-b1ec-9665acdd35a8" testId="9b07bea6-1373-a299-10f7-8cbb000349c0" testName="TestCallUpdaterUpdateAlways" computerName="DKSR-EFI-06" duration="00:00:00.0006093" startTime="2024-01-09T15:46:06.9102868+01:00" endTime="2024-01-09T15:46:06.9102868+01:00" testType="13cdc9d9-ddb5-4fa4-a97d-d965ccfc6d4b" outcome="Passed" testListId="8c84fa94-04c1-424b-9868-57a2d4851a1d" relativeResultsDirectory="89cc9c09-fca5-4b15-b1ec-9665acdd35a8" />
    <UnitTestResult executionId="18edc161-24eb-4052-8a3a-b449624f9a5a" testId="4bfbd305-04c5-75c5-4edd-6e246d5d666e" testName="ProtectAndUnprotectStringWithCurrentUser" computerName="DKSR-EFI-06" duration="00:00:00.0114396" startTime="2024-01-09T15:46:07.8948972+01:00" endTime="2024-01-09T15:46:07.9105295+01:00" testType="13cdc9d9-ddb5-4fa4-a97d-d965ccfc6d4b" outcome="Passed" testListId="8c84fa94-04c1-424b-9868-57a2d4851a1d" relativeResultsDirectory="18edc161-24eb-4052-8a3a-b449624f9a5a" />
    <UnitTestResult executionId="44d2d9af-c84e-47a6-b320-d303efb9208f" testId="1347ab78-e43f-9f5c-2057-8f27227c5e2c" testName="TestClockIsRunning" computerName="DKSR-EFI-06" duration="00:00:01.8641867" startTime="2024-01-09T15:46:05.0035277+01:00" endTime="2024-01-09T15:46:06.8790370+01:00" testType="13cdc9d9-ddb5-4fa4-a97d-d965ccfc6d4b" outcome="Passed" testListId="8c84fa94-04c1-424b-9868-57a2d4851a1d" relativeResultsDirectory="44d2d9af-c84e-47a6-b320-d303efb9208f" />
    <UnitTestResult executionId="5560c453-b81b-4407-b583-106e006afb84" testId="e53c2509-f44a-7864-7b06-182c79466ed4" testName="DiscoverableServiceTest" computerName="DKSR-EFI-06" duration="00:00:00.0071416" startTime="2024-01-09T15:46:07.9574125+01:00" endTime="2024-01-09T15:46:07.9574125+01:00" testType="13cdc9d9-ddb5-4fa4-a97d-d965ccfc6d4b" outcome="Passed" testListId="8c84fa94-04c1-424b-9868-57a2d4851a1d" relativeResultsDirectory="5560c453-b81b-4407-b583-106e006afb84" />
    <UnitTestResult executionId="f3025f44-df82-4c5c-a58f-2c6e2f427f68" testId="5aa454e7-748a-49d5-9fc1-3b6e9cdbac34" testName="TestCallCheckerWithUnExpectedResult" computerName="DKSR-EFI-06" duration="00:00:00.0004191" startTime="2024-01-09T15:46:06.8790370+01:00" endTime="2024-01-09T15:46:06.8790370+01:00" testType="13cdc9d9-ddb5-4fa4-a97d-d965ccfc6d4b" outcome="Passed" testListId="8c84fa94-04c1-424b-9868-57a2d4851a1d" relativeResultsDirectory="f3025f44-df82-4c5c-a58f-2c6e2f427f68" />
    <UnitTestResult executionId="0e045b1d-306e-4ded-ad94-c6837d28bb30" testId="bbb6a814-467f-2c5e-8857-8e5c4461ddd7" testName="GetHttpMethodTest" computerName="DKSR-EFI-06" duration="00:00:00.0010670" startTime="2024-01-09T15:46:07.9574125+01:00" endTime="2024-01-09T15:46:07.9574125+01:00" testType="13cdc9d9-ddb5-4fa4-a97d-d965ccfc6d4b" outcome="Passed" testListId="8c84fa94-04c1-424b-9868-57a2d4851a1d" relativeResultsDirectory="0e045b1d-306e-4ded-ad94-c6837d28bb30" />
    <UnitTestResult executionId="81d73888-813a-46f5-a068-70200e2f51d5" testId="c3543ee0-f6c9-7d2e-9f88-d05e546ef44b" testName="TestCreation" computerName="DKSR-EFI-06" duration="00:00:00.0140769" startTime="2024-01-09T15:46:08.0043015+01:00" endTime="2024-01-09T15:46:08.0199283+01:00" testType="13cdc9d9-ddb5-4fa4-a97d-d965ccfc6d4b" outcome="Passed" testListId="8c84fa94-04c1-424b-9868-57a2d4851a1d" relativeResultsDirectory="81d73888-813a-46f5-a068-70200e2f51d5" />
    <UnitTestResult executionId="c75c0fe9-a135-4f8e-b915-2af50f479ce4" testId="13fa1089-18bd-1120-29f4-4d05f925c467" testName="HttpMethodsParseTests" computerName="DKSR-EFI-06" duration="00:00:00.0043337" startTime="2024-01-09T15:46:07.9574125+01:00" endTime="2024-01-09T15:46:07.9574125+01:00" testType="13cdc9d9-ddb5-4fa4-a97d-d965ccfc6d4b" outcome="Passed" testListId="8c84fa94-04c1-424b-9868-57a2d4851a1d" relativeResultsDirectory="c75c0fe9-a135-4f8e-b915-2af50f479ce4" />
    <UnitTestResult executionId="6496bfab-d66b-407c-abde-cab79f3d9da0" testId="439ca05c-272c-2f42-da22-7c60cafe03ce" testName="SoapBodySerializerTest" computerName="DKSR-EFI-06" duration="00:00:00.0239669" startTime="2024-01-09T15:46:07.9261586+01:00" endTime="2024-01-09T15:46:07.9417848+01:00" testType="13cdc9d9-ddb5-4fa4-a97d-d965ccfc6d4b" outcome="Passed" testListId="8c84fa94-04c1-424b-9868-57a2d4851a1d" relativeResultsDirectory="6496bfab-d66b-407c-abde-cab79f3d9da0" />
    <UnitTestResult executionId="fe98a977-e1f4-4793-b55b-8dfaec850505" testId="fb7c8747-f9a8-949c-55a3-21ec2b849458" testName="DotNetZipWrapperTest" computerName="DKSR-EFI-06" duration="00:00:00.5167133" startTime="2024-01-09T15:46:07.3635244+01:00" endTime="2024-01-09T15:46:07.8948972+01:00" testType="13cdc9d9-ddb5-4fa4-a97d-d965ccfc6d4b" outcome="Passed" testListId="8c84fa94-04c1-424b-9868-57a2d4851a1d" relativeResultsDirectory="fe98a977-e1f4-4793-b55b-8dfaec850505" />
    <UnitTestResult executionId="7964a52c-1549-4952-83e4-5b6fe597ef77" testId="dea4b87d-395b-999c-017f-2abc3ecfdc56" testName="SsdpTest" computerName="DKSR-EFI-06" duration="00:00:31.5446695" startTime="2024-01-09T15:44:41.0449447+01:00" endTime="2024-01-09T15:45:12.6856387+01:00" testType="13cdc9d9-ddb5-4fa4-a97d-d965ccfc6d4b" outcome="Passed" testListId="8c84fa94-04c1-424b-9868-57a2d4851a1d" relativeResultsDirectory="7964a52c-1549-4952-83e4-5b6fe597ef77" />
    <UnitTestResult executionId="94b2281f-ee9f-4035-8c67-b3eae1b557c3" testId="bf8561d7-582b-78d7-9fed-1330a23d90b9" testName="TestCallUpdaterAddAlways" computerName="DKSR-EFI-06" duration="00:00:00.0281219" startTime="2024-01-09T15:46:06.8790370+01:00" endTime="2024-01-09T15:46:06.9102868+01:00" testType="13cdc9d9-ddb5-4fa4-a97d-d965ccfc6d4b" outcome="Passed" testListId="8c84fa94-04c1-424b-9868-57a2d4851a1d" relativeResultsDirectory="94b2281f-ee9f-4035-8c67-b3eae1b557c3" />
  </Results>
  <TestDefinitions>
    <UnitTest name="JsonHandlerTest" storage="d:\actions-runner\_work\xpco\xpco\mobile\mobileserver\mobileserverbinaries\videoos.mobile.test\bin\debug\net472\videoos.mobile.test.dll" id="262192d7-fbc4-6c79-6a1c-c22bed72c890">
      <TestCategory>
        <TestCategoryItem TestCategory="Fast" />
      </TestCategory>
      <Execution id="52d8737c-f0ca-4648-843a-12857881e90c" />
      <TestMethod codeBase="D:\actions-runner\_work\XPCO\XPCO\Mobile\MobileServer\MobileServerBinaries\VideoOS.Mobile.Test\bin\Debug\net472\VideoOS.Mobile.Test.dll" adapterTypeName="executor://mstestadapter/v2" className="VideoOS.Mobile.Test.Http.HttpSimpleJsonHandlerTests" name="JsonHandlerTest" />
    </UnitTest>
    <UnitTest name="ProtectAndUnprotectIntWithLocalMachine" storage="d:\actions-runner\_work\xpco\xpco\mobile\mobileserver\mobileserverbinaries\videoos.mobile.test\bin\debug\net472\videoos.mobile.test.dll" id="76b67864-4e8b-1444-61b2-e1eb60082f74">
      <TestCategory>
        <TestCategoryItem TestCategory="Fast" />
      </TestCategory>
      <Execution id="75c9b5bf-c785-49a0-8357-e1ca44953a05" />
      <TestMethod codeBase="D:\actions-runner\_work\XPCO\XPCO\Mobile\MobileServer\MobileServerBinaries\VideoOS.Mobile.Test\bin\Debug\net472\VideoOS.Mobile.Test.dll" adapterTypeName="executor://mstestadapter/v2" className="VideoOS.Mobile.Test.Users.ProtectorTests" name="ProtectAndUnprotectIntWithLocalMachine" />
    </UnitTest>
    <UnitTest name="TestCallCheckerWithException" storage="d:\actions-runner\_work\xpco\xpco\mobile\mobileserver\mobileserverbinaries\videoos.mobile.test\bin\debug\net472\videoos.mobile.test.dll" id="77f5dc38-1a6e-08d3-a874-0f7878725af8">
      <TestCategory>
        <TestCategoryItem TestCategory="Fast" />
      </TestCategory>
      <Execution id="e82de629-6cd9-4aec-ab17-3005f334c75c" />
      <TestMethod codeBase="D:\actions-runner\_work\XPCO\XPCO\Mobile\MobileServer\MobileServerBinaries\VideoOS.Mobile.Test\bin\Debug\net472\VideoOS.Mobile.Test.dll" adapterTypeName="executor://mstestadapter/v2" className="VideoOS.Mobile.Test.Utilities.DictionaryUpdaterTests" name="TestCallCheckerWithException" />
    </UnitTest>
    <UnitTest name="TestCallUpdaterUpdateNone" storage="d:\actions-runner\_work\xpco\xpco\mobile\mobileserver\mobileserverbinaries\videoos.mobile.test\bin\debug\net472\videoos.mobile.test.dll" id="a1d27722-20ab-fab1-c762-a4f2230ecd5f">
      <TestCategory>
        <TestCategoryItem TestCategory="Fast" />
      </TestCategory>
      <Execution id="9f610c60-95c3-4bb6-b245-b8b2abb7656d" />
      <TestMethod codeBase="D:\actions-runner\_work\XPCO\XPCO\Mobile\MobileServer\MobileServerBinaries\VideoOS.Mobile.Test\bin\Debug\net472\VideoOS.Mobile.Test.dll" adapterTypeName="executor://mstestadapter/v2" className="VideoOS.Mobile.Test.Utilities.DictionaryUpdaterTests" name="TestCallUpdaterUpdateNone" />
    </UnitTest>
    <UnitTest name="TestCallCheckerWithUnExpectedResult" storage="d:\actions-runner\_work\xpco\xpco\mobile\mobileserver\mobileserverbinaries\videoos.mobile.test\bin\debug\net472\videoos.mobile.test.dll" id="5aa454e7-748a-49d5-9fc1-3b6e9cdbac34">
      <TestCategory>
        <TestCategoryItem TestCategory="Fast" />
      </TestCategory>
      <Execution id="f3025f44-df82-4c5c-a58f-2c6e2f427f68" />
      <TestMethod codeBase="D:\actions-runner\_work\XPCO\XPCO\Mobile\MobileServer\MobileServerBinaries\VideoOS.Mobile.Test\bin\Debug\net472\VideoOS.Mobile.Test.dll" adapterTypeName="executor://mstestadapter/v2" className="VideoOS.Mobile.Test.Utilities.DictionaryUpdaterTests" name="TestCallCheckerWithUnExpectedResult" />
    </UnitTest>
    <UnitTest name="DiscoverableServiceTest" storage="d:\actions-runner\_work\xpco\xpco\mobile\mobileserver\mobileserverbinaries\videoos.mobile.test\bin\debug\net472\videoos.mobile.test.dll" id="e53c2509-f44a-7864-7b06-182c79466ed4">
      <TestCategory>
        <TestCategoryItem TestCategory="Fast" />
      </TestCategory>
      <Execution id="5560c453-b81b-4407-b583-106e006afb84" />
      <TestMethod codeBase="D:\actions-runner\_work\XPCO\XPCO\Mobile\MobileServer\MobileServerBinaries\VideoOS.Mobile.Test\bin\Debug\net472\VideoOS.Mobile.Test.dll" adapterTypeName="executor://mstestadapter/v2" className="VideoOS.Mobile.Test.Upnp.DeviceDiscoveryService.DiscoverableServiceTests" name="DiscoverableServiceTest" />
    </UnitTest>
    <UnitTest name="TestCallCheckerWithExpectedResult" storage="d:\actions-runner\_work\xpco\xpco\mobile\mobileserver\mobileserverbinaries\videoos.mobile.test\bin\debug\net472\videoos.mobile.test.dll" id="7b16f7aa-ac5d-813f-5c1d-7eb975f6e7d9">
      <TestCategory>
        <TestCategoryItem TestCategory="Fast" />
      </TestCategory>
      <Execution id="532e712a-0502-4d91-b3f8-d7e0b43b4d36" />
      <TestMethod codeBase="D:\actions-runner\_work\XPCO\XPCO\Mobile\MobileServer\MobileServerBinaries\VideoOS.Mobile.Test\bin\Debug\net472\VideoOS.Mobile.Test.dll" adapterTypeName="executor://mstestadapter/v2" className="VideoOS.Mobile.Test.Utilities.DictionaryUpdaterTests" name="TestCallCheckerWithExpectedResult" />
    </UnitTest>
    <UnitTest name="PortMappingTest" storage="d:\actions-runner\_work\xpco\xpco\mobile\mobileserver\mobileserverbinaries\videoos.mobile.test\bin\debug\net472\videoos.mobile.test.dll" id="ccc4091b-cf60-01f8-6235-6eb2f38ea6d6">
      <TestCategory>
        <TestCategoryItem TestCategory="Fast" />
      </TestCategory>
      <Execution id="044ce0f3-7c6b-442a-ad21-f401ebce4bf7" />
      <TestMethod codeBase="D:\actions-runner\_work\XPCO\XPCO\Mobile\MobileServer\MobileServerBinaries\VideoOS.Mobile.Test\bin\Debug\net472\VideoOS.Mobile.Test.dll" adapterTypeName="executor://mstestadapter/v2" className="VideoOS.Mobile.Test.Upnp.WANIPConnectionService.PortMappingTests" name="PortMappingTest" />
    </UnitTest>
    <UnitTest name="SsdpTest" storage="d:\actions-runner\_work\xpco\xpco\mobile\mobileserver\mobileserverbinaries\videoos.mobile.test\bin\debug\net472\videoos.mobile.test.dll" id="dea4b87d-395b-999c-017f-2abc3ecfdc56">
      <TestCategory>
        <TestCategoryItem TestCategory="LongRunning" />
      </TestCategory>
      <Execution id="7964a52c-1549-4952-83e4-5b6fe597ef77" />
      <TestMethod codeBase="D:\actions-runner\_work\XPCO\XPCO\Mobile\MobileServer\MobileServerBinaries\VideoOS.Mobile.Test\bin\Debug\net472\VideoOS.Mobile.Test.dll" adapterTypeName="executor://mstestadapter/v2" className="VideoOS.Mobile.UPNP.Test.DeviceDiscoveryService.SsdpTests" name="SsdpTest" />
    </UnitTest>
    <UnitTest name="TestCallUpdaterUpdateAlways" storage="d:\actions-runner\_work\xpco\xpco\mobile\mobileserver\mobileserverbinaries\videoos.mobile.test\bin\debug\net472\videoos.mobile.test.dll" id="9b07bea6-1373-a299-10f7-8cbb000349c0">
      <TestCategory>
        <TestCategoryItem TestCategory="Fast" />
      </TestCategory>
      <Execution id="89cc9c09-fca5-4b15-b1ec-9665acdd35a8" />
      <TestMethod codeBase="D:\actions-runner\_work\XPCO\XPCO\Mobile\MobileServer\MobileServerBinaries\VideoOS.Mobile.Test\bin\Debug\net472\VideoOS.Mobile.Test.dll" adapterTypeName="executor://mstestadapter/v2" className="VideoOS.Mobile.Test.Utilities.DictionaryUpdaterTests" name="TestCallUpdaterUpdateAlways" />
    </UnitTest>
    <UnitTest name="TestToString" storage="d:\actions-runner\_work\xpco\xpco\mobile\mobileserver\mobileserverbinaries\videoos.mobile.test\bin\debug\net472\videoos.mobile.test.dll" id="041fe7dc-4657-9392-c710-155b2ef29e28">
      <TestCategory>
        <TestCategoryItem TestCategory="LongRunning" />
      </TestCategory>
      <Execution id="61be5f54-4752-4ed9-9af1-1313d3d06a82" />
      <TestMethod codeBase="D:\actions-runner\_work\XPCO\XPCO\Mobile\MobileServer\MobileServerBinaries\VideoOS.Mobile.Test\bin\Debug\net472\VideoOS.Mobile.Test.dll" adapterTypeName="executor://mstestadapter/v2" className="VideoOS.Mobile.Test.Management.VersionTests" name="TestToString" />
    </UnitTest>
    <UnitTest name="TestCallCheckerWithNullArgument" storage="d:\actions-runner\_work\xpco\xpco\mobile\mobileserver\mobileserverbinaries\videoos.mobile.test\bin\debug\net472\videoos.mobile.test.dll" id="4b9d32e2-86fe-623a-3140-2f19b84c5f1c">
      <TestCategory>
        <TestCategoryItem TestCategory="Fast" />
      </TestCategory>
      <Execution id="4219ebfb-043f-48be-8137-49bbdaae7bb5" />
      <TestMethod codeBase="D:\actions-runner\_work\XPCO\XPCO\Mobile\MobileServer\MobileServerBinaries\VideoOS.Mobile.Test\bin\Debug\net472\VideoOS.Mobile.Test.dll" adapterTypeName="executor://mstestadapter/v2" className="VideoOS.Mobile.Test.Utilities.DictionaryUpdaterTests" name="TestCallCheckerWithNullArgument" />
    </UnitTest>
    <UnitTest name="SoapBodySerializerTest" storage="d:\actions-runner\_work\xpco\xpco\mobile\mobileserver\mobileserverbinaries\videoos.mobile.test\bin\debug\net472\videoos.mobile.test.dll" id="439ca05c-272c-2f42-da22-7c60cafe03ce">
      <TestCategory>
        <TestCategoryItem TestCategory="Fast" />
      </TestCategory>
      <Execution id="6496bfab-d66b-407c-abde-cab79f3d9da0" />
      <TestMethod codeBase="D:\actions-runner\_work\XPCO\XPCO\Mobile\MobileServer\MobileServerBinaries\VideoOS.Mobile.Test\bin\Debug\net472\VideoOS.Mobile.Test.dll" adapterTypeName="executor://mstestadapter/v2" className="VideoOS.Mobile.Test.Upnp.WANIPConnectionService.CustomXmlTextWriterTests" name="SoapBodySerializerTest" />
    </UnitTest>
    <UnitTest name="ProtectAndUnprotectStringWithCurrentUser" storage="d:\actions-runner\_work\xpco\xpco\mobile\mobileserver\mobileserverbinaries\videoos.mobile.test\bin\debug\net472\videoos.mobile.test.dll" id="4bfbd305-04c5-75c5-4edd-6e246d5d666e">
      <TestCategory>
        <TestCategoryItem TestCategory="Fast" />
      </TestCategory>
      <Execution id="18edc161-24eb-4052-8a3a-b449624f9a5a" />
      <TestMethod codeBase="D:\actions-runner\_work\XPCO\XPCO\Mobile\MobileServer\MobileServerBinaries\VideoOS.Mobile.Test\bin\Debug\net472\VideoOS.Mobile.Test.dll" adapterTypeName="executor://mstestadapter/v2" className="VideoOS.Mobile.Test.Users.ProtectorTests" name="ProtectAndUnprotectStringWithCurrentUser" />
    </UnitTest>
    <UnitTest name="WanIPConnectionServiceTest" storage="d:\actions-runner\_work\xpco\xpco\mobile\mobileserver\mobileserverbinaries\videoos.mobile.test\bin\debug\net472\videoos.mobile.test.dll" id="c60fbfa8-e810-15a0-7327-d1d0413c56e8">
      <TestCategory>
        <TestCategoryItem TestCategory="Fast" />
      </TestCategory>
      <Execution id="925606c3-8699-4412-8d2a-704d98ee4088" />
      <TestMethod codeBase="D:\actions-runner\_work\XPCO\XPCO\Mobile\MobileServer\MobileServerBinaries\VideoOS.Mobile.Test\bin\Debug\net472\VideoOS.Mobile.Test.dll" adapterTypeName="executor://mstestadapter/v2" className="VideoOS.Mobile.Test.Upnp.WANIPConnectionService.WanIPConnectionServiceTests" name="WanIPConnectionServiceTest" />
    </UnitTest>
    <UnitTest name="ExtendHeaderTest" storage="d:\actions-runner\_work\xpco\xpco\mobile\mobileserver\mobileserverbinaries\videoos.mobile.test\bin\debug\net472\videoos.mobile.test.dll" id="306086f3-6a86-cb2b-a7d5-f339aa65cfac">
      <TestCategory>
        <TestCategoryItem TestCategory="Fast" />
      </TestCategory>
      <Execution id="fd51a6aa-7e1a-4e40-9fdc-eea215b4076d" />
      <TestMethod codeBase="D:\actions-runner\_work\XPCO\XPCO\Mobile\MobileServer\MobileServerBinaries\VideoOS.Mobile.Test\bin\Debug\net472\VideoOS.Mobile.Test.dll" adapterTypeName="executor://mstestadapter/v2" className="VideoOS.Mobile.Test.ReverseProxy.HttpRequestHeadersExtensions" name="ExtendHeaderTest" />
    </UnitTest>
    <UnitTest name="CustomXmlTextWriterTest" storage="d:\actions-runner\_work\xpco\xpco\mobile\mobileserver\mobileserverbinaries\videoos.mobile.test\bin\debug\net472\videoos.mobile.test.dll" id="e5734965-bc11-86dd-b87a-faa5eb26b5d8">
      <TestCategory>
        <TestCategoryItem TestCategory="Fast" />
      </TestCategory>
      <Execution id="0bab4441-9925-4fc0-9484-9e5e2af6d3ba" />
      <TestMethod codeBase="D:\actions-runner\_work\XPCO\XPCO\Mobile\MobileServer\MobileServerBinaries\VideoOS.Mobile.Test\bin\Debug\net472\VideoOS.Mobile.Test.dll" adapterTypeName="executor://mstestadapter/v2" className="VideoOS.Mobile.Test.Upnp.WANIPConnectionService.CustomXmlTextWriterTests" name="CustomXmlTextWriterTest" />
    </UnitTest>
    <UnitTest name="ChangeRootPathMapper" storage="d:\actions-runner\_work\xpco\xpco\mobile\mobileserver\mobileserverbinaries\videoos.mobile.test\bin\debug\net472\videoos.mobile.test.dll" id="3c305019-294c-18ba-1186-b0f5c4ebb842">
      <TestCategory>
        <TestCategoryItem TestCategory="Fast" />
      </TestCategory>
      <Execution id="6552c8b1-f922-4eb7-85ba-ceb746367e6a" />
      <TestMethod codeBase="D:\actions-runner\_work\XPCO\XPCO\Mobile\MobileServer\MobileServerBinaries\VideoOS.Mobile.Test\bin\Debug\net472\VideoOS.Mobile.Test.dll" adapterTypeName="executor://mstestadapter/v2" className="VideoOS.Mobile.Test.ReverseProxy.PathMappersTests" name="ChangeRootPathMapper" />
    </UnitTest>
    <UnitTest name="TestIntQueue" storage="d:\actions-runner\_work\xpco\xpco\mobile\mobileserver\mobileserverbinaries\videoos.mobile.test\bin\debug\net472\videoos.mobile.test.dll" id="40509fe7-fa68-c960-0c0c-26b40fe63f99">
      <TestCategory>
        <TestCategoryItem TestCategory="LongRunning" />
      </TestCategory>
      <Execution id="2bb2226a-21a5-402f-a839-a73401a027f4" />
      <TestMethod codeBase="D:\actions-runner\_work\XPCO\XPCO\Mobile\MobileServer\MobileServerBinaries\VideoOS.Mobile.Test\bin\Debug\net472\VideoOS.Mobile.Test.dll" adapterTypeName="executor://mstestadapter/v2" className="VideoOS.Mobile.Test.Utilities.TaskObjectTests" name="TestIntQueue" />
    </UnitTest>
    <UnitTest name="HttpMethodsParseTests" storage="d:\actions-runner\_work\xpco\xpco\mobile\mobileserver\mobileserverbinaries\videoos.mobile.test\bin\debug\net472\videoos.mobile.test.dll" id="13fa1089-18bd-1120-29f4-4d05f925c467">
      <TestCategory>
        <TestCategoryItem TestCategory="Fast" />
      </TestCategory>
      <Execution id="c75c0fe9-a135-4f8e-b915-2af50f479ce4" />
      <TestMethod codeBase="D:\actions-runner\_work\XPCO\XPCO\Mobile\MobileServer\MobileServerBinaries\VideoOS.Mobile.Test\bin\Debug\net472\VideoOS.Mobile.Test.dll" adapterTypeName="executor://mstestadapter/v2" className="VideoOS.Mobile.Test.ReverseProxy.HttpMethodsTests" name="HttpMethodsParseTests" />
    </UnitTest>
    <UnitTest name="AudioParamsTest" storage="d:\actions-runner\_work\xpco\xpco\mobile\mobileserver\mobileserverbinaries\videoos.mobile.test\bin\debug\net472\videoos.mobile.test.dll" id="84c42d00-dccf-9b27-e1af-25bdaa309363">
      <TestCategory>
        <TestCategoryItem TestCategory="Fast" />
      </TestCategory>
      <Execution id="12fa6f65-5bcb-4029-b425-bd079ff07f05" />
      <TestMethod codeBase="D:\actions-runner\_work\XPCO\XPCO\Mobile\MobileServer\MobileServerBinaries\VideoOS.Mobile.Test\bin\Debug\net472\VideoOS.Mobile.Test.dll" adapterTypeName="executor://mstestadapter/v2" className="VideoOS.Mobile.Test.Utilities.AudioParamsHelperTest" name="AudioParamsTest" />
    </UnitTest>
    <UnitTest name="TestCallUpdaterDeleteNone" storage="d:\actions-runner\_work\xpco\xpco\mobile\mobileserver\mobileserverbinaries\videoos.mobile.test\bin\debug\net472\videoos.mobile.test.dll" id="ed57792f-8faa-ea9a-7951-3f256c424e82">
      <TestCategory>
        <TestCategoryItem TestCategory="Fast" />
      </TestCategory>
      <Execution id="b7493941-7f27-491c-a265-b03160d5e2ab" />
      <TestMethod codeBase="D:\actions-runner\_work\XPCO\XPCO\Mobile\MobileServer\MobileServerBinaries\VideoOS.Mobile.Test\bin\Debug\net472\VideoOS.Mobile.Test.dll" adapterTypeName="executor://mstestadapter/v2" className="VideoOS.Mobile.Test.Utilities.DictionaryUpdaterTests" name="TestCallUpdaterDeleteNone" />
    </UnitTest>
    <UnitTest name="TestCallUpdaterAddAlways" storage="d:\actions-runner\_work\xpco\xpco\mobile\mobileserver\mobileserverbinaries\videoos.mobile.test\bin\debug\net472\videoos.mobile.test.dll" id="bf8561d7-582b-78d7-9fed-1330a23d90b9">
      <TestCategory>
        <TestCategoryItem TestCategory="Fast" />
      </TestCategory>
      <Execution id="94b2281f-ee9f-4035-8c67-b3eae1b557c3" />
      <TestMethod codeBase="D:\actions-runner\_work\XPCO\XPCO\Mobile\MobileServer\MobileServerBinaries\VideoOS.Mobile.Test\bin\Debug\net472\VideoOS.Mobile.Test.dll" adapterTypeName="executor://mstestadapter/v2" className="VideoOS.Mobile.Test.Utilities.DictionaryUpdaterTests" name="TestCallUpdaterAddAlways" />
    </UnitTest>
    <UnitTest name="ProtectAndUnprotectIntWithCurrentUser" storage="d:\actions-runner\_work\xpco\xpco\mobile\mobileserver\mobileserverbinaries\videoos.mobile.test\bin\debug\net472\videoos.mobile.test.dll" id="db1baaf6-8901-c066-fc57-490a75d30b28">
      <TestCategory>
        <TestCategoryItem TestCategory="Fast" />
      </TestCategory>
      <Execution id="e98fc2c2-0e2c-4eb3-a368-978acf66385c" />
      <TestMethod codeBase="D:\actions-runner\_work\XPCO\XPCO\Mobile\MobileServer\MobileServerBinaries\VideoOS.Mobile.Test\bin\Debug\net472\VideoOS.Mobile.Test.dll" adapterTypeName="executor://mstestadapter/v2" className="VideoOS.Mobile.Test.Users.ProtectorTests" name="ProtectAndUnprotectIntWithCurrentUser" />
    </UnitTest>
    <UnitTest name="ProtectAndUnprotectStringWithLocalMachine" storage="d:\actions-runner\_work\xpco\xpco\mobile\mobileserver\mobileserverbinaries\videoos.mobile.test\bin\debug\net472\videoos.mobile.test.dll" id="9cf4f967-de24-74ca-c4b9-89a36b5715d4">
      <TestCategory>
        <TestCategoryItem TestCategory="Fast" />
      </TestCategory>
      <Execution id="33d202fc-f978-4657-9184-98ac486975c7" />
      <TestMethod codeBase="D:\actions-runner\_work\XPCO\XPCO\Mobile\MobileServer\MobileServerBinaries\VideoOS.Mobile.Test\bin\Debug\net472\VideoOS.Mobile.Test.dll" adapterTypeName="executor://mstestadapter/v2" className="VideoOS.Mobile.Test.Users.ProtectorTests" name="ProtectAndUnprotectStringWithLocalMachine" />
    </UnitTest>
    <UnitTest name="TestLongResponse" storage="d:\actions-runner\_work\xpco\xpco\mobile\mobileserver\mobileserverbinaries\videoos.mobile.test\bin\debug\net472\videoos.mobile.test.dll" id="8ed0abe9-953e-5575-32de-2fb4b0cb9975">
      <TestCategory>
        <TestCategoryItem TestCategory="Fast" />
      </TestCategory>
      <Execution id="cbfe24ad-8a30-4287-b5f3-30b4ecf4dde5" />
      <TestMethod codeBase="D:\actions-runner\_work\XPCO\XPCO\Mobile\MobileServer\MobileServerBinaries\VideoOS.Mobile.Test\bin\Debug\net472\VideoOS.Mobile.Test.dll" adapterTypeName="executor://mstestadapter/v2" className="VideoOS.Mobile.Test.Upnp.WANIPConnectionService.SoapClientTests" name="TestLongResponse" />
    </UnitTest>
    <UnitTest name="TokenGeneratorTest" storage="d:\actions-runner\_work\xpco\xpco\mobile\mobileserver\mobileserverbinaries\videoos.mobile.test\bin\debug\net472\videoos.mobile.test.dll" id="3c0a78be-c22a-d348-a33a-f2d336d6fc53">
      <TestCategory>
        <TestCategoryItem TestCategory="LongRunning" />
      </TestCategory>
      <Execution id="97898fa6-57ac-4f77-b153-af2d0723f8ce" />
      <TestMethod codeBase="D:\actions-runner\_work\XPCO\XPCO\Mobile\MobileServer\MobileServerBinaries\VideoOS.Mobile.Test\bin\Debug\net472\VideoOS.Mobile.Test.dll" adapterTypeName="executor://mstestadapter/v2" className="VideoOS.Mobile.Test.Utilities.TokenGeneratorTests" name="TokenGeneratorTest" />
    </UnitTest>
    <UnitTest name="SoapClientTest" storage="d:\actions-runner\_work\xpco\xpco\mobile\mobileserver\mobileserverbinaries\videoos.mobile.test\bin\debug\net472\videoos.mobile.test.dll" id="574b40db-3ae4-5236-9365-f6113b98f924">
      <TestCategory>
        <TestCategoryItem TestCategory="LongRunning" />
      </TestCategory>
      <Execution id="606cf1c8-a8b3-4a22-bd51-e932b8c1f664" />
      <TestMethod codeBase="D:\actions-runner\_work\XPCO\XPCO\Mobile\MobileServer\MobileServerBinaries\VideoOS.Mobile.Test\bin\Debug\net472\VideoOS.Mobile.Test.dll" adapterTypeName="executor://mstestadapter/v2" className="VideoOS.Mobile.Test.Upnp.WANIPConnectionService.SoapClientTests" name="SoapClientTest" />
    </UnitTest>
    <UnitTest name="TestCallUpdaterAddNone" storage="d:\actions-runner\_work\xpco\xpco\mobile\mobileserver\mobileserverbinaries\videoos.mobile.test\bin\debug\net472\videoos.mobile.test.dll" id="81508a3d-5b01-ab8c-9e3a-960074571553">
      <TestCategory>
        <TestCategoryItem TestCategory="Fast" />
      </TestCategory>
      <Execution id="f7cee9f9-d5e0-4029-8f0a-8417b520c9ee" />
      <TestMethod codeBase="D:\actions-runner\_work\XPCO\XPCO\Mobile\MobileServer\MobileServerBinaries\VideoOS.Mobile.Test\bin\Debug\net472\VideoOS.Mobile.Test.dll" adapterTypeName="executor://mstestadapter/v2" className="VideoOS.Mobile.Test.Utilities.DictionaryUpdaterTests" name="TestCallUpdaterAddNone" />
    </UnitTest>
    <UnitTest name="TestNumberOfTicksPerSecond" storage="d:\actions-runner\_work\xpco\xpco\mobile\mobileserver\mobileserverbinaries\videoos.mobile.test\bin\debug\net472\videoos.mobile.test.dll" id="2e15c9f7-3ba3-8404-6e2e-138334259c1f">
      <TestCategory>
        <TestCategoryItem TestCategory="LongRunning" />
      </TestCategory>
      <Execution id="872414ea-3bc2-4f4b-aac9-c83b3accce07" />
      <TestMethod codeBase="D:\actions-runner\_work\XPCO\XPCO\Mobile\MobileServer\MobileServerBinaries\VideoOS.Mobile.Test\bin\Debug\net472\VideoOS.Mobile.Test.dll" adapterTypeName="executor://mstestadapter/v2" className="VideoOS.Mobile.Test.Utilities.ClockTests" name="TestNumberOfTicksPerSecond" />
    </UnitTest>
    <UnitTest name="TestArrays" storage="d:\actions-runner\_work\xpco\xpco\mobile\mobileserver\mobileserverbinaries\videoos.mobile.test\bin\debug\net472\videoos.mobile.test.dll" id="36bc091a-a0b5-049c-9177-dc0e01210f9e">
      <TestCategory>
        <TestCategoryItem TestCategory="Fast" />
      </TestCategory>
      <Execution id="05808f9d-c34b-439c-a555-bed989ff02be" />
      <TestMethod codeBase="D:\actions-runner\_work\XPCO\XPCO\Mobile\MobileServer\MobileServerBinaries\VideoOS.Mobile.Test\bin\Debug\net472\VideoOS.Mobile.Test.dll" adapterTypeName="executor://mstestadapter/v2" className="VideoOS.Mobile.Test.Utilities.JsonS.JsonSerializerTests" name="TestArrays" />
    </UnitTest>
    <UnitTest name="GetHttpMethodTest" storage="d:\actions-runner\_work\xpco\xpco\mobile\mobileserver\mobileserverbinaries\videoos.mobile.test\bin\debug\net472\videoos.mobile.test.dll" id="bbb6a814-467f-2c5e-8857-8e5c4461ddd7">
      <TestCategory>
        <TestCategoryItem TestCategory="Fast" />
      </TestCategory>
      <Execution id="0e045b1d-306e-4ded-ad94-c6837d28bb30" />
      <TestMethod codeBase="D:\actions-runner\_work\XPCO\XPCO\Mobile\MobileServer\MobileServerBinaries\VideoOS.Mobile.Test\bin\Debug\net472\VideoOS.Mobile.Test.dll" adapterTypeName="executor://mstestadapter/v2" className="VideoOS.Mobile.Test.ReverseProxy.HttpMethodsTests" name="GetHttpMethodTest" />
    </UnitTest>
    <UnitTest name="TestList" storage="d:\actions-runner\_work\xpco\xpco\mobile\mobileserver\mobileserverbinaries\videoos.mobile.test\bin\debug\net472\videoos.mobile.test.dll" id="5f8eec6f-ff3b-1e9c-f150-12f557485288">
      <TestCategory>
        <TestCategoryItem TestCategory="Fast" />
      </TestCategory>
      <Execution id="06441b92-ff18-4987-917c-5942f4b804d6" />
      <TestMethod codeBase="D:\actions-runner\_work\XPCO\XPCO\Mobile\MobileServer\MobileServerBinaries\VideoOS.Mobile.Test\bin\Debug\net472\VideoOS.Mobile.Test.dll" adapterTypeName="executor://mstestadapter/v2" className="VideoOS.Mobile.Test.Utilities.JsonS.JsonSerializerTests" name="TestList" />
    </UnitTest>
    <UnitTest name="TestClockIsRunning" storage="d:\actions-runner\_work\xpco\xpco\mobile\mobileserver\mobileserverbinaries\videoos.mobile.test\bin\debug\net472\videoos.mobile.test.dll" id="1347ab78-e43f-9f5c-2057-8f27227c5e2c">
      <TestCategory>
        <TestCategoryItem TestCategory="LongRunning" />
      </TestCategory>
      <Execution id="44d2d9af-c84e-47a6-b320-d303efb9208f" />
      <TestMethod codeBase="D:\actions-runner\_work\XPCO\XPCO\Mobile\MobileServer\MobileServerBinaries\VideoOS.Mobile.Test\bin\Debug\net472\VideoOS.Mobile.Test.dll" adapterTypeName="executor://mstestadapter/v2" className="VideoOS.Mobile.Test.Utilities.ClockTests" name="TestClockIsRunning" />
    </UnitTest>
    <UnitTest name="TestComparasion" storage="d:\actions-runner\_work\xpco\xpco\mobile\mobileserver\mobileserverbinaries\videoos.mobile.test\bin\debug\net472\videoos.mobile.test.dll" id="ef7d7616-7cca-90af-b130-a5d161b142c4">
      <TestCategory>
        <TestCategoryItem TestCategory="Fast" />
      </TestCategory>
      <Execution id="df00452f-4968-4c9f-8cc3-c7372bb7faf6" />
      <TestMethod codeBase="D:\actions-runner\_work\XPCO\XPCO\Mobile\MobileServer\MobileServerBinaries\VideoOS.Mobile.Test\bin\Debug\net472\VideoOS.Mobile.Test.dll" adapterTypeName="executor://mstestadapter/v2" className="VideoOS.Mobile.Test.Management.VersionComparerTests" name="TestComparasion" />
    </UnitTest>
    <UnitTest name="TestCallUpdaterDeleteAlways" storage="d:\actions-runner\_work\xpco\xpco\mobile\mobileserver\mobileserverbinaries\videoos.mobile.test\bin\debug\net472\videoos.mobile.test.dll" id="f5983b14-da06-0eb9-d958-121cf03d55c7">
      <TestCategory>
        <TestCategoryItem TestCategory="Fast" />
      </TestCategory>
      <Execution id="f7346334-427b-4850-9f46-1e46df635310" />
      <TestMethod codeBase="D:\actions-runner\_work\XPCO\XPCO\Mobile\MobileServer\MobileServerBinaries\VideoOS.Mobile.Test\bin\Debug\net472\VideoOS.Mobile.Test.dll" adapterTypeName="executor://mstestadapter/v2" className="VideoOS.Mobile.Test.Utilities.DictionaryUpdaterTests" name="TestCallUpdaterDeleteAlways" />
    </UnitTest>
    <UnitTest name="TestBinaryFrameGeneration" storage="d:\actions-runner\_work\xpco\xpco\mobile\mobileserver\mobileserverbinaries\videoos.mobile.test\bin\debug\net472\videoos.mobile.test.dll" id="d2b0caad-34bd-f74e-2ff8-dbbad5882111">
      <TestCategory>
        <TestCategoryItem TestCategory="LongRunning" />
      </TestCategory>
      <Execution id="7a1d4533-fdd8-4bdb-b796-bb578eb5b32f" />
      <TestMethod codeBase="D:\actions-runner\_work\XPCO\XPCO\Mobile\MobileServer\MobileServerBinaries\VideoOS.Mobile.Test\bin\Debug\net472\VideoOS.Mobile.Test.dll" adapterTypeName="executor://mstestadapter/v2" className="VideoOS.Mobile.Test.VideoChannel.BinaryFrameGeneratorTests" name="TestBinaryFrameGeneration" />
    </UnitTest>
    <UnitTest name="IdentityPathMapperTest" storage="d:\actions-runner\_work\xpco\xpco\mobile\mobileserver\mobileserverbinaries\videoos.mobile.test\bin\debug\net472\videoos.mobile.test.dll" id="b9420f26-d684-8fae-0382-eb086328b9d2">
      <TestCategory>
        <TestCategoryItem TestCategory="Fast" />
      </TestCategory>
      <Execution id="473dd12f-1e2b-46c6-8a23-c2916d203cc8" />
      <TestMethod codeBase="D:\actions-runner\_work\XPCO\XPCO\Mobile\MobileServer\MobileServerBinaries\VideoOS.Mobile.Test\bin\Debug\net472\VideoOS.Mobile.Test.dll" adapterTypeName="executor://mstestadapter/v2" className="VideoOS.Mobile.Test.ReverseProxy.PathMappersTests" name="IdentityPathMapperTest" />
    </UnitTest>
    <UnitTest name="Test" storage="d:\actions-runner\_work\xpco\xpco\mobile\mobileserver\mobileserverbinaries\videoos.mobile.test\bin\debug\net472\videoos.mobile.test.dll" id="837bbd99-ad69-9ac5-4552-987b8fd103c6">
      <TestCategory>
        <TestCategoryItem TestCategory="Fast" />
      </TestCategory>
      <Execution id="a7a0d443-516d-44ad-aebe-24c10577339b" />
      <TestMethod codeBase="D:\actions-runner\_work\XPCO\XPCO\Mobile\MobileServer\MobileServerBinaries\VideoOS.Mobile.Test\bin\Debug\net472\VideoOS.Mobile.Test.dll" adapterTypeName="executor://mstestadapter/v2" className="VideoOS.Mobile.Test.Utilities.JsonS.JsonSerializerTests" name="Test" />
    </UnitTest>
    <UnitTest name="DotNetZipWrapperTest" storage="d:\actions-runner\_work\xpco\xpco\mobile\mobileserver\mobileserverbinaries\videoos.mobile.test\bin\debug\net472\videoos.mobile.test.dll" id="fb7c8747-f9a8-949c-55a3-21ec2b849458">
      <TestCategory>
        <TestCategoryItem TestCategory="LongRunning" />
      </TestCategory>
      <Execution id="fe98a977-e1f4-4793-b55b-8dfaec850505" />
      <TestMethod codeBase="D:\actions-runner\_work\XPCO\XPCO\Mobile\MobileServer\MobileServerBinaries\VideoOS.Mobile.Test\bin\Debug\net472\VideoOS.Mobile.Test.dll" adapterTypeName="executor://mstestadapter/v2" className="VideoOS.Mobile.Test.Utilities.Zip.DotNetZipWrapperTests" name="DotNetZipWrapperTest" />
    </UnitTest>
    <UnitTest name="TestCreateSegmentInformationOnCorrectData" storage="d:\actions-runner\_work\xpco\xpco\mobile\mobileserver\mobileserverbinaries\videoos.mobile.test\bin\debug\net472\videoos.mobile.test.dll" id="12923056-6179-1dfb-664f-bdd4046d74ec">
      <TestCategory>
        <TestCategoryItem TestCategory="Fast" />
      </TestCategory>
      <Execution id="210997c8-497c-4240-a869-e293627f322c" />
      <TestMethod codeBase="D:\actions-runner\_work\XPCO\XPCO\Mobile\MobileServer\MobileServerBinaries\VideoOS.Mobile.Test\bin\Debug\net472\VideoOS.Mobile.Test.dll" adapterTypeName="executor://mstestadapter/v2" className="VideoOS.Mobile.Test.VideoSegmentation.SegmentInformationTests" name="TestCreateSegmentInformationOnCorrectData" />
    </UnitTest>
    <UnitTest name="TestCreation" storage="d:\actions-runner\_work\xpco\xpco\mobile\mobileserver\mobileserverbinaries\videoos.mobile.test\bin\debug\net472\videoos.mobile.test.dll" id="c3543ee0-f6c9-7d2e-9f88-d05e546ef44b">
      <TestCategory>
        <TestCategoryItem TestCategory="LongRunning" />
      </TestCategory>
      <Execution id="81d73888-813a-46f5-a068-70200e2f51d5" />
      <TestMethod codeBase="D:\actions-runner\_work\XPCO\XPCO\Mobile\MobileServer\MobileServerBinaries\VideoOS.Mobile.Test\bin\Debug\net472\VideoOS.Mobile.Test.dll" adapterTypeName="executor://mstestadapter/v2" className="VideoOS.Mobile.Test.Management.VersionTests" name="TestCreation" />
    </UnitTest>
  </TestDefinitions>
  <TestEntries>
    <TestEntry testId="b9420f26-d684-8fae-0382-eb086328b9d2" executionId="473dd12f-1e2b-46c6-8a23-c2916d203cc8" testListId="8c84fa94-04c1-424b-9868-57a2d4851a1d" />
    <TestEntry testId="3c305019-294c-18ba-1186-b0f5c4ebb842" executionId="6552c8b1-f922-4eb7-85ba-ceb746367e6a" testListId="8c84fa94-04c1-424b-9868-57a2d4851a1d" />
    <TestEntry testId="8ed0abe9-953e-5575-32de-2fb4b0cb9975" executionId="cbfe24ad-8a30-4287-b5f3-30b4ecf4dde5" testListId="8c84fa94-04c1-424b-9868-57a2d4851a1d" />
    <TestEntry testId="76b67864-4e8b-1444-61b2-e1eb60082f74" executionId="75c9b5bf-c785-49a0-8357-e1ca44953a05" testListId="8c84fa94-04c1-424b-9868-57a2d4851a1d" />
    <TestEntry testId="262192d7-fbc4-6c79-6a1c-c22bed72c890" executionId="52d8737c-f0ca-4648-843a-12857881e90c" testListId="8c84fa94-04c1-424b-9868-57a2d4851a1d" />
    <TestEntry testId="ef7d7616-7cca-90af-b130-a5d161b142c4" executionId="df00452f-4968-4c9f-8cc3-c7372bb7faf6" testListId="8c84fa94-04c1-424b-9868-57a2d4851a1d" />
    <TestEntry testId="574b40db-3ae4-5236-9365-f6113b98f924" executionId="606cf1c8-a8b3-4a22-bd51-e932b8c1f664" testListId="8c84fa94-04c1-424b-9868-57a2d4851a1d" />
    <TestEntry testId="306086f3-6a86-cb2b-a7d5-f339aa65cfac" executionId="fd51a6aa-7e1a-4e40-9fdc-eea215b4076d" testListId="8c84fa94-04c1-424b-9868-57a2d4851a1d" />
    <TestEntry testId="5f8eec6f-ff3b-1e9c-f150-12f557485288" executionId="06441b92-ff18-4987-917c-5942f4b804d6" testListId="8c84fa94-04c1-424b-9868-57a2d4851a1d" />
    <TestEntry testId="81508a3d-5b01-ab8c-9e3a-960074571553" executionId="f7cee9f9-d5e0-4029-8f0a-8417b520c9ee" testListId="8c84fa94-04c1-424b-9868-57a2d4851a1d" />
    <TestEntry testId="e5734965-bc11-86dd-b87a-faa5eb26b5d8" executionId="0bab4441-9925-4fc0-9484-9e5e2af6d3ba" testListId="8c84fa94-04c1-424b-9868-57a2d4851a1d" />
    <TestEntry testId="d2b0caad-34bd-f74e-2ff8-dbbad5882111" executionId="7a1d4533-fdd8-4bdb-b796-bb578eb5b32f" testListId="8c84fa94-04c1-424b-9868-57a2d4851a1d" />
    <TestEntry testId="f5983b14-da06-0eb9-d958-121cf03d55c7" executionId="f7346334-427b-4850-9f46-1e46df635310" testListId="8c84fa94-04c1-424b-9868-57a2d4851a1d" />
    <TestEntry testId="40509fe7-fa68-c960-0c0c-26b40fe63f99" executionId="2bb2226a-21a5-402f-a839-a73401a027f4" testListId="8c84fa94-04c1-424b-9868-57a2d4851a1d" />
    <TestEntry testId="837bbd99-ad69-9ac5-4552-987b8fd103c6" executionId="a7a0d443-516d-44ad-aebe-24c10577339b" testListId="8c84fa94-04c1-424b-9868-57a2d4851a1d" />
    <TestEntry testId="9cf4f967-de24-74ca-c4b9-89a36b5715d4" executionId="33d202fc-f978-4657-9184-98ac486975c7" testListId="8c84fa94-04c1-424b-9868-57a2d4851a1d" />
    <TestEntry testId="3c0a78be-c22a-d348-a33a-f2d336d6fc53" executionId="97898fa6-57ac-4f77-b153-af2d0723f8ce" testListId="8c84fa94-04c1-424b-9868-57a2d4851a1d" />
    <TestEntry testId="12923056-6179-1dfb-664f-bdd4046d74ec" executionId="210997c8-497c-4240-a869-e293627f322c" testListId="8c84fa94-04c1-424b-9868-57a2d4851a1d" />
    <TestEntry testId="36bc091a-a0b5-049c-9177-dc0e01210f9e" executionId="05808f9d-c34b-439c-a555-bed989ff02be" testListId="8c84fa94-04c1-424b-9868-57a2d4851a1d" />
    <TestEntry testId="77f5dc38-1a6e-08d3-a874-0f7878725af8" executionId="e82de629-6cd9-4aec-ab17-3005f334c75c" testListId="8c84fa94-04c1-424b-9868-57a2d4851a1d" />
    <TestEntry testId="84c42d00-dccf-9b27-e1af-25bdaa309363" executionId="12fa6f65-5bcb-4029-b425-bd079ff07f05" testListId="8c84fa94-04c1-424b-9868-57a2d4851a1d" />
    <TestEntry testId="4b9d32e2-86fe-623a-3140-2f19b84c5f1c" executionId="4219ebfb-043f-48be-8137-49bbdaae7bb5" testListId="8c84fa94-04c1-424b-9868-57a2d4851a1d" />
    <TestEntry testId="041fe7dc-4657-9392-c710-155b2ef29e28" executionId="61be5f54-4752-4ed9-9af1-1313d3d06a82" testListId="8c84fa94-04c1-424b-9868-57a2d4851a1d" />
    <TestEntry testId="db1baaf6-8901-c066-fc57-490a75d30b28" executionId="e98fc2c2-0e2c-4eb3-a368-978acf66385c" testListId="8c84fa94-04c1-424b-9868-57a2d4851a1d" />
    <TestEntry testId="ed57792f-8faa-ea9a-7951-3f256c424e82" executionId="b7493941-7f27-491c-a265-b03160d5e2ab" testListId="8c84fa94-04c1-424b-9868-57a2d4851a1d" />
    <TestEntry testId="a1d27722-20ab-fab1-c762-a4f2230ecd5f" executionId="9f610c60-95c3-4bb6-b245-b8b2abb7656d" testListId="8c84fa94-04c1-424b-9868-57a2d4851a1d" />
    <TestEntry testId="c60fbfa8-e810-15a0-7327-d1d0413c56e8" executionId="925606c3-8699-4412-8d2a-704d98ee4088" testListId="8c84fa94-04c1-424b-9868-57a2d4851a1d" />
    <TestEntry testId="7b16f7aa-ac5d-813f-5c1d-7eb975f6e7d9" executionId="532e712a-0502-4d91-b3f8-d7e0b43b4d36" testListId="8c84fa94-04c1-424b-9868-57a2d4851a1d" />
    <TestEntry testId="2e15c9f7-3ba3-8404-6e2e-138334259c1f" executionId="872414ea-3bc2-4f4b-aac9-c83b3accce07" testListId="8c84fa94-04c1-424b-9868-57a2d4851a1d" />
    <TestEntry testId="ccc4091b-cf60-01f8-6235-6eb2f38ea6d6" executionId="044ce0f3-7c6b-442a-ad21-f401ebce4bf7" testListId="8c84fa94-04c1-424b-9868-57a2d4851a1d" />
    <TestEntry testId="9b07bea6-1373-a299-10f7-8cbb000349c0" executionId="89cc9c09-fca5-4b15-b1ec-9665acdd35a8" testListId="8c84fa94-04c1-424b-9868-57a2d4851a1d" />
    <TestEntry testId="4bfbd305-04c5-75c5-4edd-6e246d5d666e" executionId="18edc161-24eb-4052-8a3a-b449624f9a5a" testListId="8c84fa94-04c1-424b-9868-57a2d4851a1d" />
    <TestEntry testId="1347ab78-e43f-9f5c-2057-8f27227c5e2c" executionId="44d2d9af-c84e-47a6-b320-d303efb9208f" testListId="8c84fa94-04c1-424b-9868-57a2d4851a1d" />
    <TestEntry testId="e53c2509-f44a-7864-7b06-182c79466ed4" executionId="5560c453-b81b-4407-b583-106e006afb84" testListId="8c84fa94-04c1-424b-9868-57a2d4851a1d" />
    <TestEntry testId="5aa454e7-748a-49d5-9fc1-3b6e9cdbac34" executionId="f3025f44-df82-4c5c-a58f-2c6e2f427f68" testListId="8c84fa94-04c1-424b-9868-57a2d4851a1d" />
    <TestEntry testId="bbb6a814-467f-2c5e-8857-8e5c4461ddd7" executionId="0e045b1d-306e-4ded-ad94-c6837d28bb30" testListId="8c84fa94-04c1-424b-9868-57a2d4851a1d" />
    <TestEntry testId="c3543ee0-f6c9-7d2e-9f88-d05e546ef44b" executionId="81d73888-813a-46f5-a068-70200e2f51d5" testListId="8c84fa94-04c1-424b-9868-57a2d4851a1d" />
    <TestEntry testId="13fa1089-18bd-1120-29f4-4d05f925c467" executionId="c75c0fe9-a135-4f8e-b915-2af50f479ce4" testListId="8c84fa94-04c1-424b-9868-57a2d4851a1d" />
    <TestEntry testId="439ca05c-272c-2f42-da22-7c60cafe03ce" executionId="6496bfab-d66b-407c-abde-cab79f3d9da0" testListId="8c84fa94-04c1-424b-9868-57a2d4851a1d" />
    <TestEntry testId="fb7c8747-f9a8-949c-55a3-21ec2b849458" executionId="fe98a977-e1f4-4793-b55b-8dfaec850505" testListId="8c84fa94-04c1-424b-9868-57a2d4851a1d" />
    <TestEntry testId="dea4b87d-395b-999c-017f-2abc3ecfdc56" executionId="7964a52c-1549-4952-83e4-5b6fe597ef77" testListId="8c84fa94-04c1-424b-9868-57a2d4851a1d" />
    <TestEntry testId="bf8561d7-582b-78d7-9fed-1330a23d90b9" executionId="94b2281f-ee9f-4035-8c67-b3eae1b557c3" testListId="8c84fa94-04c1-424b-9868-57a2d4851a1d" />
  </TestEntries>
  <TestLists>
    <TestList name="Results Not in a List" id="8c84fa94-04c1-424b-9868-57a2d4851a1d" />
    <TestList name="All Loaded Results" id="19431567-8539-422a-85d7-44ee4e166bda" />
  </TestLists>
  <ResultSummary outcome="Completed">
    <Counters total="42" executed="40" passed="40" failed="0" error="0" timeout="0" aborted="0" inconclusive="0" passedButRunAborted="0" notRunnable="0" notExecuted="0" disconnected="0" warning="0" completed="0" inProgress="0" pending="0" />
    <Output>
      <StdOut>Test 'SoapClientTest' was skipped in the test run.&#xD;
Test 'TestLongResponse' was skipped in the test run.&#xD;
</StdOut>
    </Output>
  </ResultSummary>
</TestRun>