<?xml version="1.0" encoding="utf-8"?>
<TestRun id="dc899561-481d-442f-8caf-236a3f0fabfa" name="DKSR-EFI-06$@DKSR-EFI-06 2024-01-09 15:41:49" runUser="NT AUTHORITY\NETWORK SERVICE" xmlns="http://microsoft.com/schemas/VisualStudio/TeamTest/2010">
  <Times creation="2024-01-09T15:41:49.4976774+01:00" queuing="2024-01-09T15:41:49.4976774+01:00" start="2024-01-09T15:41:48.1851707+01:00" finish="2024-01-09T15:41:49.5445536+01:00" />
  <TestSettings name="default" id="c0c0cd07-f7b6-49ce-b62d-9f045d118a6c">
    <Deployment runDeploymentRoot="DKSR-EFI-06$_DKSR-EFI-06_2024-01-09_15_41_49" />
  </TestSettings>
  <Results>
    <UnitTestResult executionId="592467a5-eaab-4421-be43-f18559f85e76" testId="99c33a2d-b245-2083-4ccf-f73da44633a6" testName="MessageEvent_StandardCreateInterprete_OK" computerName="DKSR-EFI-06" duration="00:00:00.0033767" startTime="2024-01-09T15:41:49.1851767+01:00" endTime="2024-01-09T15:41:49.2008026+01:00" testType="13cdc9d9-ddb5-4fa4-a97d-d965ccfc6d4b" outcome="Passed" testListId="8c84fa94-04c1-424b-9868-57a2d4851a1d" relativeResultsDirectory="592467a5-eaab-4421-be43-f18559f85e76" />
    <UnitTestResult executionId="f63f2128-2859-49fe-82dd-18ddacbdd11a" testId="e2dc872d-0ede-c3df-16ac-91d36eae1144" testName="MessageMedia_StandardCreateInterprete_OK" computerName="DKSR-EFI-06" duration="00:00:00.0008642" startTime="2024-01-09T15:41:49.1851767+01:00" endTime="2024-01-09T15:41:49.1851767+01:00" testType="13cdc9d9-ddb5-4fa4-a97d-d965ccfc6d4b" outcome="Passed" testListId="8c84fa94-04c1-424b-9868-57a2d4851a1d" relativeResultsDirectory="f63f2128-2859-49fe-82dd-18ddacbdd11a" />
    <UnitTestResult executionId="1c57d94b-1019-463d-9ac4-cffeb47a166e" testId="2962bff4-824b-9a29-8c70-871ee7ef61bf" testName="MessageMetadata_StandardCreateInterprete_OK" computerName="DKSR-EFI-06" duration="00:00:00.0197785" startTime="2024-01-09T15:41:49.0758001+01:00" endTime="2024-01-09T15:41:49.1695522+01:00" testType="13cdc9d9-ddb5-4fa4-a97d-d965ccfc6d4b" outcome="Passed" testListId="8c84fa94-04c1-424b-9868-57a2d4851a1d" relativeResultsDirectory="1c57d94b-1019-463d-9ac4-cffeb47a166e" />
    <UnitTestResult executionId="60614327-5f20-4b2b-a9ea-51cc6ec9c19e" testId="3c376a7f-f501-b6ad-9dc8-1b58e7b4ac60" testName="MessageConfiguration_StandardCreateInterprete_OK" computerName="DKSR-EFI-06" duration="00:00:00.0019380" startTime="2024-01-09T15:41:49.1851767+01:00" endTime="2024-01-09T15:41:49.1851767+01:00" testType="13cdc9d9-ddb5-4fa4-a97d-d965ccfc6d4b" outcome="Passed" testListId="8c84fa94-04c1-424b-9868-57a2d4851a1d" relativeResultsDirectory="60614327-5f20-4b2b-a9ea-51cc6ec9c19e" />
  </Results>
  <TestDefinitions>
    <UnitTest name="MessageMedia_StandardCreateInterprete_OK" storage="d:\actions-runner\_work\xpco\xpco\corporate\recordingserver\recorderservice\tst\videoos.vps.vpscommon.unittests\bin\x64\debug\net472\videoos.vps.vpscommon.unittests.dll" id="e2dc872d-0ede-c3df-16ac-91d36eae1144">
      <Execution id="f63f2128-2859-49fe-82dd-18ddacbdd11a" />
      <TestMethod codeBase="D:\actions-runner\_work\XPCO\XPCO\Corporate\RecordingServer\RecorderService\tst\VideoOS.Vps.VpsCommon.UnitTests\bin\x64\Debug\net472\VideoOS.Vps.VpsCommon.UnitTests.dll" adapterTypeName="executor://mstestadapter/v2" className="VideoOS.Vps.VpsCommon.Message.UnitTests.MessageTests" name="MessageMedia_StandardCreateInterprete_OK" />
    </UnitTest>
    <UnitTest name="MessageMetadata_StandardCreateInterprete_OK" storage="d:\actions-runner\_work\xpco\xpco\corporate\recordingserver\recorderservice\tst\videoos.vps.vpscommon.unittests\bin\x64\debug\net472\videoos.vps.vpscommon.unittests.dll" id="2962bff4-824b-9a29-8c70-871ee7ef61bf">
      <Execution id="1c57d94b-1019-463d-9ac4-cffeb47a166e" />
      <TestMethod codeBase="D:\actions-runner\_work\XPCO\XPCO\Corporate\RecordingServer\RecorderService\tst\VideoOS.Vps.VpsCommon.UnitTests\bin\x64\Debug\net472\VideoOS.Vps.VpsCommon.UnitTests.dll" adapterTypeName="executor://mstestadapter/v2" className="VideoOS.Vps.VpsCommon.Message.UnitTests.MessageTests" name="MessageMetadata_StandardCreateInterprete_OK" />
    </UnitTest>
    <UnitTest name="MessageEvent_StandardCreateInterprete_OK" storage="d:\actions-runner\_work\xpco\xpco\corporate\recordingserver\recorderservice\tst\videoos.vps.vpscommon.unittests\bin\x64\debug\net472\videoos.vps.vpscommon.unittests.dll" id="99c33a2d-b245-2083-4ccf-f73da44633a6">
      <Execution id="592467a5-eaab-4421-be43-f18559f85e76" />
      <TestMethod codeBase="D:\actions-runner\_work\XPCO\XPCO\Corporate\RecordingServer\RecorderService\tst\VideoOS.Vps.VpsCommon.UnitTests\bin\x64\Debug\net472\VideoOS.Vps.VpsCommon.UnitTests.dll" adapterTypeName="executor://mstestadapter/v2" className="VideoOS.Vps.VpsCommon.Message.UnitTests.MessageTests" name="MessageEvent_StandardCreateInterprete_OK" />
    </UnitTest>
    <UnitTest name="MessageConfiguration_StandardCreateInterprete_OK" storage="d:\actions-runner\_work\xpco\xpco\corporate\recordingserver\recorderservice\tst\videoos.vps.vpscommon.unittests\bin\x64\debug\net472\videoos.vps.vpscommon.unittests.dll" id="3c376a7f-f501-b6ad-9dc8-1b58e7b4ac60">
      <Execution id="60614327-5f20-4b2b-a9ea-51cc6ec9c19e" />
      <TestMethod codeBase="D:\actions-runner\_work\XPCO\XPCO\Corporate\RecordingServer\RecorderService\tst\VideoOS.Vps.VpsCommon.UnitTests\bin\x64\Debug\net472\VideoOS.Vps.VpsCommon.UnitTests.dll" adapterTypeName="executor://mstestadapter/v2" className="VideoOS.Vps.VpsCommon.Message.UnitTests.MessageTests" name="MessageConfiguration_StandardCreateInterprete_OK" />
    </UnitTest>
  </TestDefinitions>
  <TestEntries>
    <TestEntry testId="99c33a2d-b245-2083-4ccf-f73da44633a6" executionId="592467a5-eaab-4421-be43-f18559f85e76" testListId="8c84fa94-04c1-424b-9868-57a2d4851a1d" />
    <TestEntry testId="e2dc872d-0ede-c3df-16ac-91d36eae1144" executionId="f63f2128-2859-49fe-82dd-18ddacbdd11a" testListId="8c84fa94-04c1-424b-9868-57a2d4851a1d" />
    <TestEntry testId="2962bff4-824b-9a29-8c70-871ee7ef61bf" executionId="1c57d94b-1019-463d-9ac4-cffeb47a166e" testListId="8c84fa94-04c1-424b-9868-57a2d4851a1d" />
    <TestEntry testId="3c376a7f-f501-b6ad-9dc8-1b58e7b4ac60" executionId="60614327-5f20-4b2b-a9ea-51cc6ec9c19e" testListId="8c84fa94-04c1-424b-9868-57a2d4851a1d" />
  </TestEntries>
  <TestLists>
    <TestList name="Results Not in a List" id="8c84fa94-04c1-424b-9868-57a2d4851a1d" />
    <TestList name="All Loaded Results" id="19431567-8539-422a-85d7-44ee4e166bda" />
  </TestLists>
  <ResultSummary outcome="Completed">
    <Counters total="4" executed="4" passed="4" failed="0" error="0" timeout="0" aborted="0" inconclusive="0" passedButRunAborted="0" notRunnable="0" notExecuted="0" disconnected="0" warning="0" completed="0" inProgress="0" pending="0" />
  </ResultSummary>
</TestRun>