<?xml version="1.0" encoding="utf-8"?>
<TestRun id="838e1d34-4605-4990-b6f4-1ca54d191742" name="DKSR-EFI-04$@DKSR-EFI-04 2023-12-22 09:32:30" runUser="NT AUTHORITY\NETWORK SERVICE" xmlns="http://microsoft.com/schemas/VisualStudio/TeamTest/2010">
  <Times creation="2023-12-22T09:32:30.4590783+01:00" queuing="2023-12-22T09:32:30.4590783+01:00" start="2023-12-22T09:32:27.0215635+01:00" finish="2023-12-22T09:32:36.8497337+01:00" />
  <TestSettings name="default" id="efe00775-26d9-4af5-965d-fd79a65877d5">
    <Deployment runDeploymentRoot="DKSR-EFI-04$_DKSR-EFI-04_2023-12-22_09_32_30" />
  </TestSettings>
  <Results>
    <UnitTestResult executionId="26d2c590-f993-4091-8078-d8064909cef3" testId="1a73e3fb-db04-acf8-efc0-c385c3668563" testName="Given_WebSocketServerRunning_WhenWebSocketRequestsReceived_AndClosedByClient_Then_ConnectionAndMessageProcessorAreDisposed" computerName="DKSR-EFI-04" duration="00:00:00.0575791" startTime="2023-12-22T09:32:35.3184767+01:00" endTime="2023-12-22T09:32:35.3653520+01:00" testType="13cdc9d9-ddb5-4fa4-a97d-d965ccfc6d4b" outcome="Passed" testListId="8c84fa94-04c1-424b-9868-57a2d4851a1d" relativeResultsDirectory="26d2c590-f993-4091-8078-d8064909cef3" />
    <UnitTestResult executionId="9f5b65b7-d84e-42d1-9f0b-9945f45b28ec" testId="82208ecb-5dfd-fb08-9afb-08c75a19542d" testName="Given_ConnectionRuns_When_ConnectionIsClosed_Then_ProcessMessagesAreAwaited" computerName="DKSR-EFI-04" startTime="2023-12-22T09:32:34.4434732+01:00" endTime="2023-12-22T09:32:34.4434732+01:00" testType="13cdc9d9-ddb5-4fa4-a97d-d965ccfc6d4b" outcome="NotExecuted" testListId="8c84fa94-04c1-424b-9868-57a2d4851a1d" relativeResultsDirectory="9f5b65b7-d84e-42d1-9f0b-9945f45b28ec">
      <Output></Output>
    </UnitTestResult>
    <UnitTestResult executionId="02d5841b-c836-4667-beeb-a4a47d7618ca" testId="a53282b4-6a05-242a-e4d2-b9565bce7581" testName="WriteAsync_ShouldFail_WhenMessageIsNull" computerName="DKSR-EFI-04" duration="00:00:00.0012856" startTime="2023-12-22T09:32:36.5997332+01:00" endTime="2023-12-22T09:32:36.5997332+01:00" testType="13cdc9d9-ddb5-4fa4-a97d-d965ccfc6d4b" outcome="Passed" testListId="8c84fa94-04c1-424b-9868-57a2d4851a1d" relativeResultsDirectory="02d5841b-c836-4667-beeb-a4a47d7618ca" />
    <UnitTestResult executionId="a1cb8f07-8aea-42da-8b4d-e2e6416b6c0c" testId="541e7a25-1132-e1e5-2914-5c97dae45806" testName="Given_ConnectionCreated_WhenRunAsync_Then_TaskKeepRunningEvenIfAnExceptionIsThrown" computerName="DKSR-EFI-04" duration="00:00:00.1636326" startTime="2023-12-22T09:32:33.8653486+01:00" endTime="2023-12-22T09:32:34.0215971+01:00" testType="13cdc9d9-ddb5-4fa4-a97d-d965ccfc6d4b" outcome="Passed" testListId="8c84fa94-04c1-424b-9868-57a2d4851a1d" relativeResultsDirectory="a1cb8f07-8aea-42da-8b4d-e2e6416b6c0c" />
    <UnitTestResult executionId="0a6f6572-bd81-4b28-abeb-43f1b5124f6a" testId="bd7e0b0c-ef43-360b-dfdb-030b0d50a8ec" testName="WriteAsync_ShouldBeCancelled_WhenTokenIsCancelled" computerName="DKSR-EFI-04" duration="00:00:00.0062050" startTime="2023-12-22T09:32:36.5841069+01:00" endTime="2023-12-22T09:32:36.5997332+01:00" testType="13cdc9d9-ddb5-4fa4-a97d-d965ccfc6d4b" outcome="Passed" testListId="8c84fa94-04c1-424b-9868-57a2d4851a1d" relativeResultsDirectory="0a6f6572-bd81-4b28-abeb-43f1b5124f6a" />
    <UnitTestResult executionId="26bed51d-1f10-4e5b-97c1-f6b36bdcfdc0" testId="c97251e0-524e-5109-53f3-5e1adead1298" testName="Given_WebSocketServerStarted_WhenHttpListenerThrowsException_Then_ServerStops" computerName="DKSR-EFI-04" duration="00:00:00.0997968" startTime="2023-12-22T09:32:34.8497241+01:00" endTime="2023-12-22T09:32:34.9434753+01:00" testType="13cdc9d9-ddb5-4fa4-a97d-d965ccfc6d4b" outcome="Passed" testListId="8c84fa94-04c1-424b-9868-57a2d4851a1d" relativeResultsDirectory="26bed51d-1f10-4e5b-97c1-f6b36bdcfdc0" />
    <UnitTestResult executionId="4818951d-4b07-4e75-a5a0-3325d65727f0" testId="43535fd5-c237-92ee-f62c-6062d656852a" testName="Given_ConnectionRuns_When_IncomingMessageProcessorResponds_Then_TheResponseIsPassedToTheWebSocketWriter" computerName="DKSR-EFI-04" duration="00:00:00.1700506" startTime="2023-12-22T09:32:34.2715975+01:00" endTime="2023-12-22T09:32:34.4434732+01:00" testType="13cdc9d9-ddb5-4fa4-a97d-d965ccfc6d4b" outcome="Passed" testListId="8c84fa94-04c1-424b-9868-57a2d4851a1d" relativeResultsDirectory="4818951d-4b07-4e75-a5a0-3325d65727f0" />
    <UnitTestResult executionId="ec91ecf2-8558-4d26-9cd6-e13a7975eb3d" testId="2db4a4b8-7542-9257-9c47-e10b048b1618" testName="ReadAsync_ShouldReturnMessage_WhenMessgeBytesFitInBuffer_AndIsSplitIn2" computerName="DKSR-EFI-04" duration="00:00:00.0060857" startTime="2023-12-22T09:32:36.1622314+01:00" endTime="2023-12-22T09:32:36.1778564+01:00" testType="13cdc9d9-ddb5-4fa4-a97d-d965ccfc6d4b" outcome="Passed" testListId="8c84fa94-04c1-424b-9868-57a2d4851a1d" relativeResultsDirectory="ec91ecf2-8558-4d26-9cd6-e13a7975eb3d" />
    <UnitTestResult executionId="9d9a4f7c-f730-4317-872f-c3c199546274" testId="786ed098-fd0c-ab3e-d959-e6ab09eb64f2" testName="WriteAsync_ShouldSendJsonData_WhenCalledWithAnObject" computerName="DKSR-EFI-04" duration="00:00:00.0095206" startTime="2023-12-22T09:32:34.8184753+01:00" endTime="2023-12-22T09:32:34.8341014+01:00" testType="13cdc9d9-ddb5-4fa4-a97d-d965ccfc6d4b" outcome="Passed" testListId="8c84fa94-04c1-424b-9868-57a2d4851a1d" relativeResultsDirectory="9d9a4f7c-f730-4317-872f-c3c199546274" />
    <UnitTestResult executionId="31e7c47e-af73-4422-a696-e623a3e31e8f" testId="60e393e1-fb9a-677f-db7d-7b0867243a41" testName="ReadAsync_ShouldReturnNull_AndCloseSocket_WhenCloseIsReceived" computerName="DKSR-EFI-04" duration="00:00:00.0099590" startTime="2023-12-22T09:32:35.3653520+01:00" endTime="2023-12-22T09:32:35.3809770+01:00" testType="13cdc9d9-ddb5-4fa4-a97d-d965ccfc6d4b" outcome="Passed" testListId="8c84fa94-04c1-424b-9868-57a2d4851a1d" relativeResultsDirectory="31e7c47e-af73-4422-a696-e623a3e31e8f" />
    <UnitTestResult executionId="e655ae07-570c-4c53-94a2-d83e1e8f4a6d" testId="21bbf318-06fa-5331-4b4b-1b1314cab6cc" testName="ReadAsync_ShouldReturnObject_WhenGivenJson" computerName="DKSR-EFI-04" duration="00:00:00.3806600" startTime="2023-12-22T09:32:34.4434732+01:00" endTime="2023-12-22T09:32:34.8184753+01:00" testType="13cdc9d9-ddb5-4fa4-a97d-d965ccfc6d4b" outcome="Passed" testListId="8c84fa94-04c1-424b-9868-57a2d4851a1d" relativeResultsDirectory="e655ae07-570c-4c53-94a2-d83e1e8f4a6d" />
    <UnitTestResult executionId="f98fba75-c226-407f-96b3-2990c96b1b7f" testId="07d0e3c4-f0e5-a0b1-e09d-27b246255d4a" testName="Given_ConnectionRuns_When_ConnectionIsCancelled_Then_ProcessMessagesAreAwaited" computerName="DKSR-EFI-04" startTime="2023-12-22T09:32:34.4434732+01:00" endTime="2023-12-22T09:32:34.4434732+01:00" testType="13cdc9d9-ddb5-4fa4-a97d-d965ccfc6d4b" outcome="NotExecuted" testListId="8c84fa94-04c1-424b-9868-57a2d4851a1d" relativeResultsDirectory="f98fba75-c226-407f-96b3-2990c96b1b7f">
      <Output></Output>
    </UnitTestResult>
    <UnitTestResult executionId="d207875b-d76b-464a-9047-e0c39183e268" testId="45bc5c00-81fc-dcbb-35b0-d70ab735f706" testName="Given_WebSocketServerRunning_WhenWebSocketRequestsReceived_AndServerShutsDown_Then_ConnectionsAreClosedByServer_AndConnectionAndMessageProcessorAreDisposed" computerName="DKSR-EFI-04" duration="00:00:00.1885172" startTime="2023-12-22T09:32:35.1309787+01:00" endTime="2023-12-22T09:32:35.3184767+01:00" testType="13cdc9d9-ddb5-4fa4-a97d-d965ccfc6d4b" outcome="Passed" testListId="8c84fa94-04c1-424b-9868-57a2d4851a1d" relativeResultsDirectory="d207875b-d76b-464a-9047-e0c39183e268" />
    <UnitTestResult executionId="0ebd5cc0-f40a-42ba-aa50-c075930e8b21" testId="c0b89de7-d5df-1192-84bc-7a554b7173bd" testName="ReadAsync_ShouldReturnNull_AndCloseSocket_WhenMessgeIsTooBig" computerName="DKSR-EFI-04" duration="00:00:00.7613935" startTime="2023-12-22T09:32:35.3809770+01:00" endTime="2023-12-22T09:32:36.1466073+01:00" testType="13cdc9d9-ddb5-4fa4-a97d-d965ccfc6d4b" outcome="Passed" testListId="8c84fa94-04c1-424b-9868-57a2d4851a1d" relativeResultsDirectory="0ebd5cc0-f40a-42ba-aa50-c075930e8b21" />
    <UnitTestResult executionId="6a429e37-de5f-423e-a083-fcc59ec87bf1" testId="cb3e1099-bc6e-ffc9-3d3c-c21852b8c186" testName="Given_WebSocketServerRunning_WhenValidateClientReturnsUnauthorized_Then_CloseResponseWithStatus401_AndMessageProcessorIsDisposed" computerName="DKSR-EFI-04" duration="00:00:00.0217862" startTime="2023-12-22T09:32:35.0997269+01:00" endTime="2023-12-22T09:32:35.1309787+01:00" testType="13cdc9d9-ddb5-4fa4-a97d-d965ccfc6d4b" outcome="Passed" testListId="8c84fa94-04c1-424b-9868-57a2d4851a1d" relativeResultsDirectory="6a429e37-de5f-423e-a083-fcc59ec87bf1" />
    <UnitTestResult executionId="e003b7aa-0f2d-4919-9852-b04562f7161b" testId="3c1561df-e7db-a184-b7bc-63aba8a8c00a" testName="WriteAsync_ShouldSendClearTextData_WhenCalledWithAMessage" computerName="DKSR-EFI-04" duration="00:00:00.0042558" startTime="2023-12-22T09:32:36.5997332+01:00" endTime="2023-12-22T09:32:36.5997332+01:00" testType="13cdc9d9-ddb5-4fa4-a97d-d965ccfc6d4b" outcome="Passed" testListId="8c84fa94-04c1-424b-9868-57a2d4851a1d" relativeResultsDirectory="e003b7aa-0f2d-4919-9852-b04562f7161b" />
    <UnitTestResult executionId="fb0eb5d4-2098-4133-8069-2155abf08650" testId="c45e925c-2d90-9721-a7dd-15fb78334e99" testName="Given_ConnectionRuns_When_ProcessMessageThrowsProcessMessageException_Then_TheConnectionGetsClosed" computerName="DKSR-EFI-04" duration="00:00:00.1309693" startTime="2023-12-22T09:32:34.1309727+01:00" endTime="2023-12-22T09:32:34.2715975+01:00" testType="13cdc9d9-ddb5-4fa4-a97d-d965ccfc6d4b" outcome="Passed" testListId="8c84fa94-04c1-424b-9868-57a2d4851a1d" relativeResultsDirectory="fb0eb5d4-2098-4133-8069-2155abf08650" />
    <UnitTestResult executionId="ddbaba74-65f1-4749-b0c7-3f99a31ff100" testId="5c315a0f-66f4-9209-9ce3-f856f2e8b9fd" testName="ReadAsync_ShouldReturnMessage_WhenMessgeBytesFitInBuffer_AndIsNotSplit" computerName="DKSR-EFI-04" duration="00:00:00.0074989" startTime="2023-12-22T09:32:36.1622314+01:00" endTime="2023-12-22T09:32:36.1622314+01:00" testType="13cdc9d9-ddb5-4fa4-a97d-d965ccfc6d4b" outcome="Passed" testListId="8c84fa94-04c1-424b-9868-57a2d4851a1d" relativeResultsDirectory="ddbaba74-65f1-4749-b0c7-3f99a31ff100" />
    <UnitTestResult executionId="57fab9cd-7afd-43ef-8161-38f06044c55a" testId="2d53fdea-8210-12a2-fa20-75c46188c947" testName="Given_ConnectionCreated_WhenRunAsync_Then_TaskRunsUntilCancelled" computerName="DKSR-EFI-04" duration="00:00:00.2049786" startTime="2023-12-22T09:32:33.5372221+01:00" endTime="2023-12-22T09:32:33.7465363+01:00" testType="13cdc9d9-ddb5-4fa4-a97d-d965ccfc6d4b" outcome="Passed" testListId="8c84fa94-04c1-424b-9868-57a2d4851a1d" relativeResultsDirectory="57fab9cd-7afd-43ef-8161-38f06044c55a" />
    <UnitTestResult executionId="11f09d79-e957-400d-bc52-f9dc90fb89c6" testId="d828ff89-d542-aec2-0f85-e3a6f44609b4" testName="ReadAsync_ShouldReturnMessage_WhenMessgeBytesDoesNotFitInBuffer" computerName="DKSR-EFI-04" duration="00:00:00.4201953" startTime="2023-12-22T09:32:36.1778564+01:00" endTime="2023-12-22T09:32:36.5841069+01:00" testType="13cdc9d9-ddb5-4fa4-a97d-d965ccfc6d4b" outcome="Passed" testListId="8c84fa94-04c1-424b-9868-57a2d4851a1d" relativeResultsDirectory="11f09d79-e957-400d-bc52-f9dc90fb89c6" />
    <UnitTestResult executionId="dcb43507-dd0b-4104-ab4e-0ffc61d4df1b" testId="17113636-2838-540b-6e7b-9af7ed2f4a89" testName="ReadAsync_ShouldBeCancelled_WhenTokenIsCancelled" computerName="DKSR-EFI-04" duration="00:00:00.0070818" startTime="2023-12-22T09:32:36.1466073+01:00" endTime="2023-12-22T09:32:36.1622314+01:00" testType="13cdc9d9-ddb5-4fa4-a97d-d965ccfc6d4b" outcome="Passed" testListId="8c84fa94-04c1-424b-9868-57a2d4851a1d" relativeResultsDirectory="dcb43507-dd0b-4104-ab4e-0ffc61d4df1b" />
    <UnitTestResult executionId="e00e5c49-00c3-48bb-b394-337d7e402e0e" testId="6cbe5b7e-5a0c-4d41-4528-7220bcedb289" testName="Given_WebSocketServerRunning_WhenNonWebsocketRequestReceived_Then_CloseResponseWithStatus426_AndMessageProcessorIsDisposed" computerName="DKSR-EFI-04" duration="00:00:00.1101876" startTime="2023-12-22T09:32:34.9903509+01:00" endTime="2023-12-22T09:32:35.0997269+01:00" testType="13cdc9d9-ddb5-4fa4-a97d-d965ccfc6d4b" outcome="Passed" testListId="8c84fa94-04c1-424b-9868-57a2d4851a1d" relativeResultsDirectory="e00e5c49-00c3-48bb-b394-337d7e402e0e" />
    <UnitTestResult executionId="5305aa1f-ad65-4c76-8dc2-c50c6ac51224" testId="74fbcf86-e02b-e102-508f-c289f907d623" testName="ReadAsync_ShouldReturnUnalteredByteArray_WhenGivenBinaryData" computerName="DKSR-EFI-04" duration="00:00:00.6259104" startTime="2023-12-22T09:32:28.4746939+01:00" endTime="2023-12-22T09:32:29.2246991+01:00" testType="13cdc9d9-ddb5-4fa4-a97d-d965ccfc6d4b" outcome="Passed" testListId="8c84fa94-04c1-424b-9868-57a2d4851a1d" relativeResultsDirectory="5305aa1f-ad65-4c76-8dc2-c50c6ac51224" />
    <UnitTestResult executionId="dbe62054-dc36-4e8d-a1f0-8e2931417512" testId="d48b9345-2218-465d-52b1-e79f9f0ad5f6" testName="Given_WebSocketServerCreated_WhenDisposed_Then_HttpListenerIsDisposed" computerName="DKSR-EFI-04" duration="00:00:00.0189737" startTime="2023-12-22T09:32:34.8341014+01:00" endTime="2023-12-22T09:32:34.8497241+01:00" testType="13cdc9d9-ddb5-4fa4-a97d-d965ccfc6d4b" outcome="Passed" testListId="8c84fa94-04c1-424b-9868-57a2d4851a1d" relativeResultsDirectory="dbe62054-dc36-4e8d-a1f0-8e2931417512" />
    <UnitTestResult executionId="1ea89d10-1087-4162-aa69-fa018fed8b90" testId="4178cbcb-b670-4928-d5e3-684f18e91898" testName="Given_ConnectionRuns_When_MessageReceived_Then_ItIsProcessedByIncomingMessageProcessor" computerName="DKSR-EFI-04" duration="00:00:00.1100608" startTime="2023-12-22T09:32:34.0215971+01:00" endTime="2023-12-22T09:32:34.1309727+01:00" testType="13cdc9d9-ddb5-4fa4-a97d-d965ccfc6d4b" outcome="Passed" testListId="8c84fa94-04c1-424b-9868-57a2d4851a1d" relativeResultsDirectory="1ea89d10-1087-4162-aa69-fa018fed8b90" />
    <UnitTestResult executionId="264f403e-ac75-41bb-8501-c89a7fad71bc" testId="f84c3ab6-5df5-c8d8-bb37-6142800c1835" testName="Given_ConnectionCreated_WhenRunAsync_Then_TaskRunsUntilReaderReportsConnectionClosed" computerName="DKSR-EFI-04" duration="00:00:00.1206134" startTime="2023-12-22T09:32:33.7465363+01:00" endTime="2023-12-22T09:32:33.8653486+01:00" testType="13cdc9d9-ddb5-4fa4-a97d-d965ccfc6d4b" outcome="Passed" testListId="8c84fa94-04c1-424b-9868-57a2d4851a1d" relativeResultsDirectory="264f403e-ac75-41bb-8501-c89a7fad71bc" />
    <UnitTestResult executionId="d36681ce-0eaf-4cc2-af37-bb26838c76d4" testId="45fbabf4-059d-78c5-13e1-c6c213e9b668" testName="WriteAsync_ShouldSendBinaryData_WhenCalledWithBinaryData" computerName="DKSR-EFI-04" duration="00:00:04.2881128" startTime="2023-12-22T09:32:29.2403224+01:00" endTime="2023-12-22T09:32:33.5372221+01:00" testType="13cdc9d9-ddb5-4fa4-a97d-d965ccfc6d4b" outcome="Passed" testListId="8c84fa94-04c1-424b-9868-57a2d4851a1d" relativeResultsDirectory="d36681ce-0eaf-4cc2-af37-bb26838c76d4" />
    <UnitTestResult executionId="0920e28a-3181-47ce-9ebc-b0a773d82d7c" testId="27924e98-8eeb-6eec-e518-9bff1acaa8bc" testName="Given_WebSocketServerRunning_WhenCancelled_Then_StopsWithoutException" computerName="DKSR-EFI-04" duration="00:00:00.0419845" startTime="2023-12-22T09:32:34.9434753+01:00" endTime="2023-12-22T09:32:34.9903509+01:00" testType="13cdc9d9-ddb5-4fa4-a97d-d965ccfc6d4b" outcome="Passed" testListId="8c84fa94-04c1-424b-9868-57a2d4851a1d" relativeResultsDirectory="0920e28a-3181-47ce-9ebc-b0a773d82d7c" />
    <UnitTestResult executionId="be8018a6-0ccd-48ed-8dae-f246bdb3c127" testId="b01ffc42-bd8d-f8f4-c137-073f90bc1c56" testName="ReadAsync_ShouldReturnNull_AndCloseSocket_WhenBinaryIsReceived" computerName="DKSR-EFI-04" duration="00:00:00.0062518" startTime="2023-12-22T09:32:35.3809770+01:00" endTime="2023-12-22T09:32:35.3809770+01:00" testType="13cdc9d9-ddb5-4fa4-a97d-d965ccfc6d4b" outcome="Passed" testListId="8c84fa94-04c1-424b-9868-57a2d4851a1d" relativeResultsDirectory="be8018a6-0ccd-48ed-8dae-f246bdb3c127" />
  </Results>
  <TestDefinitions>
    <UnitTest name="ReadAsync_ShouldReturnMessage_WhenMessgeBytesFitInBuffer_AndIsSplitIn2" storage="d:\actions-runner\_work\xpco\xpco\common\videoos.common.websockets\tst\videoos.common.websockets.unittests\bin\debug\net47\videoos.common.websockets.unittests.dll" id="2db4a4b8-7542-9257-9c47-e10b048b1618">
      <Execution id="ec91ecf2-8558-4d26-9cd6-e13a7975eb3d" />
      <TestMethod codeBase="D:\actions-runner\_work\XPCO\XPCO\Common\VideoOS.Common.WebSockets\tst\VideoOS.Common.WebSockets.UnitTests\bin\Debug\net47\VideoOS.Common.WebSockets.UnitTests.dll" adapterTypeName="executor://mstestadapter/v2" className="VideoOS.Common.WebSockets.UnitTests.WebSocketTextReaderTests" name="ReadAsync_ShouldReturnMessage_WhenMessgeBytesFitInBuffer_AndIsSplitIn2" />
    </UnitTest>
    <UnitTest name="ReadAsync_ShouldReturnNull_AndCloseSocket_WhenCloseIsReceived" storage="d:\actions-runner\_work\xpco\xpco\common\videoos.common.websockets\tst\videoos.common.websockets.unittests\bin\debug\net47\videoos.common.websockets.unittests.dll" id="60e393e1-fb9a-677f-db7d-7b0867243a41">
      <Execution id="31e7c47e-af73-4422-a696-e623a3e31e8f" />
      <TestMethod codeBase="D:\actions-runner\_work\XPCO\XPCO\Common\VideoOS.Common.WebSockets\tst\VideoOS.Common.WebSockets.UnitTests\bin\Debug\net47\VideoOS.Common.WebSockets.UnitTests.dll" adapterTypeName="executor://mstestadapter/v2" className="VideoOS.Common.WebSockets.UnitTests.WebSocketTextReaderTests" name="ReadAsync_ShouldReturnNull_AndCloseSocket_WhenCloseIsReceived" />
    </UnitTest>
    <UnitTest name="Given_ConnectionRuns_When_MessageReceived_Then_ItIsProcessedByIncomingMessageProcessor" storage="d:\actions-runner\_work\xpco\xpco\common\videoos.common.websockets\tst\videoos.common.websockets.unittests\bin\debug\net47\videoos.common.websockets.unittests.dll" id="4178cbcb-b670-4928-d5e3-684f18e91898">
      <Execution id="1ea89d10-1087-4162-aa69-fa018fed8b90" />
      <TestMethod codeBase="D:\actions-runner\_work\XPCO\XPCO\Common\VideoOS.Common.WebSockets\tst\VideoOS.Common.WebSockets.UnitTests\bin\Debug\net47\VideoOS.Common.WebSockets.UnitTests.dll" adapterTypeName="executor://mstestadapter/v2" className="VideoOS.Common.WebSockets.UnitTests.WebSocketConnectionTest" name="Given_ConnectionRuns_When_MessageReceived_Then_ItIsProcessedByIncomingMessageProcessor" />
    </UnitTest>
    <UnitTest name="Given_WebSocketServerRunning_WhenWebSocketRequestsReceived_AndServerShutsDown_Then_ConnectionsAreClosedByServer_AndConnectionAndMessageProcessorAreDisposed" storage="d:\actions-runner\_work\xpco\xpco\common\videoos.common.websockets\tst\videoos.common.websockets.unittests\bin\debug\net47\videoos.common.websockets.unittests.dll" id="45bc5c00-81fc-dcbb-35b0-d70ab735f706">
      <Execution id="d207875b-d76b-464a-9047-e0c39183e268" />
      <TestMethod codeBase="D:\actions-runner\_work\XPCO\XPCO\Common\VideoOS.Common.WebSockets\tst\VideoOS.Common.WebSockets.UnitTests\bin\Debug\net47\VideoOS.Common.WebSockets.UnitTests.dll" adapterTypeName="executor://mstestadapter/v2" className="VideoOS.Common.WebSockets.UnitTests.WebSocketServerTests" name="Given_WebSocketServerRunning_WhenWebSocketRequestsReceived_AndServerShutsDown_Then_ConnectionsAreClosedByServer_AndConnectionAndMessageProcessorAreDisposed" />
    </UnitTest>
    <UnitTest name="ReadAsync_ShouldReturnUnalteredByteArray_WhenGivenBinaryData" storage="d:\actions-runner\_work\xpco\xpco\common\videoos.common.websockets\tst\videoos.common.websockets.unittests\bin\debug\net47\videoos.common.websockets.unittests.dll" id="74fbcf86-e02b-e102-508f-c289f907d623">
      <Execution id="5305aa1f-ad65-4c76-8dc2-c50c6ac51224" />
      <TestMethod codeBase="D:\actions-runner\_work\XPCO\XPCO\Common\VideoOS.Common.WebSockets\tst\VideoOS.Common.WebSockets.UnitTests\bin\Debug\net47\VideoOS.Common.WebSockets.UnitTests.dll" adapterTypeName="executor://mstestadapter/v2" className="VideoOS.Common.WebSockets.UnitTests.WebSocketBinaryReaderTests" name="ReadAsync_ShouldReturnUnalteredByteArray_WhenGivenBinaryData" />
    </UnitTest>
    <UnitTest name="Given_WebSocketServerRunning_WhenValidateClientReturnsUnauthorized_Then_CloseResponseWithStatus401_AndMessageProcessorIsDisposed" storage="d:\actions-runner\_work\xpco\xpco\common\videoos.common.websockets\tst\videoos.common.websockets.unittests\bin\debug\net47\videoos.common.websockets.unittests.dll" id="cb3e1099-bc6e-ffc9-3d3c-c21852b8c186">
      <Execution id="6a429e37-de5f-423e-a083-fcc59ec87bf1" />
      <TestMethod codeBase="D:\actions-runner\_work\XPCO\XPCO\Common\VideoOS.Common.WebSockets\tst\VideoOS.Common.WebSockets.UnitTests\bin\Debug\net47\VideoOS.Common.WebSockets.UnitTests.dll" adapterTypeName="executor://mstestadapter/v2" className="VideoOS.Common.WebSockets.UnitTests.WebSocketServerTests" name="Given_WebSocketServerRunning_WhenValidateClientReturnsUnauthorized_Then_CloseResponseWithStatus401_AndMessageProcessorIsDisposed" />
    </UnitTest>
    <UnitTest name="ReadAsync_ShouldReturnObject_WhenGivenJson" storage="d:\actions-runner\_work\xpco\xpco\common\videoos.common.websockets\tst\videoos.common.websockets.unittests\bin\debug\net47\videoos.common.websockets.unittests.dll" id="21bbf318-06fa-5331-4b4b-1b1314cab6cc">
      <Execution id="e655ae07-570c-4c53-94a2-d83e1e8f4a6d" />
      <TestMethod codeBase="D:\actions-runner\_work\XPCO\XPCO\Common\VideoOS.Common.WebSockets\tst\VideoOS.Common.WebSockets.UnitTests\bin\Debug\net47\VideoOS.Common.WebSockets.UnitTests.dll" adapterTypeName="executor://mstestadapter/v2" className="VideoOS.Common.WebSockets.UnitTests.WebSocketJsonReaderTests" name="ReadAsync_ShouldReturnObject_WhenGivenJson" />
    </UnitTest>
    <UnitTest name="ReadAsync_ShouldReturnMessage_WhenMessgeBytesDoesNotFitInBuffer" storage="d:\actions-runner\_work\xpco\xpco\common\videoos.common.websockets\tst\videoos.common.websockets.unittests\bin\debug\net47\videoos.common.websockets.unittests.dll" id="d828ff89-d542-aec2-0f85-e3a6f44609b4">
      <Execution id="11f09d79-e957-400d-bc52-f9dc90fb89c6" />
      <TestMethod codeBase="D:\actions-runner\_work\XPCO\XPCO\Common\VideoOS.Common.WebSockets\tst\VideoOS.Common.WebSockets.UnitTests\bin\Debug\net47\VideoOS.Common.WebSockets.UnitTests.dll" adapterTypeName="executor://mstestadapter/v2" className="VideoOS.Common.WebSockets.UnitTests.WebSocketTextReaderTests" name="ReadAsync_ShouldReturnMessage_WhenMessgeBytesDoesNotFitInBuffer" />
    </UnitTest>
    <UnitTest name="WriteAsync_ShouldFail_WhenMessageIsNull" storage="d:\actions-runner\_work\xpco\xpco\common\videoos.common.websockets\tst\videoos.common.websockets.unittests\bin\debug\net47\videoos.common.websockets.unittests.dll" id="a53282b4-6a05-242a-e4d2-b9565bce7581">
      <Execution id="02d5841b-c836-4667-beeb-a4a47d7618ca" />
      <TestMethod codeBase="D:\actions-runner\_work\XPCO\XPCO\Common\VideoOS.Common.WebSockets\tst\VideoOS.Common.WebSockets.UnitTests\bin\Debug\net47\VideoOS.Common.WebSockets.UnitTests.dll" adapterTypeName="executor://mstestadapter/v2" className="VideoOS.Common.WebSockets.UnitTests.WebSocketTextWriterTests" name="WriteAsync_ShouldFail_WhenMessageIsNull" />
    </UnitTest>
    <UnitTest name="ReadAsync_ShouldBeCancelled_WhenTokenIsCancelled" storage="d:\actions-runner\_work\xpco\xpco\common\videoos.common.websockets\tst\videoos.common.websockets.unittests\bin\debug\net47\videoos.common.websockets.unittests.dll" id="17113636-2838-540b-6e7b-9af7ed2f4a89">
      <Execution id="dcb43507-dd0b-4104-ab4e-0ffc61d4df1b" />
      <TestMethod codeBase="D:\actions-runner\_work\XPCO\XPCO\Common\VideoOS.Common.WebSockets\tst\VideoOS.Common.WebSockets.UnitTests\bin\Debug\net47\VideoOS.Common.WebSockets.UnitTests.dll" adapterTypeName="executor://mstestadapter/v2" className="VideoOS.Common.WebSockets.UnitTests.WebSocketTextReaderTests" name="ReadAsync_ShouldBeCancelled_WhenTokenIsCancelled" />
    </UnitTest>
    <UnitTest name="Given_WebSocketServerStarted_WhenHttpListenerThrowsException_Then_ServerStops" storage="d:\actions-runner\_work\xpco\xpco\common\videoos.common.websockets\tst\videoos.common.websockets.unittests\bin\debug\net47\videoos.common.websockets.unittests.dll" id="c97251e0-524e-5109-53f3-5e1adead1298">
      <Execution id="26bed51d-1f10-4e5b-97c1-f6b36bdcfdc0" />
      <TestMethod codeBase="D:\actions-runner\_work\XPCO\XPCO\Common\VideoOS.Common.WebSockets\tst\VideoOS.Common.WebSockets.UnitTests\bin\Debug\net47\VideoOS.Common.WebSockets.UnitTests.dll" adapterTypeName="executor://mstestadapter/v2" className="VideoOS.Common.WebSockets.UnitTests.WebSocketServerTests" name="Given_WebSocketServerStarted_WhenHttpListenerThrowsException_Then_ServerStops" />
    </UnitTest>
    <UnitTest name="Given_ConnectionRuns_When_ConnectionIsCancelled_Then_ProcessMessagesAreAwaited" storage="d:\actions-runner\_work\xpco\xpco\common\videoos.common.websockets\tst\videoos.common.websockets.unittests\bin\debug\net47\videoos.common.websockets.unittests.dll" id="07d0e3c4-f0e5-a0b1-e09d-27b246255d4a">
      <Execution id="f98fba75-c226-407f-96b3-2990c96b1b7f" />
      <TestMethod codeBase="D:\actions-runner\_work\XPCO\XPCO\Common\VideoOS.Common.WebSockets\tst\VideoOS.Common.WebSockets.UnitTests\bin\Debug\net47\VideoOS.Common.WebSockets.UnitTests.dll" adapterTypeName="executor://mstestadapter/v2" className="VideoOS.Common.WebSockets.UnitTests.WebSocketConnectionTest" name="Given_ConnectionRuns_When_ConnectionIsCancelled_Then_ProcessMessagesAreAwaited" />
    </UnitTest>
    <UnitTest name="Given_ConnectionRuns_When_IncomingMessageProcessorResponds_Then_TheResponseIsPassedToTheWebSocketWriter" storage="d:\actions-runner\_work\xpco\xpco\common\videoos.common.websockets\tst\videoos.common.websockets.unittests\bin\debug\net47\videoos.common.websockets.unittests.dll" id="43535fd5-c237-92ee-f62c-6062d656852a">
      <Execution id="4818951d-4b07-4e75-a5a0-3325d65727f0" />
      <TestMethod codeBase="D:\actions-runner\_work\XPCO\XPCO\Common\VideoOS.Common.WebSockets\tst\VideoOS.Common.WebSockets.UnitTests\bin\Debug\net47\VideoOS.Common.WebSockets.UnitTests.dll" adapterTypeName="executor://mstestadapter/v2" className="VideoOS.Common.WebSockets.UnitTests.WebSocketConnectionTest" name="Given_ConnectionRuns_When_IncomingMessageProcessorResponds_Then_TheResponseIsPassedToTheWebSocketWriter" />
    </UnitTest>
    <UnitTest name="ReadAsync_ShouldReturnNull_AndCloseSocket_WhenMessgeIsTooBig" storage="d:\actions-runner\_work\xpco\xpco\common\videoos.common.websockets\tst\videoos.common.websockets.unittests\bin\debug\net47\videoos.common.websockets.unittests.dll" id="c0b89de7-d5df-1192-84bc-7a554b7173bd">
      <Execution id="0ebd5cc0-f40a-42ba-aa50-c075930e8b21" />
      <TestMethod codeBase="D:\actions-runner\_work\XPCO\XPCO\Common\VideoOS.Common.WebSockets\tst\VideoOS.Common.WebSockets.UnitTests\bin\Debug\net47\VideoOS.Common.WebSockets.UnitTests.dll" adapterTypeName="executor://mstestadapter/v2" className="VideoOS.Common.WebSockets.UnitTests.WebSocketTextReaderTests" name="ReadAsync_ShouldReturnNull_AndCloseSocket_WhenMessgeIsTooBig" />
    </UnitTest>
    <UnitTest name="Given_ConnectionRuns_When_ConnectionIsClosed_Then_ProcessMessagesAreAwaited" storage="d:\actions-runner\_work\xpco\xpco\common\videoos.common.websockets\tst\videoos.common.websockets.unittests\bin\debug\net47\videoos.common.websockets.unittests.dll" id="82208ecb-5dfd-fb08-9afb-08c75a19542d">
      <Execution id="9f5b65b7-d84e-42d1-9f0b-9945f45b28ec" />
      <TestMethod codeBase="D:\actions-runner\_work\XPCO\XPCO\Common\VideoOS.Common.WebSockets\tst\VideoOS.Common.WebSockets.UnitTests\bin\Debug\net47\VideoOS.Common.WebSockets.UnitTests.dll" adapterTypeName="executor://mstestadapter/v2" className="VideoOS.Common.WebSockets.UnitTests.WebSocketConnectionTest" name="Given_ConnectionRuns_When_ConnectionIsClosed_Then_ProcessMessagesAreAwaited" />
    </UnitTest>
    <UnitTest name="Given_ConnectionRuns_When_ProcessMessageThrowsProcessMessageException_Then_TheConnectionGetsClosed" storage="d:\actions-runner\_work\xpco\xpco\common\videoos.common.websockets\tst\videoos.common.websockets.unittests\bin\debug\net47\videoos.common.websockets.unittests.dll" id="c45e925c-2d90-9721-a7dd-15fb78334e99">
      <Execution id="fb0eb5d4-2098-4133-8069-2155abf08650" />
      <TestMethod codeBase="D:\actions-runner\_work\XPCO\XPCO\Common\VideoOS.Common.WebSockets\tst\VideoOS.Common.WebSockets.UnitTests\bin\Debug\net47\VideoOS.Common.WebSockets.UnitTests.dll" adapterTypeName="executor://mstestadapter/v2" className="VideoOS.Common.WebSockets.UnitTests.WebSocketConnectionTest" name="Given_ConnectionRuns_When_ProcessMessageThrowsProcessMessageException_Then_TheConnectionGetsClosed" />
    </UnitTest>
    <UnitTest name="Given_WebSocketServerRunning_WhenWebSocketRequestsReceived_AndClosedByClient_Then_ConnectionAndMessageProcessorAreDisposed" storage="d:\actions-runner\_work\xpco\xpco\common\videoos.common.websockets\tst\videoos.common.websockets.unittests\bin\debug\net47\videoos.common.websockets.unittests.dll" id="1a73e3fb-db04-acf8-efc0-c385c3668563">
      <Execution id="26d2c590-f993-4091-8078-d8064909cef3" />
      <TestMethod codeBase="D:\actions-runner\_work\XPCO\XPCO\Common\VideoOS.Common.WebSockets\tst\VideoOS.Common.WebSockets.UnitTests\bin\Debug\net47\VideoOS.Common.WebSockets.UnitTests.dll" adapterTypeName="executor://mstestadapter/v2" className="VideoOS.Common.WebSockets.UnitTests.WebSocketServerTests" name="Given_WebSocketServerRunning_WhenWebSocketRequestsReceived_AndClosedByClient_Then_ConnectionAndMessageProcessorAreDisposed" />
    </UnitTest>
    <UnitTest name="WriteAsync_ShouldSendClearTextData_WhenCalledWithAMessage" storage="d:\actions-runner\_work\xpco\xpco\common\videoos.common.websockets\tst\videoos.common.websockets.unittests\bin\debug\net47\videoos.common.websockets.unittests.dll" id="3c1561df-e7db-a184-b7bc-63aba8a8c00a">
      <Execution id="e003b7aa-0f2d-4919-9852-b04562f7161b" />
      <TestMethod codeBase="D:\actions-runner\_work\XPCO\XPCO\Common\VideoOS.Common.WebSockets\tst\VideoOS.Common.WebSockets.UnitTests\bin\Debug\net47\VideoOS.Common.WebSockets.UnitTests.dll" adapterTypeName="executor://mstestadapter/v2" className="VideoOS.Common.WebSockets.UnitTests.WebSocketTextWriterTests" name="WriteAsync_ShouldSendClearTextData_WhenCalledWithAMessage" />
    </UnitTest>
    <UnitTest name="Given_ConnectionCreated_WhenRunAsync_Then_TaskRunsUntilReaderReportsConnectionClosed" storage="d:\actions-runner\_work\xpco\xpco\common\videoos.common.websockets\tst\videoos.common.websockets.unittests\bin\debug\net47\videoos.common.websockets.unittests.dll" id="f84c3ab6-5df5-c8d8-bb37-6142800c1835">
      <Execution id="264f403e-ac75-41bb-8501-c89a7fad71bc" />
      <TestMethod codeBase="D:\actions-runner\_work\XPCO\XPCO\Common\VideoOS.Common.WebSockets\tst\VideoOS.Common.WebSockets.UnitTests\bin\Debug\net47\VideoOS.Common.WebSockets.UnitTests.dll" adapterTypeName="executor://mstestadapter/v2" className="VideoOS.Common.WebSockets.UnitTests.WebSocketConnectionTest" name="Given_ConnectionCreated_WhenRunAsync_Then_TaskRunsUntilReaderReportsConnectionClosed" />
    </UnitTest>
    <UnitTest name="Given_WebSocketServerRunning_WhenNonWebsocketRequestReceived_Then_CloseResponseWithStatus426_AndMessageProcessorIsDisposed" storage="d:\actions-runner\_work\xpco\xpco\common\videoos.common.websockets\tst\videoos.common.websockets.unittests\bin\debug\net47\videoos.common.websockets.unittests.dll" id="6cbe5b7e-5a0c-4d41-4528-7220bcedb289">
      <Execution id="e00e5c49-00c3-48bb-b394-337d7e402e0e" />
      <TestMethod codeBase="D:\actions-runner\_work\XPCO\XPCO\Common\VideoOS.Common.WebSockets\tst\VideoOS.Common.WebSockets.UnitTests\bin\Debug\net47\VideoOS.Common.WebSockets.UnitTests.dll" adapterTypeName="executor://mstestadapter/v2" className="VideoOS.Common.WebSockets.UnitTests.WebSocketServerTests" name="Given_WebSocketServerRunning_WhenNonWebsocketRequestReceived_Then_CloseResponseWithStatus426_AndMessageProcessorIsDisposed" />
    </UnitTest>
    <UnitTest name="ReadAsync_ShouldReturnNull_AndCloseSocket_WhenBinaryIsReceived" storage="d:\actions-runner\_work\xpco\xpco\common\videoos.common.websockets\tst\videoos.common.websockets.unittests\bin\debug\net47\videoos.common.websockets.unittests.dll" id="b01ffc42-bd8d-f8f4-c137-073f90bc1c56">
      <Execution id="be8018a6-0ccd-48ed-8dae-f246bdb3c127" />
      <TestMethod codeBase="D:\actions-runner\_work\XPCO\XPCO\Common\VideoOS.Common.WebSockets\tst\VideoOS.Common.WebSockets.UnitTests\bin\Debug\net47\VideoOS.Common.WebSockets.UnitTests.dll" adapterTypeName="executor://mstestadapter/v2" className="VideoOS.Common.WebSockets.UnitTests.WebSocketTextReaderTests" name="ReadAsync_ShouldReturnNull_AndCloseSocket_WhenBinaryIsReceived" />
    </UnitTest>
    <UnitTest name="Given_WebSocketServerCreated_WhenDisposed_Then_HttpListenerIsDisposed" storage="d:\actions-runner\_work\xpco\xpco\common\videoos.common.websockets\tst\videoos.common.websockets.unittests\bin\debug\net47\videoos.common.websockets.unittests.dll" id="d48b9345-2218-465d-52b1-e79f9f0ad5f6">
      <Execution id="dbe62054-dc36-4e8d-a1f0-8e2931417512" />
      <TestMethod codeBase="D:\actions-runner\_work\XPCO\XPCO\Common\VideoOS.Common.WebSockets\tst\VideoOS.Common.WebSockets.UnitTests\bin\Debug\net47\VideoOS.Common.WebSockets.UnitTests.dll" adapterTypeName="executor://mstestadapter/v2" className="VideoOS.Common.WebSockets.UnitTests.WebSocketServerTests" name="Given_WebSocketServerCreated_WhenDisposed_Then_HttpListenerIsDisposed" />
    </UnitTest>
    <UnitTest name="WriteAsync_ShouldSendBinaryData_WhenCalledWithBinaryData" storage="d:\actions-runner\_work\xpco\xpco\common\videoos.common.websockets\tst\videoos.common.websockets.unittests\bin\debug\net47\videoos.common.websockets.unittests.dll" id="45fbabf4-059d-78c5-13e1-c6c213e9b668">
      <Execution id="d36681ce-0eaf-4cc2-af37-bb26838c76d4" />
      <TestMethod codeBase="D:\actions-runner\_work\XPCO\XPCO\Common\VideoOS.Common.WebSockets\tst\VideoOS.Common.WebSockets.UnitTests\bin\Debug\net47\VideoOS.Common.WebSockets.UnitTests.dll" adapterTypeName="executor://mstestadapter/v2" className="VideoOS.Common.WebSockets.UnitTests.WebSocketBinaryWriterTests" name="WriteAsync_ShouldSendBinaryData_WhenCalledWithBinaryData" />
    </UnitTest>
    <UnitTest name="WriteAsync_ShouldBeCancelled_WhenTokenIsCancelled" storage="d:\actions-runner\_work\xpco\xpco\common\videoos.common.websockets\tst\videoos.common.websockets.unittests\bin\debug\net47\videoos.common.websockets.unittests.dll" id="bd7e0b0c-ef43-360b-dfdb-030b0d50a8ec">
      <Execution id="0a6f6572-bd81-4b28-abeb-43f1b5124f6a" />
      <TestMethod codeBase="D:\actions-runner\_work\XPCO\XPCO\Common\VideoOS.Common.WebSockets\tst\VideoOS.Common.WebSockets.UnitTests\bin\Debug\net47\VideoOS.Common.WebSockets.UnitTests.dll" adapterTypeName="executor://mstestadapter/v2" className="VideoOS.Common.WebSockets.UnitTests.WebSocketTextWriterTests" name="WriteAsync_ShouldBeCancelled_WhenTokenIsCancelled" />
    </UnitTest>
    <UnitTest name="WriteAsync_ShouldSendJsonData_WhenCalledWithAnObject" storage="d:\actions-runner\_work\xpco\xpco\common\videoos.common.websockets\tst\videoos.common.websockets.unittests\bin\debug\net47\videoos.common.websockets.unittests.dll" id="786ed098-fd0c-ab3e-d959-e6ab09eb64f2">
      <Execution id="9d9a4f7c-f730-4317-872f-c3c199546274" />
      <TestMethod codeBase="D:\actions-runner\_work\XPCO\XPCO\Common\VideoOS.Common.WebSockets\tst\VideoOS.Common.WebSockets.UnitTests\bin\Debug\net47\VideoOS.Common.WebSockets.UnitTests.dll" adapterTypeName="executor://mstestadapter/v2" className="VideoOS.Common.WebSockets.UnitTests.WebSocketJsonWriterTests" name="WriteAsync_ShouldSendJsonData_WhenCalledWithAnObject" />
    </UnitTest>
    <UnitTest name="ReadAsync_ShouldReturnMessage_WhenMessgeBytesFitInBuffer_AndIsNotSplit" storage="d:\actions-runner\_work\xpco\xpco\common\videoos.common.websockets\tst\videoos.common.websockets.unittests\bin\debug\net47\videoos.common.websockets.unittests.dll" id="5c315a0f-66f4-9209-9ce3-f856f2e8b9fd">
      <Execution id="ddbaba74-65f1-4749-b0c7-3f99a31ff100" />
      <TestMethod codeBase="D:\actions-runner\_work\XPCO\XPCO\Common\VideoOS.Common.WebSockets\tst\VideoOS.Common.WebSockets.UnitTests\bin\Debug\net47\VideoOS.Common.WebSockets.UnitTests.dll" adapterTypeName="executor://mstestadapter/v2" className="VideoOS.Common.WebSockets.UnitTests.WebSocketTextReaderTests" name="ReadAsync_ShouldReturnMessage_WhenMessgeBytesFitInBuffer_AndIsNotSplit" />
    </UnitTest>
    <UnitTest name="Given_ConnectionCreated_WhenRunAsync_Then_TaskKeepRunningEvenIfAnExceptionIsThrown" storage="d:\actions-runner\_work\xpco\xpco\common\videoos.common.websockets\tst\videoos.common.websockets.unittests\bin\debug\net47\videoos.common.websockets.unittests.dll" id="541e7a25-1132-e1e5-2914-5c97dae45806">
      <Execution id="a1cb8f07-8aea-42da-8b4d-e2e6416b6c0c" />
      <TestMethod codeBase="D:\actions-runner\_work\XPCO\XPCO\Common\VideoOS.Common.WebSockets\tst\VideoOS.Common.WebSockets.UnitTests\bin\Debug\net47\VideoOS.Common.WebSockets.UnitTests.dll" adapterTypeName="executor://mstestadapter/v2" className="VideoOS.Common.WebSockets.UnitTests.WebSocketConnectionTest" name="Given_ConnectionCreated_WhenRunAsync_Then_TaskKeepRunningEvenIfAnExceptionIsThrown" />
    </UnitTest>
    <UnitTest name="Given_ConnectionCreated_WhenRunAsync_Then_TaskRunsUntilCancelled" storage="d:\actions-runner\_work\xpco\xpco\common\videoos.common.websockets\tst\videoos.common.websockets.unittests\bin\debug\net47\videoos.common.websockets.unittests.dll" id="2d53fdea-8210-12a2-fa20-75c46188c947">
      <Execution id="57fab9cd-7afd-43ef-8161-38f06044c55a" />
      <TestMethod codeBase="D:\actions-runner\_work\XPCO\XPCO\Common\VideoOS.Common.WebSockets\tst\VideoOS.Common.WebSockets.UnitTests\bin\Debug\net47\VideoOS.Common.WebSockets.UnitTests.dll" adapterTypeName="executor://mstestadapter/v2" className="VideoOS.Common.WebSockets.UnitTests.WebSocketConnectionTest" name="Given_ConnectionCreated_WhenRunAsync_Then_TaskRunsUntilCancelled" />
    </UnitTest>
    <UnitTest name="Given_WebSocketServerRunning_WhenCancelled_Then_StopsWithoutException" storage="d:\actions-runner\_work\xpco\xpco\common\videoos.common.websockets\tst\videoos.common.websockets.unittests\bin\debug\net47\videoos.common.websockets.unittests.dll" id="27924e98-8eeb-6eec-e518-9bff1acaa8bc">
      <Execution id="0920e28a-3181-47ce-9ebc-b0a773d82d7c" />
      <TestMethod codeBase="D:\actions-runner\_work\XPCO\XPCO\Common\VideoOS.Common.WebSockets\tst\VideoOS.Common.WebSockets.UnitTests\bin\Debug\net47\VideoOS.Common.WebSockets.UnitTests.dll" adapterTypeName="executor://mstestadapter/v2" className="VideoOS.Common.WebSockets.UnitTests.WebSocketServerTests" name="Given_WebSocketServerRunning_WhenCancelled_Then_StopsWithoutException" />
    </UnitTest>
  </TestDefinitions>
  <TestEntries>
    <TestEntry testId="1a73e3fb-db04-acf8-efc0-c385c3668563" executionId="26d2c590-f993-4091-8078-d8064909cef3" testListId="8c84fa94-04c1-424b-9868-57a2d4851a1d" />
    <TestEntry testId="82208ecb-5dfd-fb08-9afb-08c75a19542d" executionId="9f5b65b7-d84e-42d1-9f0b-9945f45b28ec" testListId="8c84fa94-04c1-424b-9868-57a2d4851a1d" />
    <TestEntry testId="a53282b4-6a05-242a-e4d2-b9565bce7581" executionId="02d5841b-c836-4667-beeb-a4a47d7618ca" testListId="8c84fa94-04c1-424b-9868-57a2d4851a1d" />
    <TestEntry testId="541e7a25-1132-e1e5-2914-5c97dae45806" executionId="a1cb8f07-8aea-42da-8b4d-e2e6416b6c0c" testListId="8c84fa94-04c1-424b-9868-57a2d4851a1d" />
    <TestEntry testId="bd7e0b0c-ef43-360b-dfdb-030b0d50a8ec" executionId="0a6f6572-bd81-4b28-abeb-43f1b5124f6a" testListId="8c84fa94-04c1-424b-9868-57a2d4851a1d" />
    <TestEntry testId="c97251e0-524e-5109-53f3-5e1adead1298" executionId="26bed51d-1f10-4e5b-97c1-f6b36bdcfdc0" testListId="8c84fa94-04c1-424b-9868-57a2d4851a1d" />
    <TestEntry testId="43535fd5-c237-92ee-f62c-6062d656852a" executionId="4818951d-4b07-4e75-a5a0-3325d65727f0" testListId="8c84fa94-04c1-424b-9868-57a2d4851a1d" />
    <TestEntry testId="2db4a4b8-7542-9257-9c47-e10b048b1618" executionId="ec91ecf2-8558-4d26-9cd6-e13a7975eb3d" testListId="8c84fa94-04c1-424b-9868-57a2d4851a1d" />
    <TestEntry testId="786ed098-fd0c-ab3e-d959-e6ab09eb64f2" executionId="9d9a4f7c-f730-4317-872f-c3c199546274" testListId="8c84fa94-04c1-424b-9868-57a2d4851a1d" />
    <TestEntry testId="60e393e1-fb9a-677f-db7d-7b0867243a41" executionId="31e7c47e-af73-4422-a696-e623a3e31e8f" testListId="8c84fa94-04c1-424b-9868-57a2d4851a1d" />
    <TestEntry testId="21bbf318-06fa-5331-4b4b-1b1314cab6cc" executionId="e655ae07-570c-4c53-94a2-d83e1e8f4a6d" testListId="8c84fa94-04c1-424b-9868-57a2d4851a1d" />
    <TestEntry testId="07d0e3c4-f0e5-a0b1-e09d-27b246255d4a" executionId="f98fba75-c226-407f-96b3-2990c96b1b7f" testListId="8c84fa94-04c1-424b-9868-57a2d4851a1d" />
    <TestEntry testId="45bc5c00-81fc-dcbb-35b0-d70ab735f706" executionId="d207875b-d76b-464a-9047-e0c39183e268" testListId="8c84fa94-04c1-424b-9868-57a2d4851a1d" />
    <TestEntry testId="c0b89de7-d5df-1192-84bc-7a554b7173bd" executionId="0ebd5cc0-f40a-42ba-aa50-c075930e8b21" testListId="8c84fa94-04c1-424b-9868-57a2d4851a1d" />
    <TestEntry testId="cb3e1099-bc6e-ffc9-3d3c-c21852b8c186" executionId="6a429e37-de5f-423e-a083-fcc59ec87bf1" testListId="8c84fa94-04c1-424b-9868-57a2d4851a1d" />
    <TestEntry testId="3c1561df-e7db-a184-b7bc-63aba8a8c00a" executionId="e003b7aa-0f2d-4919-9852-b04562f7161b" testListId="8c84fa94-04c1-424b-9868-57a2d4851a1d" />
    <TestEntry testId="c45e925c-2d90-9721-a7dd-15fb78334e99" executionId="fb0eb5d4-2098-4133-8069-2155abf08650" testListId="8c84fa94-04c1-424b-9868-57a2d4851a1d" />
    <TestEntry testId="5c315a0f-66f4-9209-9ce3-f856f2e8b9fd" executionId="ddbaba74-65f1-4749-b0c7-3f99a31ff100" testListId="8c84fa94-04c1-424b-9868-57a2d4851a1d" />
    <TestEntry testId="2d53fdea-8210-12a2-fa20-75c46188c947" executionId="57fab9cd-7afd-43ef-8161-38f06044c55a" testListId="8c84fa94-04c1-424b-9868-57a2d4851a1d" />
    <TestEntry testId="d828ff89-d542-aec2-0f85-e3a6f44609b4" executionId="11f09d79-e957-400d-bc52-f9dc90fb89c6" testListId="8c84fa94-04c1-424b-9868-57a2d4851a1d" />
    <TestEntry testId="17113636-2838-540b-6e7b-9af7ed2f4a89" executionId="dcb43507-dd0b-4104-ab4e-0ffc61d4df1b" testListId="8c84fa94-04c1-424b-9868-57a2d4851a1d" />
    <TestEntry testId="6cbe5b7e-5a0c-4d41-4528-7220bcedb289" executionId="e00e5c49-00c3-48bb-b394-337d7e402e0e" testListId="8c84fa94-04c1-424b-9868-57a2d4851a1d" />
    <TestEntry testId="74fbcf86-e02b-e102-508f-c289f907d623" executionId="5305aa1f-ad65-4c76-8dc2-c50c6ac51224" testListId="8c84fa94-04c1-424b-9868-57a2d4851a1d" />
    <TestEntry testId="d48b9345-2218-465d-52b1-e79f9f0ad5f6" executionId="dbe62054-dc36-4e8d-a1f0-8e2931417512" testListId="8c84fa94-04c1-424b-9868-57a2d4851a1d" />
    <TestEntry testId="4178cbcb-b670-4928-d5e3-684f18e91898" executionId="1ea89d10-1087-4162-aa69-fa018fed8b90" testListId="8c84fa94-04c1-424b-9868-57a2d4851a1d" />
    <TestEntry testId="f84c3ab6-5df5-c8d8-bb37-6142800c1835" executionId="264f403e-ac75-41bb-8501-c89a7fad71bc" testListId="8c84fa94-04c1-424b-9868-57a2d4851a1d" />
    <TestEntry testId="45fbabf4-059d-78c5-13e1-c6c213e9b668" executionId="d36681ce-0eaf-4cc2-af37-bb26838c76d4" testListId="8c84fa94-04c1-424b-9868-57a2d4851a1d" />
    <TestEntry testId="27924e98-8eeb-6eec-e518-9bff1acaa8bc" executionId="0920e28a-3181-47ce-9ebc-b0a773d82d7c" testListId="8c84fa94-04c1-424b-9868-57a2d4851a1d" />
    <TestEntry testId="b01ffc42-bd8d-f8f4-c137-073f90bc1c56" executionId="be8018a6-0ccd-48ed-8dae-f246bdb3c127" testListId="8c84fa94-04c1-424b-9868-57a2d4851a1d" />
  </TestEntries>
  <TestLists>
    <TestList name="Results Not in a List" id="8c84fa94-04c1-424b-9868-57a2d4851a1d" />
    <TestList name="All Loaded Results" id="19431567-8539-422a-85d7-44ee4e166bda" />
  </TestLists>
  <ResultSummary outcome="Completed">
    <Counters total="29" executed="27" passed="27" failed="0" error="0" timeout="0" aborted="0" inconclusive="0" passedButRunAborted="0" notRunnable="0" notExecuted="0" disconnected="0" warning="0" completed="0" inProgress="0" pending="0" />
    <Output>
      <StdOut>Test 'Given_ConnectionRuns_When_ConnectionIsClosed_Then_ProcessMessagesAreAwaited' was skipped in the test run.&#xD;
Test 'Given_ConnectionRuns_When_ConnectionIsCancelled_Then_ProcessMessagesAreAwaited' was skipped in the test run.&#xD;
</StdOut>
    </Output>
  </ResultSummary>
</TestRun>