<?xml version="1.0" encoding="utf-8"?>
<TestRun id="eb500b4c-86d8-4af3-a699-dd086586c2e1" name="DKSR-EFI-04$@DKSR-EFI-04 2023-12-22 09:32:41" runUser="NT AUTHORITY\NETWORK SERVICE" xmlns="http://microsoft.com/schemas/VisualStudio/TeamTest/2010">
  <Times creation="2023-12-22T09:32:41.2091298+01:00" queuing="2023-12-22T09:32:41.2091298+01:00" start="2023-12-22T09:32:31.3497094+01:00" finish="2023-12-22T09:32:43.3028904+01:00" />
  <TestSettings name="default" id="c7bb9a86-d6ee-4862-add1-32d599c8931e">
    <Deployment runDeploymentRoot="DKSR-EFI-04$_DKSR-EFI-04_2023-12-22_09_32_41" />
  </TestSettings>
  <Results>
    <UnitTestResult executionId="d0de000b-0351-45fe-b8c9-0f992b6a7e8d" testId="43b34480-5436-1a88-825a-540e784bf75e" testName="TrackPageView_ShouldSendPageView" computerName="DKSR-EFI-04" duration="00:00:00.0612712" startTime="2023-12-22T09:32:42.0060061+01:00" endTime="2023-12-22T09:32:42.0685071+01:00" testType="13cdc9d9-ddb5-4fa4-a97d-d965ccfc6d4b" outcome="Passed" testListId="8c84fa94-04c1-424b-9868-57a2d4851a1d" relativeResultsDirectory="d0de000b-0351-45fe-b8c9-0f992b6a7e8d" />
    <UnitTestResult executionId="d02f0d40-4407-4663-9591-3482edda72dd" testId="f0e133f3-b449-ac09-8f3a-557aa6de76a3" testName="TrackMetric_ShouldSendMetric" computerName="DKSR-EFI-04" duration="00:00:00.0991477" startTime="2023-12-22T09:32:41.8966326+01:00" endTime="2023-12-22T09:32:42.0060061+01:00" testType="13cdc9d9-ddb5-4fa4-a97d-d965ccfc6d4b" outcome="Passed" testListId="8c84fa94-04c1-424b-9868-57a2d4851a1d" relativeResultsDirectory="d02f0d40-4407-4663-9591-3482edda72dd" />
    <UnitTestResult executionId="e191b7ba-2171-48ef-9922-5ae030f0d86d" testId="d0940dfa-cf70-bd53-09fb-ebd9fa7f9bc1" testName="Constructor_ShouldUseProvidedConnectionString" computerName="DKSR-EFI-04" duration="00:00:00.2127518" startTime="2023-12-22T09:32:40.8653786+01:00" endTime="2023-12-22T09:32:41.0685015+01:00" testType="13cdc9d9-ddb5-4fa4-a97d-d965ccfc6d4b" outcome="Passed" testListId="8c84fa94-04c1-424b-9868-57a2d4851a1d" relativeResultsDirectory="e191b7ba-2171-48ef-9922-5ae030f0d86d" />
    <UnitTestResult executionId="f2fa4fbc-7737-4de1-b24c-6f1f3b1e8f32" testId="85bdbd4a-2249-0c4b-97ac-4a9916d2843b" testName="TrackPageView_ShouldNotSendPageView_WhenTelemetryDisabled" computerName="DKSR-EFI-04" duration="00:00:00.0033938" startTime="2023-12-22T09:32:42.0685071+01:00" endTime="2023-12-22T09:32:42.0841341+01:00" testType="13cdc9d9-ddb5-4fa4-a97d-d965ccfc6d4b" outcome="Passed" testListId="8c84fa94-04c1-424b-9868-57a2d4851a1d" relativeResultsDirectory="f2fa4fbc-7737-4de1-b24c-6f1f3b1e8f32" />
    <UnitTestResult executionId="4d69f532-0a60-4070-a4fe-d8e447cdd46e" testId="55fbc210-2c31-9a3d-576d-6ff084b8562a" testName="TrackRequest_ShouldSendRequest" computerName="DKSR-EFI-04" duration="00:00:00.0214703" startTime="2023-12-22T09:32:42.1310082+01:00" endTime="2023-12-22T09:32:42.1622598+01:00" testType="13cdc9d9-ddb5-4fa4-a97d-d965ccfc6d4b" outcome="Passed" testListId="8c84fa94-04c1-424b-9868-57a2d4851a1d" relativeResultsDirectory="4d69f532-0a60-4070-a4fe-d8e447cdd46e" />
    <UnitTestResult executionId="e7281a83-0377-4616-8216-e55b714fd601" testId="158ef29c-926a-edfe-4ae0-a139ae70c1db" testName="TrackDependency_ShouldSendDependency" computerName="DKSR-EFI-04" duration="00:00:00.1548040" startTime="2023-12-22T09:32:41.4747558+01:00" endTime="2023-12-22T09:32:41.6310047+01:00" testType="13cdc9d9-ddb5-4fa4-a97d-d965ccfc6d4b" outcome="Passed" testListId="8c84fa94-04c1-424b-9868-57a2d4851a1d" relativeResultsDirectory="e7281a83-0377-4616-8216-e55b714fd601" />
    <UnitTestResult executionId="5e582ca4-24e5-4b3b-bb14-25c1f8256435" testId="97313488-6bd4-fb6c-4b96-4556d6d0398b" testName="Flush_ShouldSendTheData" computerName="DKSR-EFI-04" duration="00:00:00.0058163" startTime="2023-12-22T09:32:42.3028851+01:00" endTime="2023-12-22T09:32:42.3028851+01:00" testType="13cdc9d9-ddb5-4fa4-a97d-d965ccfc6d4b" outcome="Passed" testListId="8c84fa94-04c1-424b-9868-57a2d4851a1d" relativeResultsDirectory="5e582ca4-24e5-4b3b-bb14-25c1f8256435" />
    <UnitTestResult executionId="17db6f97-239f-4076-8da0-1cb95d8eb7a6" testId="4df70e09-ff8b-4360-f32f-0e1cfb55ffba" testName="TrackPageView2_ShouldSendPageView" computerName="DKSR-EFI-04" duration="00:00:00.0462292" startTime="2023-12-22T09:32:42.0841341+01:00" endTime="2023-12-22T09:32:42.1310082+01:00" testType="13cdc9d9-ddb5-4fa4-a97d-d965ccfc6d4b" outcome="Passed" testListId="8c84fa94-04c1-424b-9868-57a2d4851a1d" relativeResultsDirectory="17db6f97-239f-4076-8da0-1cb95d8eb7a6" />
    <UnitTestResult executionId="bcd7de0c-23a4-46dd-a2f9-d8a772dfb38d" testId="33d3627e-d0f4-1ab0-4b5d-66835af6c7da" testName="Constructors_ShouldNotAllowInjectionOfNullsOnSecond" computerName="DKSR-EFI-04" duration="00:00:00.1242283" startTime="2023-12-22T09:32:40.6778752+01:00" endTime="2023-12-22T09:32:40.8028781+01:00" testType="13cdc9d9-ddb5-4fa4-a97d-d965ccfc6d4b" outcome="Passed" testListId="8c84fa94-04c1-424b-9868-57a2d4851a1d" relativeResultsDirectory="bcd7de0c-23a4-46dd-a2f9-d8a772dfb38d" />
    <UnitTestResult executionId="02501c89-7790-47e8-9ff1-fd42fe2b91b4" testId="babdabeb-b84b-25f9-fbf1-34a0a95641b1" testName="TrackMetric_ShouldNotSendMetric_WhenTelemetryDisabled" computerName="DKSR-EFI-04" duration="00:00:00.0027562" startTime="2023-12-22T09:32:42.0060061+01:00" endTime="2023-12-22T09:32:42.0060061+01:00" testType="13cdc9d9-ddb5-4fa4-a97d-d965ccfc6d4b" outcome="Passed" testListId="8c84fa94-04c1-424b-9868-57a2d4851a1d" relativeResultsDirectory="02501c89-7790-47e8-9ff1-fd42fe2b91b4" />
    <UnitTestResult executionId="a1576099-7d88-41ac-9437-d32a92c06780" testId="48cd238d-c87b-9e9f-8fb4-bd7024bfbc5f" testName="Process_ShouldRemoveUsersMachineName" computerName="DKSR-EFI-04" duration="00:00:00.3912851" startTime="2023-12-22T09:32:40.2716250+01:00" endTime="2023-12-22T09:32:40.6622510+01:00" testType="13cdc9d9-ddb5-4fa4-a97d-d965ccfc6d4b" outcome="Passed" testListId="8c84fa94-04c1-424b-9868-57a2d4851a1d" relativeResultsDirectory="a1576099-7d88-41ac-9437-d32a92c06780" />
    <UnitTestResult executionId="99ca7de8-087c-4d7d-8e91-b3f266d240e4" testId="7d24b3cf-b376-84d3-2042-a71294aa196d" testName="Process_ShouldRemoveUsersIp" computerName="DKSR-EFI-04" duration="00:00:00.0025454" startTime="2023-12-22T09:32:40.6622510+01:00" endTime="2023-12-22T09:32:40.6622510+01:00" testType="13cdc9d9-ddb5-4fa4-a97d-d965ccfc6d4b" outcome="Passed" testListId="8c84fa94-04c1-424b-9868-57a2d4851a1d" relativeResultsDirectory="99ca7de8-087c-4d7d-8e91-b3f266d240e4" />
    <UnitTestResult executionId="5871bcbd-b8ed-41ba-bafc-62119235a38f" testId="cd64a482-b814-c931-3c4c-e952d7043148" testName="TrackPageView2_ShouldNotSendPageView_WhenTelemetryDisabled" computerName="DKSR-EFI-04" duration="00:00:00.0018442" startTime="2023-12-22T09:32:42.1310082+01:00" endTime="2023-12-22T09:32:42.1310082+01:00" testType="13cdc9d9-ddb5-4fa4-a97d-d965ccfc6d4b" outcome="Passed" testListId="8c84fa94-04c1-424b-9868-57a2d4851a1d" relativeResultsDirectory="5871bcbd-b8ed-41ba-bafc-62119235a38f" />
    <UnitTestResult executionId="76372d53-cdd8-4d06-91c4-b153b1e27528" testId="1286ba90-da36-5a26-07bb-29c8c6ef5c94" testName="TrackException_ShouldNotSendException_WhenTelemetryDisabled" computerName="DKSR-EFI-04" duration="00:00:00.0049728" startTime="2023-12-22T09:32:41.8966326+01:00" endTime="2023-12-22T09:32:41.8966326+01:00" testType="13cdc9d9-ddb5-4fa4-a97d-d965ccfc6d4b" outcome="Passed" testListId="8c84fa94-04c1-424b-9868-57a2d4851a1d" relativeResultsDirectory="76372d53-cdd8-4d06-91c4-b153b1e27528" />
    <UnitTestResult executionId="0c71e49d-f584-4259-ba8d-b41b240d81ac" testId="769d429e-7f30-3d66-d569-ce0422e12caa" testName="TrackTrace_ShouldSendTrace" computerName="DKSR-EFI-04" duration="00:00:00.1236163" startTime="2023-12-22T09:32:42.1622598+01:00" endTime="2023-12-22T09:32:42.2872598+01:00" testType="13cdc9d9-ddb5-4fa4-a97d-d965ccfc6d4b" outcome="Passed" testListId="8c84fa94-04c1-424b-9868-57a2d4851a1d" relativeResultsDirectory="0c71e49d-f584-4259-ba8d-b41b240d81ac" />
    <UnitTestResult executionId="e8eef888-1192-457b-9659-7314689e244b" testId="09e26043-7b9c-be54-1619-6bb191311ebd" testName="Constructor_ShouldNotInitializeInternals_WhenTelemetryDisabled" computerName="DKSR-EFI-04" duration="00:00:00.0467406" startTime="2023-12-22T09:32:40.8028781+01:00" endTime="2023-12-22T09:32:40.8497518+01:00" testType="13cdc9d9-ddb5-4fa4-a97d-d965ccfc6d4b" outcome="Passed" testListId="8c84fa94-04c1-424b-9868-57a2d4851a1d" relativeResultsDirectory="e8eef888-1192-457b-9659-7314689e244b" />
    <UnitTestResult executionId="1e5fa223-e450-4fab-b619-fa008e9a1f3f" testId="37a27a25-0d4e-24f7-9f7d-8b93e02ca786" testName="Constructors_ShouldNotAllowInjectionOfNullsOnThird" computerName="DKSR-EFI-04" duration="00:00:00.0038187" startTime="2023-12-22T09:32:40.8028781+01:00" endTime="2023-12-22T09:32:40.8028781+01:00" testType="13cdc9d9-ddb5-4fa4-a97d-d965ccfc6d4b" outcome="Passed" testListId="8c84fa94-04c1-424b-9868-57a2d4851a1d" relativeResultsDirectory="1e5fa223-e450-4fab-b619-fa008e9a1f3f" />
    <UnitTestResult executionId="405a0812-49ea-41cf-94ad-746c3539a944" testId="da610d60-4b6b-68b9-0c79-f6f2e4778391" testName="TrackDependency_ShouldNotSendDependency_WhenTelemetryDisabled" computerName="DKSR-EFI-04" duration="00:00:00.0027437" startTime="2023-12-22T09:32:41.6310047+01:00" endTime="2023-12-22T09:32:41.6310047+01:00" testType="13cdc9d9-ddb5-4fa4-a97d-d965ccfc6d4b" outcome="Passed" testListId="8c84fa94-04c1-424b-9868-57a2d4851a1d" relativeResultsDirectory="405a0812-49ea-41cf-94ad-746c3539a944" />
    <UnitTestResult executionId="f6bf2a36-43c7-42c7-a5fa-9e10d5a04f11" testId="d4a6d38d-fc64-1923-b213-c87d9f255c2c" testName="TrackEvent_ShouldNotSendEvent_WhenTelemetryDisabled" computerName="DKSR-EFI-04" duration="00:00:00.0033553" startTime="2023-12-22T09:32:41.8966326+01:00" endTime="2023-12-22T09:32:41.8966326+01:00" testType="13cdc9d9-ddb5-4fa4-a97d-d965ccfc6d4b" outcome="Passed" testListId="8c84fa94-04c1-424b-9868-57a2d4851a1d" relativeResultsDirectory="f6bf2a36-43c7-42c7-a5fa-9e10d5a04f11" />
    <UnitTestResult executionId="3a118546-898b-48a3-a0ce-cf8da4747546" testId="f376e332-0572-fdb5-982f-b6500b3dcc0c" testName="Constructors_ShouldNotAllowInjectionOfNulls" computerName="DKSR-EFI-04" duration="00:00:00.1250212" startTime="2023-12-22T09:32:39.7091212+01:00" endTime="2023-12-22T09:32:40.2091236+01:00" testType="13cdc9d9-ddb5-4fa4-a97d-d965ccfc6d4b" outcome="Passed" testListId="8c84fa94-04c1-424b-9868-57a2d4851a1d" relativeResultsDirectory="3a118546-898b-48a3-a0ce-cf8da4747546" />
    <UnitTestResult executionId="7084fc76-e8af-44cd-b032-e67898c4d9c7" testId="4e7eed6e-10b1-0a96-9a02-cca6eef9b8e8" testName="TrackTrace_ShouldNotSendTrace_WhenTelemetryDisabled" computerName="DKSR-EFI-04" duration="00:00:00.0027759" startTime="2023-12-22T09:32:42.2872598+01:00" endTime="2023-12-22T09:32:42.2872598+01:00" testType="13cdc9d9-ddb5-4fa4-a97d-d965ccfc6d4b" outcome="Passed" testListId="8c84fa94-04c1-424b-9868-57a2d4851a1d" relativeResultsDirectory="7084fc76-e8af-44cd-b032-e67898c4d9c7" />
    <UnitTestResult executionId="b75af0f9-1a8b-4b51-adbf-be68537961ad" testId="e9dea091-077b-b539-3ef5-9e44a48088db" testName="TelemetryManager_ShouldUseTelemetryProcessors" computerName="DKSR-EFI-04" duration="00:00:00.3148201" startTime="2023-12-22T09:32:41.0685015+01:00" endTime="2023-12-22T09:32:41.3966302+01:00" testType="13cdc9d9-ddb5-4fa4-a97d-d965ccfc6d4b" outcome="Passed" testListId="8c84fa94-04c1-424b-9868-57a2d4851a1d" relativeResultsDirectory="b75af0f9-1a8b-4b51-adbf-be68537961ad" />
    <UnitTestResult executionId="76b292df-114b-4309-8920-d4531adb6688" testId="e454cb4f-e12d-72c4-4371-158bb9047d7b" testName="TrackEvent_ShouldSendEvent" computerName="DKSR-EFI-04" duration="00:00:00.2561321" startTime="2023-12-22T09:32:41.6310047+01:00" endTime="2023-12-22T09:32:41.8810074+01:00" testType="13cdc9d9-ddb5-4fa4-a97d-d965ccfc6d4b" outcome="Passed" testListId="8c84fa94-04c1-424b-9868-57a2d4851a1d" relativeResultsDirectory="76b292df-114b-4309-8920-d4531adb6688" />
    <UnitTestResult executionId="93e74d49-59de-45aa-803a-acb5f8a04141" testId="42606fce-7d78-a485-6059-1229fe17f1e8" testName="TrackAvailability_ShouldSendAvailability" computerName="DKSR-EFI-04" duration="00:00:00.0691156" startTime="2023-12-22T09:32:41.3966302+01:00" endTime="2023-12-22T09:32:41.4591303+01:00" testType="13cdc9d9-ddb5-4fa4-a97d-d965ccfc6d4b" outcome="Passed" testListId="8c84fa94-04c1-424b-9868-57a2d4851a1d" relativeResultsDirectory="93e74d49-59de-45aa-803a-acb5f8a04141" />
    <UnitTestResult executionId="d9776058-e203-4cd9-9b56-c5a5faceca0e" testId="3e1b10c1-c657-5fb5-c501-a920f7ee9f71" testName="TrackRequest_ShouldNotSendRequest_WhenTelemetryDisabled" computerName="DKSR-EFI-04" duration="00:00:00.0018712" startTime="2023-12-22T09:32:42.1622598+01:00" endTime="2023-12-22T09:32:42.1622598+01:00" testType="13cdc9d9-ddb5-4fa4-a97d-d965ccfc6d4b" outcome="Passed" testListId="8c84fa94-04c1-424b-9868-57a2d4851a1d" relativeResultsDirectory="d9776058-e203-4cd9-9b56-c5a5faceca0e" />
    <UnitTestResult executionId="c3f136b3-93da-4292-86bd-b438771c6a40" testId="f7a13d89-609a-7de1-e14c-736775f8899b" testName="TrackAvailability_ShouldNotSendAvailability_WhenTelemetryDisabled" computerName="DKSR-EFI-04" duration="00:00:00.0019196" startTime="2023-12-22T09:32:41.4591303+01:00" endTime="2023-12-22T09:32:41.4591303+01:00" testType="13cdc9d9-ddb5-4fa4-a97d-d965ccfc6d4b" outcome="Passed" testListId="8c84fa94-04c1-424b-9868-57a2d4851a1d" relativeResultsDirectory="c3f136b3-93da-4292-86bd-b438771c6a40" />
  </Results>
  <TestDefinitions>
    <UnitTest name="TrackMetric_ShouldNotSendMetric_WhenTelemetryDisabled" storage="d:\actions-runner\_work\xpco\xpco\common\videoos.telemetry\tst\videoos.telemetry.unittests\bin\debug\videoos.telemetry.unittests.dll" id="babdabeb-b84b-25f9-fbf1-34a0a95641b1">
      <Execution id="02501c89-7790-47e8-9ff1-fd42fe2b91b4" />
      <TestMethod codeBase="D:\actions-runner\_work\XPCO\XPCO\Common\VideoOS.Telemetry\tst\VideoOS.Telemetry.UnitTests\bin\Debug\VideoOS.Telemetry.UnitTests.dll" adapterTypeName="executor://mstestadapter/v2" className="SmartClient_UnitTest.VideoOS.Shared.Telemetry.TelemetryManagerTests" name="TrackMetric_ShouldNotSendMetric_WhenTelemetryDisabled" />
    </UnitTest>
    <UnitTest name="TrackDependency_ShouldNotSendDependency_WhenTelemetryDisabled" storage="d:\actions-runner\_work\xpco\xpco\common\videoos.telemetry\tst\videoos.telemetry.unittests\bin\debug\videoos.telemetry.unittests.dll" id="da610d60-4b6b-68b9-0c79-f6f2e4778391">
      <Execution id="405a0812-49ea-41cf-94ad-746c3539a944" />
      <TestMethod codeBase="D:\actions-runner\_work\XPCO\XPCO\Common\VideoOS.Telemetry\tst\VideoOS.Telemetry.UnitTests\bin\Debug\VideoOS.Telemetry.UnitTests.dll" adapterTypeName="executor://mstestadapter/v2" className="SmartClient_UnitTest.VideoOS.Shared.Telemetry.TelemetryManagerTests" name="TrackDependency_ShouldNotSendDependency_WhenTelemetryDisabled" />
    </UnitTest>
    <UnitTest name="Process_ShouldRemoveUsersIp" storage="d:\actions-runner\_work\xpco\xpco\common\videoos.telemetry\tst\videoos.telemetry.unittests\bin\debug\videoos.telemetry.unittests.dll" id="7d24b3cf-b376-84d3-2042-a71294aa196d">
      <Execution id="99ca7de8-087c-4d7d-8e91-b3f266d240e4" />
      <TestMethod codeBase="D:\actions-runner\_work\XPCO\XPCO\Common\VideoOS.Telemetry\tst\VideoOS.Telemetry.UnitTests\bin\Debug\VideoOS.Telemetry.UnitTests.dll" adapterTypeName="executor://mstestadapter/v2" className="SmartClient_UnitTest.VideoOS.Shared.Telemetry.PrivacyTelemetryProcessorTests" name="Process_ShouldRemoveUsersIp" />
    </UnitTest>
    <UnitTest name="TrackAvailability_ShouldSendAvailability" storage="d:\actions-runner\_work\xpco\xpco\common\videoos.telemetry\tst\videoos.telemetry.unittests\bin\debug\videoos.telemetry.unittests.dll" id="42606fce-7d78-a485-6059-1229fe17f1e8">
      <Execution id="93e74d49-59de-45aa-803a-acb5f8a04141" />
      <TestMethod codeBase="D:\actions-runner\_work\XPCO\XPCO\Common\VideoOS.Telemetry\tst\VideoOS.Telemetry.UnitTests\bin\Debug\VideoOS.Telemetry.UnitTests.dll" adapterTypeName="executor://mstestadapter/v2" className="SmartClient_UnitTest.VideoOS.Shared.Telemetry.TelemetryManagerTests" name="TrackAvailability_ShouldSendAvailability" />
    </UnitTest>
    <UnitTest name="TrackRequest_ShouldSendRequest" storage="d:\actions-runner\_work\xpco\xpco\common\videoos.telemetry\tst\videoos.telemetry.unittests\bin\debug\videoos.telemetry.unittests.dll" id="55fbc210-2c31-9a3d-576d-6ff084b8562a">
      <Execution id="4d69f532-0a60-4070-a4fe-d8e447cdd46e" />
      <TestMethod codeBase="D:\actions-runner\_work\XPCO\XPCO\Common\VideoOS.Telemetry\tst\VideoOS.Telemetry.UnitTests\bin\Debug\VideoOS.Telemetry.UnitTests.dll" adapterTypeName="executor://mstestadapter/v2" className="SmartClient_UnitTest.VideoOS.Shared.Telemetry.TelemetryManagerTests" name="TrackRequest_ShouldSendRequest" />
    </UnitTest>
    <UnitTest name="TrackTrace_ShouldSendTrace" storage="d:\actions-runner\_work\xpco\xpco\common\videoos.telemetry\tst\videoos.telemetry.unittests\bin\debug\videoos.telemetry.unittests.dll" id="769d429e-7f30-3d66-d569-ce0422e12caa">
      <Execution id="0c71e49d-f584-4259-ba8d-b41b240d81ac" />
      <TestMethod codeBase="D:\actions-runner\_work\XPCO\XPCO\Common\VideoOS.Telemetry\tst\VideoOS.Telemetry.UnitTests\bin\Debug\VideoOS.Telemetry.UnitTests.dll" adapterTypeName="executor://mstestadapter/v2" className="SmartClient_UnitTest.VideoOS.Shared.Telemetry.TelemetryManagerTests" name="TrackTrace_ShouldSendTrace" />
    </UnitTest>
    <UnitTest name="TrackDependency_ShouldSendDependency" storage="d:\actions-runner\_work\xpco\xpco\common\videoos.telemetry\tst\videoos.telemetry.unittests\bin\debug\videoos.telemetry.unittests.dll" id="158ef29c-926a-edfe-4ae0-a139ae70c1db">
      <Execution id="e7281a83-0377-4616-8216-e55b714fd601" />
      <TestMethod codeBase="D:\actions-runner\_work\XPCO\XPCO\Common\VideoOS.Telemetry\tst\VideoOS.Telemetry.UnitTests\bin\Debug\VideoOS.Telemetry.UnitTests.dll" adapterTypeName="executor://mstestadapter/v2" className="SmartClient_UnitTest.VideoOS.Shared.Telemetry.TelemetryManagerTests" name="TrackDependency_ShouldSendDependency" />
    </UnitTest>
    <UnitTest name="TrackRequest_ShouldNotSendRequest_WhenTelemetryDisabled" storage="d:\actions-runner\_work\xpco\xpco\common\videoos.telemetry\tst\videoos.telemetry.unittests\bin\debug\videoos.telemetry.unittests.dll" id="3e1b10c1-c657-5fb5-c501-a920f7ee9f71">
      <Execution id="d9776058-e203-4cd9-9b56-c5a5faceca0e" />
      <TestMethod codeBase="D:\actions-runner\_work\XPCO\XPCO\Common\VideoOS.Telemetry\tst\VideoOS.Telemetry.UnitTests\bin\Debug\VideoOS.Telemetry.UnitTests.dll" adapterTypeName="executor://mstestadapter/v2" className="SmartClient_UnitTest.VideoOS.Shared.Telemetry.TelemetryManagerTests" name="TrackRequest_ShouldNotSendRequest_WhenTelemetryDisabled" />
    </UnitTest>
    <UnitTest name="Process_ShouldRemoveUsersMachineName" storage="d:\actions-runner\_work\xpco\xpco\common\videoos.telemetry\tst\videoos.telemetry.unittests\bin\debug\videoos.telemetry.unittests.dll" id="48cd238d-c87b-9e9f-8fb4-bd7024bfbc5f">
      <Execution id="a1576099-7d88-41ac-9437-d32a92c06780" />
      <TestMethod codeBase="D:\actions-runner\_work\XPCO\XPCO\Common\VideoOS.Telemetry\tst\VideoOS.Telemetry.UnitTests\bin\Debug\VideoOS.Telemetry.UnitTests.dll" adapterTypeName="executor://mstestadapter/v2" className="SmartClient_UnitTest.VideoOS.Shared.Telemetry.PrivacyTelemetryProcessorTests" name="Process_ShouldRemoveUsersMachineName" />
    </UnitTest>
    <UnitTest name="Constructor_ShouldUseProvidedConnectionString" storage="d:\actions-runner\_work\xpco\xpco\common\videoos.telemetry\tst\videoos.telemetry.unittests\bin\debug\videoos.telemetry.unittests.dll" id="d0940dfa-cf70-bd53-09fb-ebd9fa7f9bc1">
      <Execution id="e191b7ba-2171-48ef-9922-5ae030f0d86d" />
      <TestMethod codeBase="D:\actions-runner\_work\XPCO\XPCO\Common\VideoOS.Telemetry\tst\VideoOS.Telemetry.UnitTests\bin\Debug\VideoOS.Telemetry.UnitTests.dll" adapterTypeName="executor://mstestadapter/v2" className="SmartClient_UnitTest.VideoOS.Shared.Telemetry.TelemetryManagerTests" name="Constructor_ShouldUseProvidedConnectionString" />
    </UnitTest>
    <UnitTest name="TrackPageView_ShouldSendPageView" storage="d:\actions-runner\_work\xpco\xpco\common\videoos.telemetry\tst\videoos.telemetry.unittests\bin\debug\videoos.telemetry.unittests.dll" id="43b34480-5436-1a88-825a-540e784bf75e">
      <Execution id="d0de000b-0351-45fe-b8c9-0f992b6a7e8d" />
      <TestMethod codeBase="D:\actions-runner\_work\XPCO\XPCO\Common\VideoOS.Telemetry\tst\VideoOS.Telemetry.UnitTests\bin\Debug\VideoOS.Telemetry.UnitTests.dll" adapterTypeName="executor://mstestadapter/v2" className="SmartClient_UnitTest.VideoOS.Shared.Telemetry.TelemetryManagerTests" name="TrackPageView_ShouldSendPageView" />
    </UnitTest>
    <UnitTest name="TrackPageView_ShouldNotSendPageView_WhenTelemetryDisabled" storage="d:\actions-runner\_work\xpco\xpco\common\videoos.telemetry\tst\videoos.telemetry.unittests\bin\debug\videoos.telemetry.unittests.dll" id="85bdbd4a-2249-0c4b-97ac-4a9916d2843b">
      <Execution id="f2fa4fbc-7737-4de1-b24c-6f1f3b1e8f32" />
      <TestMethod codeBase="D:\actions-runner\_work\XPCO\XPCO\Common\VideoOS.Telemetry\tst\VideoOS.Telemetry.UnitTests\bin\Debug\VideoOS.Telemetry.UnitTests.dll" adapterTypeName="executor://mstestadapter/v2" className="SmartClient_UnitTest.VideoOS.Shared.Telemetry.TelemetryManagerTests" name="TrackPageView_ShouldNotSendPageView_WhenTelemetryDisabled" />
    </UnitTest>
    <UnitTest name="TrackPageView2_ShouldSendPageView" storage="d:\actions-runner\_work\xpco\xpco\common\videoos.telemetry\tst\videoos.telemetry.unittests\bin\debug\videoos.telemetry.unittests.dll" id="4df70e09-ff8b-4360-f32f-0e1cfb55ffba">
      <Execution id="17db6f97-239f-4076-8da0-1cb95d8eb7a6" />
      <TestMethod codeBase="D:\actions-runner\_work\XPCO\XPCO\Common\VideoOS.Telemetry\tst\VideoOS.Telemetry.UnitTests\bin\Debug\VideoOS.Telemetry.UnitTests.dll" adapterTypeName="executor://mstestadapter/v2" className="SmartClient_UnitTest.VideoOS.Shared.Telemetry.TelemetryManagerTests" name="TrackPageView2_ShouldSendPageView" />
    </UnitTest>
    <UnitTest name="TrackMetric_ShouldSendMetric" storage="d:\actions-runner\_work\xpco\xpco\common\videoos.telemetry\tst\videoos.telemetry.unittests\bin\debug\videoos.telemetry.unittests.dll" id="f0e133f3-b449-ac09-8f3a-557aa6de76a3">
      <Execution id="d02f0d40-4407-4663-9591-3482edda72dd" />
      <TestMethod codeBase="D:\actions-runner\_work\XPCO\XPCO\Common\VideoOS.Telemetry\tst\VideoOS.Telemetry.UnitTests\bin\Debug\VideoOS.Telemetry.UnitTests.dll" adapterTypeName="executor://mstestadapter/v2" className="SmartClient_UnitTest.VideoOS.Shared.Telemetry.TelemetryManagerTests" name="TrackMetric_ShouldSendMetric" />
    </UnitTest>
    <UnitTest name="TrackTrace_ShouldNotSendTrace_WhenTelemetryDisabled" storage="d:\actions-runner\_work\xpco\xpco\common\videoos.telemetry\tst\videoos.telemetry.unittests\bin\debug\videoos.telemetry.unittests.dll" id="4e7eed6e-10b1-0a96-9a02-cca6eef9b8e8">
      <Execution id="7084fc76-e8af-44cd-b032-e67898c4d9c7" />
      <TestMethod codeBase="D:\actions-runner\_work\XPCO\XPCO\Common\VideoOS.Telemetry\tst\VideoOS.Telemetry.UnitTests\bin\Debug\VideoOS.Telemetry.UnitTests.dll" adapterTypeName="executor://mstestadapter/v2" className="SmartClient_UnitTest.VideoOS.Shared.Telemetry.TelemetryManagerTests" name="TrackTrace_ShouldNotSendTrace_WhenTelemetryDisabled" />
    </UnitTest>
    <UnitTest name="Flush_ShouldSendTheData" storage="d:\actions-runner\_work\xpco\xpco\common\videoos.telemetry\tst\videoos.telemetry.unittests\bin\debug\videoos.telemetry.unittests.dll" id="97313488-6bd4-fb6c-4b96-4556d6d0398b">
      <Execution id="5e582ca4-24e5-4b3b-bb14-25c1f8256435" />
      <TestMethod codeBase="D:\actions-runner\_work\XPCO\XPCO\Common\VideoOS.Telemetry\tst\VideoOS.Telemetry.UnitTests\bin\Debug\VideoOS.Telemetry.UnitTests.dll" adapterTypeName="executor://mstestadapter/v2" className="SmartClient_UnitTest.VideoOS.Shared.Telemetry.TelemetryManagerTests" name="Flush_ShouldSendTheData" />
    </UnitTest>
    <UnitTest name="Constructors_ShouldNotAllowInjectionOfNullsOnSecond" storage="d:\actions-runner\_work\xpco\xpco\common\videoos.telemetry\tst\videoos.telemetry.unittests\bin\debug\videoos.telemetry.unittests.dll" id="33d3627e-d0f4-1ab0-4b5d-66835af6c7da">
      <Execution id="bcd7de0c-23a4-46dd-a2f9-d8a772dfb38d" />
      <TestMethod codeBase="D:\actions-runner\_work\XPCO\XPCO\Common\VideoOS.Telemetry\tst\VideoOS.Telemetry.UnitTests\bin\Debug\VideoOS.Telemetry.UnitTests.dll" adapterTypeName="executor://mstestadapter/v2" className="SmartClient_UnitTest.VideoOS.Shared.Telemetry.TelemetryManagerTests" name="Constructors_ShouldNotAllowInjectionOfNullsOnSecond" />
    </UnitTest>
    <UnitTest name="Constructors_ShouldNotAllowInjectionOfNulls" storage="d:\actions-runner\_work\xpco\xpco\common\videoos.telemetry\tst\videoos.telemetry.unittests\bin\debug\videoos.telemetry.unittests.dll" id="f376e332-0572-fdb5-982f-b6500b3dcc0c">
      <Execution id="3a118546-898b-48a3-a0ce-cf8da4747546" />
      <TestMethod codeBase="D:\actions-runner\_work\XPCO\XPCO\Common\VideoOS.Telemetry\tst\VideoOS.Telemetry.UnitTests\bin\Debug\VideoOS.Telemetry.UnitTests.dll" adapterTypeName="executor://mstestadapter/v2" className="SmartClient_UnitTest.VideoOS.Shared.Telemetry.PrivacyTelemetryProcessorTests" name="Constructors_ShouldNotAllowInjectionOfNulls" />
    </UnitTest>
    <UnitTest name="TrackEvent_ShouldNotSendEvent_WhenTelemetryDisabled" storage="d:\actions-runner\_work\xpco\xpco\common\videoos.telemetry\tst\videoos.telemetry.unittests\bin\debug\videoos.telemetry.unittests.dll" id="d4a6d38d-fc64-1923-b213-c87d9f255c2c">
      <Execution id="f6bf2a36-43c7-42c7-a5fa-9e10d5a04f11" />
      <TestMethod codeBase="D:\actions-runner\_work\XPCO\XPCO\Common\VideoOS.Telemetry\tst\VideoOS.Telemetry.UnitTests\bin\Debug\VideoOS.Telemetry.UnitTests.dll" adapterTypeName="executor://mstestadapter/v2" className="SmartClient_UnitTest.VideoOS.Shared.Telemetry.TelemetryManagerTests" name="TrackEvent_ShouldNotSendEvent_WhenTelemetryDisabled" />
    </UnitTest>
    <UnitTest name="TrackPageView2_ShouldNotSendPageView_WhenTelemetryDisabled" storage="d:\actions-runner\_work\xpco\xpco\common\videoos.telemetry\tst\videoos.telemetry.unittests\bin\debug\videoos.telemetry.unittests.dll" id="cd64a482-b814-c931-3c4c-e952d7043148">
      <Execution id="5871bcbd-b8ed-41ba-bafc-62119235a38f" />
      <TestMethod codeBase="D:\actions-runner\_work\XPCO\XPCO\Common\VideoOS.Telemetry\tst\VideoOS.Telemetry.UnitTests\bin\Debug\VideoOS.Telemetry.UnitTests.dll" adapterTypeName="executor://mstestadapter/v2" className="SmartClient_UnitTest.VideoOS.Shared.Telemetry.TelemetryManagerTests" name="TrackPageView2_ShouldNotSendPageView_WhenTelemetryDisabled" />
    </UnitTest>
    <UnitTest name="Constructor_ShouldNotInitializeInternals_WhenTelemetryDisabled" storage="d:\actions-runner\_work\xpco\xpco\common\videoos.telemetry\tst\videoos.telemetry.unittests\bin\debug\videoos.telemetry.unittests.dll" id="09e26043-7b9c-be54-1619-6bb191311ebd">
      <Execution id="e8eef888-1192-457b-9659-7314689e244b" />
      <TestMethod codeBase="D:\actions-runner\_work\XPCO\XPCO\Common\VideoOS.Telemetry\tst\VideoOS.Telemetry.UnitTests\bin\Debug\VideoOS.Telemetry.UnitTests.dll" adapterTypeName="executor://mstestadapter/v2" className="SmartClient_UnitTest.VideoOS.Shared.Telemetry.TelemetryManagerTests" name="Constructor_ShouldNotInitializeInternals_WhenTelemetryDisabled" />
    </UnitTest>
    <UnitTest name="TrackEvent_ShouldSendEvent" storage="d:\actions-runner\_work\xpco\xpco\common\videoos.telemetry\tst\videoos.telemetry.unittests\bin\debug\videoos.telemetry.unittests.dll" id="e454cb4f-e12d-72c4-4371-158bb9047d7b">
      <Execution id="76b292df-114b-4309-8920-d4531adb6688" />
      <TestMethod codeBase="D:\actions-runner\_work\XPCO\XPCO\Common\VideoOS.Telemetry\tst\VideoOS.Telemetry.UnitTests\bin\Debug\VideoOS.Telemetry.UnitTests.dll" adapterTypeName="executor://mstestadapter/v2" className="SmartClient_UnitTest.VideoOS.Shared.Telemetry.TelemetryManagerTests" name="TrackEvent_ShouldSendEvent" />
    </UnitTest>
    <UnitTest name="TrackAvailability_ShouldNotSendAvailability_WhenTelemetryDisabled" storage="d:\actions-runner\_work\xpco\xpco\common\videoos.telemetry\tst\videoos.telemetry.unittests\bin\debug\videoos.telemetry.unittests.dll" id="f7a13d89-609a-7de1-e14c-736775f8899b">
      <Execution id="c3f136b3-93da-4292-86bd-b438771c6a40" />
      <TestMethod codeBase="D:\actions-runner\_work\XPCO\XPCO\Common\VideoOS.Telemetry\tst\VideoOS.Telemetry.UnitTests\bin\Debug\VideoOS.Telemetry.UnitTests.dll" adapterTypeName="executor://mstestadapter/v2" className="SmartClient_UnitTest.VideoOS.Shared.Telemetry.TelemetryManagerTests" name="TrackAvailability_ShouldNotSendAvailability_WhenTelemetryDisabled" />
    </UnitTest>
    <UnitTest name="Constructors_ShouldNotAllowInjectionOfNullsOnThird" storage="d:\actions-runner\_work\xpco\xpco\common\videoos.telemetry\tst\videoos.telemetry.unittests\bin\debug\videoos.telemetry.unittests.dll" id="37a27a25-0d4e-24f7-9f7d-8b93e02ca786">
      <Execution id="1e5fa223-e450-4fab-b619-fa008e9a1f3f" />
      <TestMethod codeBase="D:\actions-runner\_work\XPCO\XPCO\Common\VideoOS.Telemetry\tst\VideoOS.Telemetry.UnitTests\bin\Debug\VideoOS.Telemetry.UnitTests.dll" adapterTypeName="executor://mstestadapter/v2" className="SmartClient_UnitTest.VideoOS.Shared.Telemetry.TelemetryManagerTests" name="Constructors_ShouldNotAllowInjectionOfNullsOnThird" />
    </UnitTest>
    <UnitTest name="TrackException_ShouldNotSendException_WhenTelemetryDisabled" storage="d:\actions-runner\_work\xpco\xpco\common\videoos.telemetry\tst\videoos.telemetry.unittests\bin\debug\videoos.telemetry.unittests.dll" id="1286ba90-da36-5a26-07bb-29c8c6ef5c94">
      <Execution id="76372d53-cdd8-4d06-91c4-b153b1e27528" />
      <TestMethod codeBase="D:\actions-runner\_work\XPCO\XPCO\Common\VideoOS.Telemetry\tst\VideoOS.Telemetry.UnitTests\bin\Debug\VideoOS.Telemetry.UnitTests.dll" adapterTypeName="executor://mstestadapter/v2" className="SmartClient_UnitTest.VideoOS.Shared.Telemetry.TelemetryManagerTests" name="TrackException_ShouldNotSendException_WhenTelemetryDisabled" />
    </UnitTest>
    <UnitTest name="TelemetryManager_ShouldUseTelemetryProcessors" storage="d:\actions-runner\_work\xpco\xpco\common\videoos.telemetry\tst\videoos.telemetry.unittests\bin\debug\videoos.telemetry.unittests.dll" id="e9dea091-077b-b539-3ef5-9e44a48088db">
      <Execution id="b75af0f9-1a8b-4b51-adbf-be68537961ad" />
      <TestMethod codeBase="D:\actions-runner\_work\XPCO\XPCO\Common\VideoOS.Telemetry\tst\VideoOS.Telemetry.UnitTests\bin\Debug\VideoOS.Telemetry.UnitTests.dll" adapterTypeName="executor://mstestadapter/v2" className="SmartClient_UnitTest.VideoOS.Shared.Telemetry.TelemetryManagerTests" name="TelemetryManager_ShouldUseTelemetryProcessors" />
    </UnitTest>
  </TestDefinitions>
  <TestEntries>
    <TestEntry testId="43b34480-5436-1a88-825a-540e784bf75e" executionId="d0de000b-0351-45fe-b8c9-0f992b6a7e8d" testListId="8c84fa94-04c1-424b-9868-57a2d4851a1d" />
    <TestEntry testId="f0e133f3-b449-ac09-8f3a-557aa6de76a3" executionId="d02f0d40-4407-4663-9591-3482edda72dd" testListId="8c84fa94-04c1-424b-9868-57a2d4851a1d" />
    <TestEntry testId="d0940dfa-cf70-bd53-09fb-ebd9fa7f9bc1" executionId="e191b7ba-2171-48ef-9922-5ae030f0d86d" testListId="8c84fa94-04c1-424b-9868-57a2d4851a1d" />
    <TestEntry testId="85bdbd4a-2249-0c4b-97ac-4a9916d2843b" executionId="f2fa4fbc-7737-4de1-b24c-6f1f3b1e8f32" testListId="8c84fa94-04c1-424b-9868-57a2d4851a1d" />
    <TestEntry testId="55fbc210-2c31-9a3d-576d-6ff084b8562a" executionId="4d69f532-0a60-4070-a4fe-d8e447cdd46e" testListId="8c84fa94-04c1-424b-9868-57a2d4851a1d" />
    <TestEntry testId="158ef29c-926a-edfe-4ae0-a139ae70c1db" executionId="e7281a83-0377-4616-8216-e55b714fd601" testListId="8c84fa94-04c1-424b-9868-57a2d4851a1d" />
    <TestEntry testId="97313488-6bd4-fb6c-4b96-4556d6d0398b" executionId="5e582ca4-24e5-4b3b-bb14-25c1f8256435" testListId="8c84fa94-04c1-424b-9868-57a2d4851a1d" />
    <TestEntry testId="4df70e09-ff8b-4360-f32f-0e1cfb55ffba" executionId="17db6f97-239f-4076-8da0-1cb95d8eb7a6" testListId="8c84fa94-04c1-424b-9868-57a2d4851a1d" />
    <TestEntry testId="33d3627e-d0f4-1ab0-4b5d-66835af6c7da" executionId="bcd7de0c-23a4-46dd-a2f9-d8a772dfb38d" testListId="8c84fa94-04c1-424b-9868-57a2d4851a1d" />
    <TestEntry testId="babdabeb-b84b-25f9-fbf1-34a0a95641b1" executionId="02501c89-7790-47e8-9ff1-fd42fe2b91b4" testListId="8c84fa94-04c1-424b-9868-57a2d4851a1d" />
    <TestEntry testId="48cd238d-c87b-9e9f-8fb4-bd7024bfbc5f" executionId="a1576099-7d88-41ac-9437-d32a92c06780" testListId="8c84fa94-04c1-424b-9868-57a2d4851a1d" />
    <TestEntry testId="7d24b3cf-b376-84d3-2042-a71294aa196d" executionId="99ca7de8-087c-4d7d-8e91-b3f266d240e4" testListId="8c84fa94-04c1-424b-9868-57a2d4851a1d" />
    <TestEntry testId="cd64a482-b814-c931-3c4c-e952d7043148" executionId="5871bcbd-b8ed-41ba-bafc-62119235a38f" testListId="8c84fa94-04c1-424b-9868-57a2d4851a1d" />
    <TestEntry testId="1286ba90-da36-5a26-07bb-29c8c6ef5c94" executionId="76372d53-cdd8-4d06-91c4-b153b1e27528" testListId="8c84fa94-04c1-424b-9868-57a2d4851a1d" />
    <TestEntry testId="769d429e-7f30-3d66-d569-ce0422e12caa" executionId="0c71e49d-f584-4259-ba8d-b41b240d81ac" testListId="8c84fa94-04c1-424b-9868-57a2d4851a1d" />
    <TestEntry testId="09e26043-7b9c-be54-1619-6bb191311ebd" executionId="e8eef888-1192-457b-9659-7314689e244b" testListId="8c84fa94-04c1-424b-9868-57a2d4851a1d" />
    <TestEntry testId="37a27a25-0d4e-24f7-9f7d-8b93e02ca786" executionId="1e5fa223-e450-4fab-b619-fa008e9a1f3f" testListId="8c84fa94-04c1-424b-9868-57a2d4851a1d" />
    <TestEntry testId="da610d60-4b6b-68b9-0c79-f6f2e4778391" executionId="405a0812-49ea-41cf-94ad-746c3539a944" testListId="8c84fa94-04c1-424b-9868-57a2d4851a1d" />
    <TestEntry testId="d4a6d38d-fc64-1923-b213-c87d9f255c2c" executionId="f6bf2a36-43c7-42c7-a5fa-9e10d5a04f11" testListId="8c84fa94-04c1-424b-9868-57a2d4851a1d" />
    <TestEntry testId="f376e332-0572-fdb5-982f-b6500b3dcc0c" executionId="3a118546-898b-48a3-a0ce-cf8da4747546" testListId="8c84fa94-04c1-424b-9868-57a2d4851a1d" />
    <TestEntry testId="4e7eed6e-10b1-0a96-9a02-cca6eef9b8e8" executionId="7084fc76-e8af-44cd-b032-e67898c4d9c7" testListId="8c84fa94-04c1-424b-9868-57a2d4851a1d" />
    <TestEntry testId="e9dea091-077b-b539-3ef5-9e44a48088db" executionId="b75af0f9-1a8b-4b51-adbf-be68537961ad" testListId="8c84fa94-04c1-424b-9868-57a2d4851a1d" />
    <TestEntry testId="e454cb4f-e12d-72c4-4371-158bb9047d7b" executionId="76b292df-114b-4309-8920-d4531adb6688" testListId="8c84fa94-04c1-424b-9868-57a2d4851a1d" />
    <TestEntry testId="42606fce-7d78-a485-6059-1229fe17f1e8" executionId="93e74d49-59de-45aa-803a-acb5f8a04141" testListId="8c84fa94-04c1-424b-9868-57a2d4851a1d" />
    <TestEntry testId="3e1b10c1-c657-5fb5-c501-a920f7ee9f71" executionId="d9776058-e203-4cd9-9b56-c5a5faceca0e" testListId="8c84fa94-04c1-424b-9868-57a2d4851a1d" />
    <TestEntry testId="f7a13d89-609a-7de1-e14c-736775f8899b" executionId="c3f136b3-93da-4292-86bd-b438771c6a40" testListId="8c84fa94-04c1-424b-9868-57a2d4851a1d" />
  </TestEntries>
  <TestLists>
    <TestList name="Results Not in a List" id="8c84fa94-04c1-424b-9868-57a2d4851a1d" />
    <TestList name="All Loaded Results" id="19431567-8539-422a-85d7-44ee4e166bda" />
  </TestLists>
  <ResultSummary outcome="Completed">
    <Counters total="26" executed="26" passed="26" failed="0" error="0" timeout="0" aborted="0" inconclusive="0" passedButRunAborted="0" notRunnable="0" notExecuted="0" disconnected="0" warning="0" completed="0" inProgress="0" pending="0" />
  </ResultSummary>
</TestRun>