<?xml version="1.0" encoding="utf-8"?>
<TestRun id="040e4958-73be-4563-8693-e7621c4b11d7" name="DKSR-EFI-06$@DKSR-EFI-06 2024-01-09 15:40:55" runUser="NT AUTHORITY\NETWORK SERVICE" xmlns="http://microsoft.com/schemas/VisualStudio/TeamTest/2010">
  <Times creation="2024-01-09T15:40:55.3203030+01:00" queuing="2024-01-09T15:40:55.3203030+01:00" start="2024-01-09T15:40:44.2265036+01:00" finish="2024-01-09T15:40:58.9453276+01:00" />
  <TestSettings name="default" id="f0770e1e-e889-4244-a4e7-cfc305a692b8">
    <Deployment runDeploymentRoot="DKSR-EFI-06$_DKSR-EFI-06_2024-01-09_15_40_55" />
  </TestSettings>
  <Results>
    <UnitTestResult executionId="1016dfa5-449b-4f2a-9305-e472f2e7b9b8" testId="2c4111cb-8bdb-ff12-e59c-5838e13971c9" testName="HandleException_ShouldReturnTrue_WhenArgumentIsCommonCommandFaultException" computerName="DKSR-EFI-06" duration="00:00:00.0009178" startTime="2024-01-09T15:40:54.7265512+01:00" endTime="2024-01-09T15:40:54.7421779+01:00" testType="13cdc9d9-ddb5-4fa4-a97d-d965ccfc6d4b" outcome="Passed" testListId="8c84fa94-04c1-424b-9868-57a2d4851a1d" relativeResultsDirectory="1016dfa5-449b-4f2a-9305-e472f2e7b9b8" />
    <UnitTestResult executionId="f3d74dc8-a345-4fa9-a395-ede379da6be0" testId="8b219a5f-213c-600e-e58f-4d3230e776cc" testName="HandleException_ShouldReturnTrue_WhenArgumentIsTimeoutException" computerName="DKSR-EFI-06" duration="00:00:00.3251406" startTime="2024-01-09T15:40:54.3046738+01:00" endTime="2024-01-09T15:40:54.6328035+01:00" testType="13cdc9d9-ddb5-4fa4-a97d-d965ccfc6d4b" outcome="Passed" testListId="8c84fa94-04c1-424b-9868-57a2d4851a1d" relativeResultsDirectory="f3d74dc8-a345-4fa9-a395-ede379da6be0" />
    <UnitTestResult executionId="c24be4c9-a3b4-4ecb-a16b-c95114c73518" testId="7b2b6c46-ae60-f91a-17b9-500c095310d7" testName="ExcludeFromAboutBox_ShouldReturnTrue_WhenCalled" computerName="DKSR-EFI-06" duration="00:00:00.2979323" startTime="2024-01-09T15:40:53.8515488+01:00" endTime="2024-01-09T15:40:54.2421739+01:00" testType="13cdc9d9-ddb5-4fa4-a97d-d965ccfc6d4b" outcome="Passed" testListId="8c84fa94-04c1-424b-9868-57a2d4851a1d" relativeResultsDirectory="c24be4c9-a3b4-4ecb-a16b-c95114c73518" />
    <UnitTestResult executionId="032253dc-fc43-4f95-b459-9a8936057ef7" testId="1fbae8a0-2536-7c8b-9d3e-537f2b3efdd9" testName="HandleException_ShouldReturnTrue_WhenArgumentIsCommunicationException" computerName="DKSR-EFI-06" duration="00:00:00.0011749" startTime="2024-01-09T15:40:54.7265512+01:00" endTime="2024-01-09T15:40:54.7265512+01:00" testType="13cdc9d9-ddb5-4fa4-a97d-d965ccfc6d4b" outcome="Passed" testListId="8c84fa94-04c1-424b-9868-57a2d4851a1d" relativeResultsDirectory="032253dc-fc43-4f95-b459-9a8936057ef7" />
    <UnitTestResult executionId="568c7c3f-5d77-42be-9916-8b00878ea408" testId="e9a0c6a6-fa61-f3dc-da3c-2e399d9a8202" testName="GetAccessControlSystemManager_ShouldHaveSameID_WhenICallGetAccessControlSystemManagerWithNonNullValues" computerName="DKSR-EFI-06" duration="00:00:00.0007564" startTime="2024-01-09T15:40:55.5234310+01:00" endTime="2024-01-09T15:40:55.5390554+01:00" testType="13cdc9d9-ddb5-4fa4-a97d-d965ccfc6d4b" outcome="Passed" testListId="8c84fa94-04c1-424b-9868-57a2d4851a1d" relativeResultsDirectory="568c7c3f-5d77-42be-9916-8b00878ea408" />
    <UnitTestResult executionId="70135f4d-aa1e-429d-b3f6-16226254a9ac" testId="705e356b-8940-384f-655d-7d3ce75cdb17" testName="GetAccessControlSystemManager_ShouldNotBeEqual_WhenICallGetAccessControlSystemManagerWithNonNullValues" computerName="DKSR-EFI-06" duration="00:00:00.0003445" startTime="2024-01-09T15:40:55.5390554+01:00" endTime="2024-01-09T15:40:55.5390554+01:00" testType="13cdc9d9-ddb5-4fa4-a97d-d965ccfc6d4b" outcome="Passed" testListId="8c84fa94-04c1-424b-9868-57a2d4851a1d" relativeResultsDirectory="70135f4d-aa1e-429d-b3f6-16226254a9ac" />
    <UnitTestResult executionId="16e71eb1-dff7-4517-870b-5a0b2468a2b9" testId="9a14a061-e745-3d91-8c10-2261249d4fa9" testName="ExcludeFromAboutBox_ShouldReturnTrue_WhenCalled" computerName="DKSR-EFI-06" duration="00:00:00.0002112" startTime="2024-01-09T15:40:58.0703228+01:00" endTime="2024-01-09T15:40:58.0703228+01:00" testType="13cdc9d9-ddb5-4fa4-a97d-d965ccfc6d4b" outcome="Passed" testListId="8c84fa94-04c1-424b-9868-57a2d4851a1d" relativeResultsDirectory="16e71eb1-dff7-4517-870b-5a0b2468a2b9" />
    <UnitTestResult executionId="412982bb-2b0b-4f9b-b3ae-a0b3bf8b079b" testId="97ca70a3-0067-2fa6-dab6-8a2a2696eb29" testName="Deselected_ShouldSetHasConfigurationChangesToFalse_WhenSomeConfigarationChangesPendingIsTrue" computerName="DKSR-EFI-06" duration="00:00:02.5195130" startTime="2024-01-09T15:40:55.5390554+01:00" endTime="2024-01-09T15:40:58.0703228+01:00" testType="13cdc9d9-ddb5-4fa4-a97d-d965ccfc6d4b" outcome="Passed" testListId="8c84fa94-04c1-424b-9868-57a2d4851a1d" relativeResultsDirectory="412982bb-2b0b-4f9b-b3ae-a0b3bf8b079b" />
    <UnitTestResult executionId="a01019b9-f32c-4e34-85bf-3fbdb41ab1ff" testId="a3d1370e-10e1-af9e-4826-7b722f5714de" testName="HandleException_ShouldReturnFalse_WhenArgumentIsException" computerName="DKSR-EFI-06" duration="00:00:00.0033573" startTime="2024-01-09T15:40:54.7421779+01:00" endTime="2024-01-09T15:40:54.7421779+01:00" testType="13cdc9d9-ddb5-4fa4-a97d-d965ccfc6d4b" outcome="Passed" testListId="8c84fa94-04c1-424b-9868-57a2d4851a1d" relativeResultsDirectory="a01019b9-f32c-4e34-85bf-3fbdb41ab1ff" />
    <UnitTestResult executionId="6249f1e0-8cc6-442b-ab78-7f8b9f2a92c0" testId="942e5e96-8a63-6722-efbe-6f6814a771b8" testName="GetAccessControlSystemManagerClone_ShouldNotBeSame_WhenICallThisFunctionWithNonNullAccessControlSystemManager" computerName="DKSR-EFI-06" duration="00:00:00.0006647" startTime="2024-01-09T15:40:55.5234310+01:00" endTime="2024-01-09T15:40:55.5234310+01:00" testType="13cdc9d9-ddb5-4fa4-a97d-d965ccfc6d4b" outcome="Passed" testListId="8c84fa94-04c1-424b-9868-57a2d4851a1d" relativeResultsDirectory="6249f1e0-8cc6-442b-ab78-7f8b9f2a92c0" />
    <UnitTestResult executionId="19d00b80-be29-46dd-ba71-b9181e04cec8" testId="3c9291bc-9b6c-67ec-29ed-f3e60cf579dc" testName="GetAccessControlSystemManagerClone_ShouldHaveSameID_WhenICallThisFunctionWithNonNullAccessControlSystemManager" computerName="DKSR-EFI-06" duration="00:00:00.4569365" startTime="2024-01-09T15:40:54.7421779+01:00" endTime="2024-01-09T15:40:55.5078048+01:00" testType="13cdc9d9-ddb5-4fa4-a97d-d965ccfc6d4b" outcome="Passed" testListId="8c84fa94-04c1-424b-9868-57a2d4851a1d" relativeResultsDirectory="19d00b80-be29-46dd-ba71-b9181e04cec8" />
    <UnitTestResult executionId="575d1fc0-1d64-4e2e-8eaa-992563765c5e" testId="35846c0b-68e8-1675-a4c7-849a33b78682" testName="AddAccessControlSystemManagerToAccessControlSystemManagersDictionary_ShouldAddAccessControlSystemManagerToTheDictionary_WhenICallThisFunctionWithNonNullValues" computerName="DKSR-EFI-06" duration="00:00:00.0012380" startTime="2024-01-09T15:40:55.5234310+01:00" endTime="2024-01-09T15:40:55.5234310+01:00" testType="13cdc9d9-ddb5-4fa4-a97d-d965ccfc6d4b" outcome="Passed" testListId="8c84fa94-04c1-424b-9868-57a2d4851a1d" relativeResultsDirectory="575d1fc0-1d64-4e2e-8eaa-992563765c5e" />
  </Results>
  <TestDefinitions>
    <UnitTest name="GetAccessControlSystemManager_ShouldNotBeEqual_WhenICallGetAccessControlSystemManagerWithNonNullValues" storage="d:\actions-runner\_work\xpco\xpco\accesscontrol\plugin\videoos.accesscontrol.plugin.unittest\bin\debug\videoos.accesscontrol.plugin.unittest.dll" id="705e356b-8940-384f-655d-7d3ce75cdb17">
      <Execution id="70135f4d-aa1e-429d-b3f6-16226254a9ac" />
      <TestMethod codeBase="D:\actions-runner\_work\XPCO\XPCO\AccessControl\Plugin\VideoOS.AccessControl.Plugin.UnitTest\bin\Debug\VideoOS.AccessControl.Plugin.UnitTest.dll" adapterTypeName="executor://mstestadapter/v1" className="VideoOS.AccessControl.Plugin.UnitTest.AccessControlPlugInItemManagerTests" name="GetAccessControlSystemManager_ShouldNotBeEqual_WhenICallGetAccessControlSystemManagerWithNonNullValues" />
    </UnitTest>
    <UnitTest name="HandleException_ShouldReturnFalse_WhenArgumentIsException" storage="d:\actions-runner\_work\xpco\xpco\accesscontrol\plugin\videoos.accesscontrol.plugin.unittest\bin\debug\videoos.accesscontrol.plugin.unittest.dll" id="a3d1370e-10e1-af9e-4826-7b722f5714de">
      <Execution id="a01019b9-f32c-4e34-85bf-3fbdb41ab1ff" />
      <TestMethod codeBase="D:\actions-runner\_work\XPCO\XPCO\AccessControl\Plugin\VideoOS.AccessControl.Plugin.UnitTest\bin\Debug\VideoOS.AccessControl.Plugin.UnitTest.dll" adapterTypeName="executor://mstestadapter/v1" className="VideoOS.AccessControl.Plugin.UnitTest.AccessControlClientExceptionHandlerTests" name="HandleException_ShouldReturnFalse_WhenArgumentIsException" />
    </UnitTest>
    <UnitTest name="Deselected_ShouldSetHasConfigurationChangesToFalse_WhenSomeConfigarationChangesPendingIsTrue" storage="d:\actions-runner\_work\xpco\xpco\accesscontrol\plugin\videoos.accesscontrol.plugin.unittest\bin\debug\videoos.accesscontrol.plugin.unittest.dll" id="97ca70a3-0067-2fa6-dab6-8a2a2696eb29">
      <Execution id="412982bb-2b0b-4f9b-b3ae-a0b3bf8b079b" />
      <TestMethod codeBase="D:\actions-runner\_work\XPCO\XPCO\AccessControl\Plugin\VideoOS.AccessControl.Plugin.UnitTest\bin\Debug\VideoOS.AccessControl.Plugin.UnitTest.dll" adapterTypeName="executor://mstestadapter/v1" className="VideoOS.AccessControl.Plugin.UnitTest.UI.DetailUserControlsTests.AccessControlDetailUserControlTests" name="Deselected_ShouldSetHasConfigurationChangesToFalse_WhenSomeConfigarationChangesPendingIsTrue" />
    </UnitTest>
    <UnitTest name="HandleException_ShouldReturnTrue_WhenArgumentIsCommunicationException" storage="d:\actions-runner\_work\xpco\xpco\accesscontrol\plugin\videoos.accesscontrol.plugin.unittest\bin\debug\videoos.accesscontrol.plugin.unittest.dll" id="1fbae8a0-2536-7c8b-9d3e-537f2b3efdd9">
      <Execution id="032253dc-fc43-4f95-b459-9a8936057ef7" />
      <TestMethod codeBase="D:\actions-runner\_work\XPCO\XPCO\AccessControl\Plugin\VideoOS.AccessControl.Plugin.UnitTest\bin\Debug\VideoOS.AccessControl.Plugin.UnitTest.dll" adapterTypeName="executor://mstestadapter/v1" className="VideoOS.AccessControl.Plugin.UnitTest.AccessControlClientExceptionHandlerTests" name="HandleException_ShouldReturnTrue_WhenArgumentIsCommunicationException" />
    </UnitTest>
    <UnitTest name="ExcludeFromAboutBox_ShouldReturnTrue_WhenCalled" storage="d:\actions-runner\_work\xpco\xpco\accesscontrol\plugin\videoos.accesscontrol.plugin.unittest\bin\debug\videoos.accesscontrol.plugin.unittest.dll" id="7b2b6c46-ae60-f91a-17b9-500c095310d7">
      <Execution id="c24be4c9-a3b4-4ecb-a16b-c95114c73518" />
      <TestMethod codeBase="D:\actions-runner\_work\XPCO\XPCO\AccessControl\Plugin\VideoOS.AccessControl.Plugin.UnitTest\bin\Debug\VideoOS.AccessControl.Plugin.UnitTest.dll" adapterTypeName="executor://mstestadapter/v1" className="VideoOS.AccessControl.Plugin.UnitTest.AccessControlAdminPluginDefinitionTests" name="ExcludeFromAboutBox_ShouldReturnTrue_WhenCalled" />
    </UnitTest>
    <UnitTest name="GetAccessControlSystemManagerClone_ShouldNotBeSame_WhenICallThisFunctionWithNonNullAccessControlSystemManager" storage="d:\actions-runner\_work\xpco\xpco\accesscontrol\plugin\videoos.accesscontrol.plugin.unittest\bin\debug\videoos.accesscontrol.plugin.unittest.dll" id="942e5e96-8a63-6722-efbe-6f6814a771b8">
      <Execution id="6249f1e0-8cc6-442b-ab78-7f8b9f2a92c0" />
      <TestMethod codeBase="D:\actions-runner\_work\XPCO\XPCO\AccessControl\Plugin\VideoOS.AccessControl.Plugin.UnitTest\bin\Debug\VideoOS.AccessControl.Plugin.UnitTest.dll" adapterTypeName="executor://mstestadapter/v1" className="VideoOS.AccessControl.Plugin.UnitTest.AccessControlPlugInItemManagerTests" name="GetAccessControlSystemManagerClone_ShouldNotBeSame_WhenICallThisFunctionWithNonNullAccessControlSystemManager" />
    </UnitTest>
    <UnitTest name="HandleException_ShouldReturnTrue_WhenArgumentIsCommonCommandFaultException" storage="d:\actions-runner\_work\xpco\xpco\accesscontrol\plugin\videoos.accesscontrol.plugin.unittest\bin\debug\videoos.accesscontrol.plugin.unittest.dll" id="2c4111cb-8bdb-ff12-e59c-5838e13971c9">
      <Execution id="1016dfa5-449b-4f2a-9305-e472f2e7b9b8" />
      <TestMethod codeBase="D:\actions-runner\_work\XPCO\XPCO\AccessControl\Plugin\VideoOS.AccessControl.Plugin.UnitTest\bin\Debug\VideoOS.AccessControl.Plugin.UnitTest.dll" adapterTypeName="executor://mstestadapter/v1" className="VideoOS.AccessControl.Plugin.UnitTest.AccessControlClientExceptionHandlerTests" name="HandleException_ShouldReturnTrue_WhenArgumentIsCommonCommandFaultException" />
    </UnitTest>
    <UnitTest name="GetAccessControlSystemManager_ShouldHaveSameID_WhenICallGetAccessControlSystemManagerWithNonNullValues" storage="d:\actions-runner\_work\xpco\xpco\accesscontrol\plugin\videoos.accesscontrol.plugin.unittest\bin\debug\videoos.accesscontrol.plugin.unittest.dll" id="e9a0c6a6-fa61-f3dc-da3c-2e399d9a8202">
      <Execution id="568c7c3f-5d77-42be-9916-8b00878ea408" />
      <TestMethod codeBase="D:\actions-runner\_work\XPCO\XPCO\AccessControl\Plugin\VideoOS.AccessControl.Plugin.UnitTest\bin\Debug\VideoOS.AccessControl.Plugin.UnitTest.dll" adapterTypeName="executor://mstestadapter/v1" className="VideoOS.AccessControl.Plugin.UnitTest.AccessControlPlugInItemManagerTests" name="GetAccessControlSystemManager_ShouldHaveSameID_WhenICallGetAccessControlSystemManagerWithNonNullValues" />
    </UnitTest>
    <UnitTest name="AddAccessControlSystemManagerToAccessControlSystemManagersDictionary_ShouldAddAccessControlSystemManagerToTheDictionary_WhenICallThisFunctionWithNonNullValues" storage="d:\actions-runner\_work\xpco\xpco\accesscontrol\plugin\videoos.accesscontrol.plugin.unittest\bin\debug\videoos.accesscontrol.plugin.unittest.dll" id="35846c0b-68e8-1675-a4c7-849a33b78682">
      <Execution id="575d1fc0-1d64-4e2e-8eaa-992563765c5e" />
      <TestMethod codeBase="D:\actions-runner\_work\XPCO\XPCO\AccessControl\Plugin\VideoOS.AccessControl.Plugin.UnitTest\bin\Debug\VideoOS.AccessControl.Plugin.UnitTest.dll" adapterTypeName="executor://mstestadapter/v1" className="VideoOS.AccessControl.Plugin.UnitTest.AccessControlPlugInItemManagerTests" name="AddAccessControlSystemManagerToAccessControlSystemManagersDictionary_ShouldAddAccessControlSystemManagerToTheDictionary_WhenICallThisFunctionWithNonNullValues" />
    </UnitTest>
    <UnitTest name="HandleException_ShouldReturnTrue_WhenArgumentIsTimeoutException" storage="d:\actions-runner\_work\xpco\xpco\accesscontrol\plugin\videoos.accesscontrol.plugin.unittest\bin\debug\videoos.accesscontrol.plugin.unittest.dll" id="8b219a5f-213c-600e-e58f-4d3230e776cc">
      <Execution id="f3d74dc8-a345-4fa9-a395-ede379da6be0" />
      <TestMethod codeBase="D:\actions-runner\_work\XPCO\XPCO\AccessControl\Plugin\VideoOS.AccessControl.Plugin.UnitTest\bin\Debug\VideoOS.AccessControl.Plugin.UnitTest.dll" adapterTypeName="executor://mstestadapter/v1" className="VideoOS.AccessControl.Plugin.UnitTest.AccessControlClientExceptionHandlerTests" name="HandleException_ShouldReturnTrue_WhenArgumentIsTimeoutException" />
    </UnitTest>
    <UnitTest name="ExcludeFromAboutBox_ShouldReturnTrue_WhenCalled" storage="d:\actions-runner\_work\xpco\xpco\accesscontrol\plugin\videoos.accesscontrol.plugin.unittest\bin\debug\videoos.accesscontrol.plugin.unittest.dll" id="9a14a061-e745-3d91-8c10-2261249d4fa9">
      <Execution id="16e71eb1-dff7-4517-870b-5a0b2468a2b9" />
      <TestMethod codeBase="D:\actions-runner\_work\XPCO\XPCO\AccessControl\Plugin\VideoOS.AccessControl.Plugin.UnitTest\bin\Debug\VideoOS.AccessControl.Plugin.UnitTest.dll" adapterTypeName="executor://mstestadapter/v1" className="VideoOS.AccessControl.Plugin.UnitTest.ItemIntegration.PlugInDefinitionTests" name="ExcludeFromAboutBox_ShouldReturnTrue_WhenCalled" />
    </UnitTest>
    <UnitTest name="GetAccessControlSystemManagerClone_ShouldHaveSameID_WhenICallThisFunctionWithNonNullAccessControlSystemManager" storage="d:\actions-runner\_work\xpco\xpco\accesscontrol\plugin\videoos.accesscontrol.plugin.unittest\bin\debug\videoos.accesscontrol.plugin.unittest.dll" id="3c9291bc-9b6c-67ec-29ed-f3e60cf579dc">
      <Execution id="19d00b80-be29-46dd-ba71-b9181e04cec8" />
      <TestMethod codeBase="D:\actions-runner\_work\XPCO\XPCO\AccessControl\Plugin\VideoOS.AccessControl.Plugin.UnitTest\bin\Debug\VideoOS.AccessControl.Plugin.UnitTest.dll" adapterTypeName="executor://mstestadapter/v1" className="VideoOS.AccessControl.Plugin.UnitTest.AccessControlPlugInItemManagerTests" name="GetAccessControlSystemManagerClone_ShouldHaveSameID_WhenICallThisFunctionWithNonNullAccessControlSystemManager" />
    </UnitTest>
  </TestDefinitions>
  <TestEntries>
    <TestEntry testId="2c4111cb-8bdb-ff12-e59c-5838e13971c9" executionId="1016dfa5-449b-4f2a-9305-e472f2e7b9b8" testListId="8c84fa94-04c1-424b-9868-57a2d4851a1d" />
    <TestEntry testId="8b219a5f-213c-600e-e58f-4d3230e776cc" executionId="f3d74dc8-a345-4fa9-a395-ede379da6be0" testListId="8c84fa94-04c1-424b-9868-57a2d4851a1d" />
    <TestEntry testId="7b2b6c46-ae60-f91a-17b9-500c095310d7" executionId="c24be4c9-a3b4-4ecb-a16b-c95114c73518" testListId="8c84fa94-04c1-424b-9868-57a2d4851a1d" />
    <TestEntry testId="1fbae8a0-2536-7c8b-9d3e-537f2b3efdd9" executionId="032253dc-fc43-4f95-b459-9a8936057ef7" testListId="8c84fa94-04c1-424b-9868-57a2d4851a1d" />
    <TestEntry testId="e9a0c6a6-fa61-f3dc-da3c-2e399d9a8202" executionId="568c7c3f-5d77-42be-9916-8b00878ea408" testListId="8c84fa94-04c1-424b-9868-57a2d4851a1d" />
    <TestEntry testId="705e356b-8940-384f-655d-7d3ce75cdb17" executionId="70135f4d-aa1e-429d-b3f6-16226254a9ac" testListId="8c84fa94-04c1-424b-9868-57a2d4851a1d" />
    <TestEntry testId="9a14a061-e745-3d91-8c10-2261249d4fa9" executionId="16e71eb1-dff7-4517-870b-5a0b2468a2b9" testListId="8c84fa94-04c1-424b-9868-57a2d4851a1d" />
    <TestEntry testId="97ca70a3-0067-2fa6-dab6-8a2a2696eb29" executionId="412982bb-2b0b-4f9b-b3ae-a0b3bf8b079b" testListId="8c84fa94-04c1-424b-9868-57a2d4851a1d" />
    <TestEntry testId="a3d1370e-10e1-af9e-4826-7b722f5714de" executionId="a01019b9-f32c-4e34-85bf-3fbdb41ab1ff" testListId="8c84fa94-04c1-424b-9868-57a2d4851a1d" />
    <TestEntry testId="942e5e96-8a63-6722-efbe-6f6814a771b8" executionId="6249f1e0-8cc6-442b-ab78-7f8b9f2a92c0" testListId="8c84fa94-04c1-424b-9868-57a2d4851a1d" />
    <TestEntry testId="3c9291bc-9b6c-67ec-29ed-f3e60cf579dc" executionId="19d00b80-be29-46dd-ba71-b9181e04cec8" testListId="8c84fa94-04c1-424b-9868-57a2d4851a1d" />
    <TestEntry testId="35846c0b-68e8-1675-a4c7-849a33b78682" executionId="575d1fc0-1d64-4e2e-8eaa-992563765c5e" testListId="8c84fa94-04c1-424b-9868-57a2d4851a1d" />
  </TestEntries>
  <TestLists>
    <TestList name="Results Not in a List" id="8c84fa94-04c1-424b-9868-57a2d4851a1d" />
    <TestList name="All Loaded Results" id="19431567-8539-422a-85d7-44ee4e166bda" />
  </TestLists>
  <ResultSummary outcome="Completed">
    <Counters total="12" executed="12" passed="12" failed="0" error="0" timeout="0" aborted="0" inconclusive="0" passedButRunAborted="0" notRunnable="0" notExecuted="0" disconnected="0" warning="0" completed="0" inProgress="0" pending="0" />
  </ResultSummary>
</TestRun>